08-06 16:15:24.266  3503  7640 I WindowManager: Display id 0 rotation changed to ROTATION_90 (1) from ROTATION_0 (0), lastOrientation = SCREEN_ORIENTATION_SENSOR_LANDSCAPE (6) lastOrientationSource = ActivityRecord{ee1b697 u0 com.stark.model_loading/.ZigSDLActivity t1362}
08-06 16:15:24.269  3503  6781 D OplusStartingWindowManager: isLayerMatchToStartingWindow , activityHasSurfaceView:true, isLayerMatchToRecord:true, isSurfaceViewLayer:true, layerName:SurfaceView[com.stark.model_loading/com.stark.model_loading.ZigSDLActivity](BLAST)#6410, mStartingRecords:[UniqueWeakReference@614f8a[null], UniqueWeakReference@9008593[null], UniqueWeakReference@b872e32[null], UniqueWeakReference@5501f38[null], UniqueWeakReference@2272ca4[null], UniqueWeakReference@db28e56[null], ActivityRecord{ee1b697 u0 com.stark.model_loading/.ZigSDLActivity t1362}]
08-06 16:15:24.282  3503  7640 W WindowManager: Finish fixed rotation transform of ActivityRecord{ee1b697 u0 com.stark.model_loading/.ZigSDLActivity t1362} applyDisplayRotation = com.android.server.wm.DisplayContent$$ExternalSyntheticLambda9@ff6ef1c; callers:com.android.server.wm.DisplayContent.applyRotationAndFinishFixedRotation:7640 com.android.server.wm.DisplayContent.onRequestedOverrideConfigurationChanged:7602 com.android.server.wm.DisplayContent.performDisplayOverrideConfigUpdate:7575 com.android.server.wm.RootWindowContainer.dispatchConfigurationToChild:700 com.android.server.wm.RootWindowContainer.dispatchConfigurationToChild:213 com.android.server.wm.ConfigurationContainer.onConfigurationChanged:170 
08-06 16:15:24.283  3503  7640 E OplusAppQuickStart_AppQuickStartingSurface: rotateStartingSurfaceIfNeed mOriginalRotation=0,newRotation=1,OplusAppQuickStartingSurface{mSurfaceControl=Surface(name=OplusStartingSurface)/@0x6c490f0, @parent:Surface(name=Task=1362)/@0xf7b0669, @request:Task{24db0c5 #1362 type=standard A=10457:com.stark.model_loading}Rect(0, 0 - 1080, 2412), @type:2, shared:false, mActivityRecord=ActivityRecord{ee1b697 u0 com.stark.model_loading/.ZigSDLActivity t1362}, mTask=Task{24db0c5 #1362 type=standard A=10457:com.stark.model_loading}, mStartFromRecents=true, mStartFromSlide=false, mIsMovingToBack=true}
08-06 16:15:24.285  3503  7640 D FlexibleTaskController: changeConfigForFlexibleTask for this task is not flexible:Task{24db0c5 #1362 type=standard A=10457:com.stark.model_loading}
08-06 16:15:24.291  3503  6781 D OplusStartingWindowManager: notifyRemoveDelayedStartingWindow layerName=SurfaceView[com.stark.model_loading/com.stark.model_loading.ZigSDLActivity](BLAST)#6410, mStartingSurfaceRunnable=null
08-06 16:15:24.292  3503  9844 D WindowManager: NFW_findFocusedWindowIfNeeded:Window{732674b u0 com.stark.model_loading/com.stark.model_loading.ZigSDLActivity} mCurrentFocus:Window{732674b u0 com.stark.model_loading/com.stark.model_loading.ZigSDLActivity}
08-06 16:15:24.297  3503  3749 D OplusTransitionController: onSyncFinishedDrawing, Window{88afa52 u0 Splash Screen com.stark.model_loading}
08-06 16:15:24.297  3503  3749 D Transition: collectOrderChanges onTopTasksEnd: [Task{24db0c5 #1362 type=standard A=10457:com.stark.model_loading}], reportedOnTop:null, mOnTopTasksStart: [Task{24db0c5 #1362 type=standard A=10457:com.stark.model_loading}], TDA child: [Task{a1883fb #2 type=undefined}, Task{6c528fa #1 type=home}, Task{24db0c5 #1362 type=standard A=10457:com.stark.model_loading}]
08-06 16:15:24.297  3503  3749 D OplusFlexibleActivityTransitionManager: fixTransitType type result:6, targets: [Task{24db0c5 #1362 type=standard A=10457:com.stark.model_loading}, DefaultTaskDisplayArea@106045304, OneHanded:0:14@197691319, Display{#0 state=ON size=2412x1080 ROTATION_90}]
08-06 16:15:24.302  3503  3749 D OplusTransitionController:  info: {id=565 t=CHANGE f=0x0 trk=0 r=[0@Point(0, 0)] c=[{WCT{RemoteToken{21dae34 Task{24db0c5 #1362 type=standard A=10457:com.stark.model_loading}}} m=CHANGE f=NONE p=WCT{RemoteToken{3a052b3 DefaultTaskDisplayArea@106045304}} leash=Surface(name=Task=1362)/@0xf7b0669 sb=Rect(0, 0 - 1080, 2412) eb=Rect(0, 0 - 2412, 1080) d=0 r=0->1:0 taskParent=-1},{WCT{RemoteToken{3a052b3 DefaultTaskDisplayArea@106045304}} m=CHANGE f=NONE p=WCT{RemoteToken{aaf4b9f OneHanded:0:14@197691319}} leash=Surface(name=DefaultTaskDisplayArea)/@0xda3afe9 sb=Rect(0, 0 - 1080, 2412) eb=Rect(0, 0 - 2412, 1080) d=0 r=0->1:-1},{WCT{RemoteToken{aaf4b9f OneHanded:0:14@197691319}} m=CHANGE f=NONE p=WCT{RemoteToken{ce03df9 Display{#0 state=ON size=2412x1080 ROTATION_90}}} leash=Surface(name=OneHanded:0:14)/@0x1a7d4ec sb=Rect(0, 0 - 1080, 2412) eb=Rect(0, 0 - 2412, 1080) d=0 r=0->1:-1},{WCT{RemoteToken{ce03df9 Display{#0 state=ON size=2412x1080 ROTATION_90}}} m=CHANGE f=IS_DISPLAY leash=Surface(name=WindowedMagnification:0:64)/@0x34d2c7e sb=Rect(0, 0 - 1080, 2412) eb=Rect(0, 0 - 2412, 1080) d=0 r=0->1:3}] extendInfo=[OplusTransitionExtendedInfo{mTmpFinishT=null, mInOplusCompatMode=false, mIsProcessRunning=false, mHasMismatchBoundsTarget=false, mRecentsController=null, mIsTranslucentActivityToHome=false, mAvoidInterceptKeyEventToHome=false, mIsFromHome=false, mParentLeash=null, mIsOplusAnimRes=false, mIsFromOverlay=false, mIsBalAllow=false, mTaskNotInRecent=false, mIsLaunchFromSpruce=false, mIsLaunchFromDrive=false, mAssistScreenShowing=false, mUserIdTransition=0, mInRemoteScene=false, mInPreReady=false, mPreStart=false, mToken=null, mShellApplyToken=null, mRequestTransitionTaskId=-1, mAbortTransitionOnShell=0, mTaskIdStartFromRecents=0, mTransitionId=565, mFoldChangeType=-1, mAnimStartingPosition=[0, 0, 0, 0], mIsOpeningStkDialogActivity=false, mIsNeedApplyStartTForEmbedded=false}]}, 
08-06 16:15:24.302  3503  3749 D OplusTransitionController:  targets : [Task{24db0c5 #1362 type=standard A=10457:com.stark.model_loading}, DefaultTaskDisplayArea@106045304, OneHanded:0:14@197691319, Display{#0 state=ON size=2412x1080 ROTATION_90}], 
08-06 16:15:24.302  3503  3749 D OplusTransitionController:  participants: {Task{24db0c5 #1362 type=standard A=10457:com.stark.model_loading}, Display{#0 state=ON size=2412x1080 ROTATION_90}}, 
08-06 16:15:24.305  3503  3746 V WindowManager:         {WCT{RemoteToken{21dae34 Task{24db0c5 #1362 type=standard A=10457:com.stark.model_loading}}} m=CHANGE f=NONE p=WCT{RemoteToken{3a052b3 DefaultTaskDisplayArea@106045304}} leash=Surface(name=Task=1362)/@0xf7b0669 sb=Rect(0, 0 - 1080, 2412) eb=Rect(0, 0 - 2412, 1080) d=0 r=0->1:0 taskParent=-1},
08-06 16:15:24.307  3503  9844 D WindowManager: NFW_findFocusedWindowIfNeeded:Window{732674b u0 com.stark.model_loading/com.stark.model_loading.ZigSDLActivity} mCurrentFocus:Window{732674b u0 com.stark.model_loading/com.stark.model_loading.ZigSDLActivity}
08-06 16:15:24.311  3503  7640 D WindowManager: NFW_findFocusedWindowIfNeeded:Window{732674b u0 com.stark.model_loading/com.stark.model_loading.ZigSDLActivity} mCurrentFocus:Window{732674b u0 com.stark.model_loading/com.stark.model_loading.ZigSDLActivity}
08-06 16:15:24.320  3503  7640 W PackageConfigPersister: App-specific configuration not found for packageName: com.stark.model_loading and userId: 0
08-06 16:15:24.328  3503  3749 D WindowManager: NFW_findFocusedWindowIfNeeded:Window{732674b u0 com.stark.model_loading/com.stark.model_loading.ZigSDLActivity} mCurrentFocus:Window{732674b u0 com.stark.model_loading/com.stark.model_loading.ZigSDLActivity}
08-06 16:15:24.338  3503 12682 D WindowManager: NFW_findFocusedWindowIfNeeded:Window{732674b u0 com.stark.model_loading/com.stark.model_loading.ZigSDLActivity} mCurrentFocus:Window{732674b u0 com.stark.model_loading/com.stark.model_loading.ZigSDLActivity}
08-06 16:15:24.347  3503  6784 D WindowManager: NFW_findFocusedWindowIfNeeded:Window{732674b u0 com.stark.model_loading/com.stark.model_loading.ZigSDLActivity} mCurrentFocus:Window{732674b u0 com.stark.model_loading/com.stark.model_loading.ZigSDLActivity}
08-06 16:15:24.372  3503 12705 D WindowManager: NFW_findFocusedWindowIfNeeded:Window{732674b u0 com.stark.model_loading/com.stark.model_loading.ZigSDLActivity} mCurrentFocus:Window{732674b u0 com.stark.model_loading/com.stark.model_loading.ZigSDLActivity}
08-06 16:15:24.372  3503  9844 D WindowManagerServiceExtImpl: extractConfigInfoAndRealFlags rotation=1, screenDp=360, residentWS:0, scenario:0, bounds:2412, serverWinBounds:Rect(0, 0 - 2412, 1080), win=Window{88afa52 u0 Splash Screen com.stark.model_loading}
08-06 16:15:24.373  3503  9844 V WindowManager: Relayout Window{88afa52 u0 Splash Screen com.stark.model_loading}: viewVisibility=8, oldvis=0, req=2412x1080, vsysui=
08-06 16:15:24.376  3503  9844 D WindowManager: NFW_findFocusedWindowIfNeeded:Window{732674b u0 com.stark.model_loading/com.stark.model_loading.ZigSDLActivity} mCurrentFocus:Window{732674b u0 com.stark.model_loading/com.stark.model_loading.ZigSDLActivity}
08-06 16:15:24.380  3503  9844 D WindowManager: NFW_findFocusedWindowIfNeeded:Window{732674b u0 com.stark.model_loading/com.stark.model_loading.ZigSDLActivity} mCurrentFocus:Window{732674b u0 com.stark.model_loading/com.stark.model_loading.ZigSDLActivity}
08-06 16:15:24.382  3503  3751 D SurfaceAnimationRunner: onAnimationStart:Surface(name=Surface(name=88afa52 Splash Screen com.stark.model_loading)/@0x1c09bf3 - animation-leash of window_animation)/@0xf78a0b0
08-06 16:15:24.382  3503  7712 D WindowManager: NFW_findFocusedWindowIfNeeded:Window{732674b u0 com.stark.model_loading/com.stark.model_loading.ZigSDLActivity} mCurrentFocus:Window{732674b u0 com.stark.model_loading/com.stark.model_loading.ZigSDLActivity}
08-06 16:15:24.390  3503  6784 D CoreBackPreview: Window{88afa52 u0 Splash Screen com.stark.model_loading EXITING}: Setting back callback null
08-06 16:15:24.407  3503  7712 D OplusGameRotationService: updateControlPkg: Game list change to [com.stark.model_loading]
08-06 16:15:24.464  3503  3751 D SurfaceAnimationRunner: onAnimationEnd:Surface(name=Surface(name=88afa52 Splash Screen com.stark.model_loading)/@0x1c09bf3 - animation-leash of window_animation)/@0xf78a0b0
08-06 16:15:24.464  3503  3750 I WindowStateExtImpl: onSurfaceShowChange show = false mPackageName = com.stark.model_loading parentPkgName = com.stark.model_loading
08-06 16:15:24.465  3503  3750 I WindowManager: Window{88afa52 u0 Splash Screen com.stark.model_loading EXITING} state from HAS_DRAWN to NO_SURFACE; reason: destroySurface
08-06 16:15:24.965  3503 12705 D OplusGameRotationService: updateControlPkg: Game list change to [com.stark.model_loading]
08-06 16:15:25.600  3503 12705 D WindowManager: NFW_findFocusedWindowIfNeeded:Window{732674b u0 com.stark.model_loading/com.stark.model_loading.ZigSDLActivity} mCurrentFocus:Window{732674b u0 com.stark.model_loading/com.stark.model_loading.ZigSDLActivity}
08-06 16:15:25.949  3503  3750 D OplusAppQuickStart_AppQuickStartingSurface: timeout,remove it surfaceControl:Surface(name=OplusStartingSurface)/@0x6c490f0, @parent:Surface(name=Task=1362)/@0xf7b0669, @request:Task{24db0c5 #1362 type=standard A=10457:com.stark.model_loading}Rect(0, 0 - 2412, 1080), @type:2, shared:false
08-06 16:15:29.026  3503  6784 D OplusBatteryServiceFeature: setSmartCoolDown: coolDown = 3, normalCoolDown = 3, pkgName = com.stark.model_loading
08-06 16:15:29.033  3503  6784 D VRR [OPlusRefreshRateService]:  setFrameRateTargetControl [ 0.0 , com.stark.model_loading , false , com.oplus.battery ]
08-06 16:15:29.033  3503  6784 D VRR [OPlusExternalRefreshRateManager]:  [FRTC] FrameRate : 0 com.stark.model_loading false com.oplus.battery 0 1000
08-06 16:15:29.604  3503  7712 D WindowManager: NFW_findFocusedWindowIfNeeded:Window{732674b u0 com.stark.model_loading/com.stark.model_loading.ZigSDLActivity} mCurrentFocus:Window{732674b u0 com.stark.model_loading/com.stark.model_loading.ZigSDLActivity}
08-06 16:15:29.654  3503  7712 D WindowManager: NFW_findFocusedWindowIfNeeded:Window{732674b u0 com.stark.model_loading/com.stark.model_loading.ZigSDLActivity} mCurrentFocus:Window{732674b u0 com.stark.model_loading/com.stark.model_loading.ZigSDLActivity}
08-06 16:16:08.783  3503  4502 D ParsingPackageUtilsExtImpl: adjustXmlValidator skip verify tag packageName: com.stark.model_loading , bootCompleted: true
08-06 16:16:08.827  4532 14327 D ParsingPackageUtilsExtImpl: adjustXmlValidator skip verify tag packageName: com.stark.model_loading , bootCompleted: true
08-06 16:16:09.072  4532  4580 D ParsingPackageUtilsExtImpl: adjustXmlValidator skip verify tag packageName: com.stark.model_loading , bootCompleted: true
08-06 16:16:09.326  3503  3867 I WakeLockCheck: getAllTopPkgName: listTopPkg=[com.stark.model_loading], listTopPkgTmp=[OplusAppInfo{windowingMode=1, activityType=1, taskId=1362, appBounds=Rect(0, 0 - 2412, 1080), appInfo=ApplicationInfo{c335ddc com.stark.model_loading}, topActivity=ComponentInfo{com.stark.model_loading/com.stark.model_loading.ZigSDLActivity}, displayId=0, orientation=6, userId=0, launchedFromPackage=com.android.shell, isRootActivity=true, extension=Bundle[{isTaskEmbedded=false, launchScenario=0, flexible_split_support_multi_instance=false, isContainerTask=false, getRootActivity=ComponentInfo{com.stark.model_loading/com.stark.model_loading.ZigSDLActivity}, isInsensibleTask=false}]}]
08-06 16:16:09.414  3503  4298 D OplusPackageInstallInterceptManager: installStage send adb install pkg:com.stark.model_loading   path: /data/app/vmdl1473721932.tmp/base.apk installFlags:4194418
08-06 16:16:09.414  3503  4298 D PackageManager: installStage com.stark.model_loading, dir=/data/app/vmdl1473721932.tmp, installerPackageName=null, installerUid=2000, full=false
08-06 16:16:09.414  3503  4298 D PackageManager: installStage com.stark.model_loading0
08-06 16:16:09.426  3503  4042 D ParsingPackageUtilsExtImpl: adjustXmlValidator skip verify tag packageName: com.stark.model_loading , bootCompleted: true
08-06 16:16:09.441  3503  3771 I ActivityManager: Force stopping com.stark.model_loading appid=10457 user=-1: installPackageLI
08-06 16:16:09.442  3503  4042 I PackageManager: Update package com.stark.model_loading code path from /data/app/~~9RIV1rsxr8BbMaaUNWsDGg==/com.stark.model_loading-ix8zNnNcmXrCPwDbiTpe7Q== to /data/app/~~e4kkykJlKKOS1FZ9sIH_6Q==/com.stark.model_loading-aLGD-B8uHL9SXINS8t2wIA==; Retain data and using new
08-06 16:16:09.442  3503  4042 I AppsFilter: interaction: PackageSetting{af1f968 com.android.microdroid.empty_payload/10374} -> PackageSetting{bff97d1 com.stark.model_loading/10457} BLOCKED
08-06 16:16:09.442  3503  4042 I AppsFilter: interaction: PackageSetting{3cff39c com.oplus.locationproxy/10156} -> PackageSetting{bff97d1 com.stark.model_loading/10457} BLOCKED
08-06 16:16:09.443  3503  4042 I AppsFilter: interaction: PackageSetting{43b8740 com.android.certinstaller/10192} -> PackageSetting{bff97d1 com.stark.model_loading/10457} BLOCKED
08-06 16:16:09.443  3503  4042 I AppsFilter: interaction: PackageSetting{a79eac com.oplus.location/10199} -> PackageSetting{bff97d1 com.stark.model_loading/10457} BLOCKED
08-06 16:16:09.443  3503  4042 I AppsFilter: interaction: PackageSetting{b9f1c4e com.oplus.securitykeyboard/10159} -> PackageSetting{bff97d1 com.stark.model_loading/10457} BLOCKED
08-06 16:16:09.443  3503  4042 I AppsFilter: interaction: PackageSetting{af1f968 com.android.microdroid.empty_payload/10374} -> PackageSetting{6acb124 com.stark.model_loading/10457} BLOCKED
08-06 16:16:09.443  3503  4042 I AppsFilter: interaction: PackageSetting{3cff39c com.oplus.locationproxy/10156} -> PackageSetting{6acb124 com.stark.model_loading/10457} BLOCKED
08-06 16:16:09.443  3503  4042 I AppsFilter: interaction: PackageSetting{43b8740 com.android.certinstaller/10192} -> PackageSetting{6acb124 com.stark.model_loading/10457} BLOCKED
08-06 16:16:09.443  3503  4042 I AppsFilter: interaction: PackageSetting{a79eac com.oplus.location/10199} -> PackageSetting{6acb124 com.stark.model_loading/10457} BLOCKED
08-06 16:16:09.443  3503  4042 I AppsFilter: interaction: PackageSetting{b9f1c4e com.oplus.securitykeyboard/10159} -> PackageSetting{6acb124 com.stark.model_loading/10457} BLOCKED
08-06 16:16:09.443  3503  3762 I UserAwareMgr: process killed: {pkgName='com.stark.model_loading', processName='com.stark.model_loading', pid=13509, uid=10457, flags='tp', renderTid=13595, hwuiTids=[13640, 13644], glTids=null, threadInfos=null}
08-06 16:16:09.443  3503  3762 I UserAwareMgr: handleProcessKilled, pkgName: com.stark.model_loading, pid: 13509
08-06 16:16:09.444  3503  3771 I ActivityManager: Killing 13509:com.stark.model_loading/u0a457 (adj 0): stop com.stark.model_loading due to installPackageLI
08-06 16:16:09.448  3503  3771 W ActivityTaskManager: Force removing ActivityRecord{ee1b697 u0 com.stark.model_loading/.ZigSDLActivity t1362 f}}: app died, no saved state
08-06 16:16:09.450  6218  6312 V WindowManagerShell: Transition requested (#566): android.os.BinderProxy@fca3bc5 TransitionRequestInfo { type = CLOSE, triggerTask = TaskInfo{userId=0 taskId=1362 displayId=0 isRunning=false baseIntent=Intent { flg=0x10100000 cmp=com.stark.model_loading/.ZigSDLActivity mCallingUid=2000 } baseActivity=null topActivity=null origActivity=null realActivity=ComponentInfo{com.stark.model_loading/com.stark.model_loading.ZigSDLActivity} numActivities=0 lastActiveTime=40505235 supportsSplitScreenMultiWindow=true supportsMultiWindow=true supportsPocketStudioMultiWindow=true isInFlexibleEmbedded = false uid = -1 pid = -1 resizeMode=1 isResizeable=true minWidth=-1 minHeight=-1 defaultMinSize=220 token=WCT{android.window.IWindowContainerToken$Stub$Proxy@6afa91a} topActivityType=1 pictureInPictureParams=null shouldDockBigOverlays=false launchIntoPipHostTaskId=-1 lastParentTaskIdBeforePip=-1 displayCutoutSafeInsets=null topActivityInfo=null launchCookies=[] positionInParent=Point(0, 0) parentTaskId=-1 isFocused=true isVisible=true isVisibleRequested=true isSleeping=false locusId=null displayAreaFeatureId=1 isTopActivityTransparent=false appCompatTaskInfo=AppCompatTaskInfo { topActivityInSizeCompat=false topActivityInOplusCompatMode=false topActivityEligibleForLetterboxEducation= falseisLetterboxEducationEnabled= false isLetterboxDoubleTapEnabled= false topActivityEligibleForUserAspectRatioButton= false topActivityBoundsLetterboxed= false isFromLetterboxDoubleTap= false topActivityLetterboxVerticalPosition= -1 topActivityLetterboxHorizontalPosition= -1 topActivityLetterboxWidth=-1 topActivityLetterboxHeight=-1 isUserFullscreenOverrideEnabled=false isSystemFullscreenOverrideEnabled=false cameraCompatTaskInfo=CameraCompatTaskInfo { cameraCompatControlState=hidden freeformCameraCompatMode=inactive}} topActivityLetterboxInsets=Rect(0, 0 - 0, 0) mOplusExtraBundle = Bundle[mParcelledData.dataSize=1044]}, pipTask = null, remoteTransition = null, displayChange = null, flags = 0, debugId = 566 }
08-06 16:16:09.451  3503  3771 D ActivityTaskManager: removeAppToken: ActivityRecord{ee1b697 u0 com.stark.model_loading/.ZigSDLActivity t1362 f}} delayed=true parent=Task{24db0c5 #1362 type=standard A=10457:com.stark.model_loading} animating=true Callers=com.android.server.wm.DisplayContent.removeAppToken:1734 com.android.server.wm.ActivityRecord.removeFromHistory:5085 com.android.server.wm.ActivityRecord.handleAppDied:5433 com.android.server.wm.WindowProcessController.handleAppDied:1631 
08-06 16:16:09.451  3503  3771 D WindowManager: NFW_findFocusedWindowIfNeeded:null mCurrentFocus:Window{732674b u0 com.stark.model_loading/com.stark.model_loading.ZigSDLActivity}
08-06 16:16:09.454  3503  3771 V WindowManager: Changing focus from Window{732674b u0 com.stark.model_loading/com.stark.model_loading.ZigSDLActivity} to null,diplayid=0
08-06 16:16:09.474  3503 11255 I ActivityManager: Death received, pid = 0, processName = com.stark.model_loading for thread android.os.BinderProxy@8730126
08-06 16:16:09.516  3503  4042 D OplusPackageAbiHelper: notifyPackageAddOrChange :com.stark.model_loading primaryabi = arm64-v8a secondabi = null
08-06 16:16:09.518  3503  3771 D FlexibleTaskController: onTaskFocusChanged prevTask:Task{24db0c5 #1362 type=standard A=10457:com.stark.model_loading} ,currentTask:Task{b90dce0 #5 type=home I=com.android.launcher/.Launcher}, reason: resumeTopActivity - onActivityStateChanged
08-06 16:16:09.520  3503  7036 D OplusEapManager: mTargetExitName :com.stark.model_loading
08-06 16:16:09.521  3503  3943 D VRR [OPlusRefreshRateService]:  updateGamingStatus [ null , com.stark.model_loading , gaming false ]
08-06 16:16:09.523  3503  3870 D OplusAppSwitchListener: Detect com.stark.model_loading switch to background
08-06 16:16:09.523  3503  3870 D OplusFeatureReduceBrightness: onAppExit , info = com.stark.model_loading
08-06 16:16:09.536  3503  6603 I WindowManager: WIN DEATH: Window{732674b u0 com.stark.model_loading/com.stark.model_loading.ZigSDLActivity}
08-06 16:16:09.545  3503  4042 D OplusDexSceneManager:  High temp 389 with highTemperatureThreshold 380 pkg:com.stark.model_loading reason: install
08-06 16:16:09.545  3503  4042 D OplusDexSceneManager: High temp for : com.stark.model_loading install
08-06 16:16:09.549  3503  4042 W OplusSingleDexoptContainerImpl: oplus checkAndSetBeforeStart success: packageName= com.stark.model_loading priority= 60 compilerFilter= speed-profile
08-06 16:16:09.556  3503  3750 W WindowManager: Failed to deliver inset control state change to w=Window{732674b u0 com.stark.model_loading/com.stark.model_loading.ZigSDLActivity EXITING}
08-06 16:16:09.561  3503  6429 V ActivityManager: Got obituary of 13509:com.stark.model_loading
08-06 16:16:09.571  3503  3750 D Transition: collectOrderChanges onTopTasksEnd: [Task{6c528fa #1 type=home}, Task{b90dce0 #5 type=home I=com.android.launcher/.Launcher}], reportedOnTop:null, mOnTopTasksStart: [Task{24db0c5 #1362 type=standard A=10457:com.stark.model_loading}], TDA child: [Task{a1883fb #2 type=undefined}, Task{24db0c5 #1362 type=standard A=10457:com.stark.model_loading}, Task{6c528fa #1 type=home}]
08-06 16:16:09.572  3503  3750 D OplusFlexibleActivityTransitionManager: fixTransitType type result:2, targets: [Task{6c528fa #1 type=home}, Task{24db0c5 #1362 type=standard A=10457:com.stark.model_loading}, WallpaperWindowToken{97e98a1 token=android.os.Binder@5c47033 showWhenLocked=true}]
08-06 16:16:09.573  3503  3750 D OplusTransitionController:  info: {id=566 t=CLOSE f=0x0 trk=0 r=[0@Point(0, 0)] c=[{WCT{RemoteToken{42bdaed Task{6c528fa #1 type=home}}} m=TO_FRONT f=SHOW_WALLPAPER|MOVE_TO_TOP leash=Surface(name=Task=1)/@0x3ae9d22 sb=Rect(0, 0 - 2412, 1080) eb=Rect(0, 0 - 2412, 1080) d=0 endFixedRotation=0 taskParent=-1},{WCT{RemoteToken{21dae34 Task{24db0c5 #1362 type=standard A=10457:com.stark.model_loading}}} m=CLOSE f=NONE leash=Surface(name=Task=1362)/@0xf7b0669 sb=Rect(0, 0 - 2412, 1080) eb=Rect(0, 0 - 2412, 1080) d=0 taskParent=-1},{null m=TO_FRONT f=IS_WALLPAPER leash=Surface(name=Surface(name=WallpaperWindowToken{97e98a1 token=android.os.Binder@5c47033 showWhenLocked=false})/@0x9022d11 - rotation-leash)/@0xc795792 sb=Rect(0, 0 - 2412, 1080) eb=Rect(0, 0 - 1080, 2412) d=0 r=1->0:-1}] extendInfo=[OplusTransitionExtendedInfo{mTmpFinishT=null, mInOplusCompatMode=false, mIsProcessRunning=false, mHasMismatchBoundsTarget=false, mRecentsController=null, mIsTranslucentActivityToHome=false, mAvoidInterceptKeyEventToHome=false, mIsFromHome=false, mParentLeash=null, mIsOplusAnimRes=false, mIsFromOverlay=false, mIsBalAllow=false, mTaskNotInRecent=false, mIsLaunchFromSpruce=false, mIsLaunchFromDrive=false, mAssistScreenShowing=false, mUserIdTransition=0, mInRemoteScene=false, mInPreReady=false, mPreStart=false, mToken=null, mShellApplyToken=null, mRequestTransitionTaskId=1362, mAbortTransitionOnShell=0, mTaskIdStartFromRecents=0, mTransitionId=566, mFoldChangeType=-1, mAnimStartingPosition=[0, 0, 0, 0], mIsOpeningStkDialogActivity=false, mIsNeedApplyStartTForEmbedded=false}]}, 
08-06 16:16:09.573  3503  3750 D OplusTransitionController:  targets : [Task{6c528fa #1 type=home}, Task{24db0c5 #1362 type=standard A=10457:com.stark.model_loading}, WallpaperWindowToken{97e98a1 token=android.os.Binder@5c47033 showWhenLocked=true}], 
08-06 16:16:09.573  3503  3750 D OplusTransitionController:  participants: {Task{24db0c5 #1362 type=standard A=10457:com.stark.model_loading}, Task{6c528fa #1 type=home}, WallpaperWindowToken{97e98a1 token=android.os.Binder@5c47033 showWhenLocked=true}, Task{b90dce0 #5 type=home I=com.android.launcher/.Launcher}, ActivityRecord{d983dae u0 com.android.launcher/.Launcher t5}, ActivityRecord{ee1b697 u0 com.stark.model_loading/.ZigSDLActivity t1362 f} isExiting}}, 
08-06 16:16:09.574  3503  3750 W WindowManager: captureTaskSnapshot mSnapshotMode= 0 source=Task{24db0c5 #1362 type=standard A=10457:com.stark.model_loading}
08-06 16:16:09.580  3503  3750 D TaskSnapshotCache: putSnapshot mRunningCache top= ActivityRecord{ee1b697 u0 com.stark.model_loading/.ZigSDLActivity t1362 f} isExiting}, mTaskId=1362, snapshot=TaskSnapshot{ mId=1754477169574 mCaptureTime=40550806520805 mTopActivityComponent=com.stark.model_loading/.ZigSDLActivity mSnapshot=android.hardware.HardwareBuffer@f67e7b6 (2412x1080) mColorSpace=sRGB IEC61966-2.1 (id=0, model=RGB) mOrientation=2 mRotation=1 mTaskSize=Point(2412, 1080) mOplusCompatMode=false mTopActivityBounds=[0,0][2412,1080] mHasDimLayer=false mContentInsets=[0,0][0,0] mLetterboxInsets=[0,0][0,0] mIsLowResolution=false mIsRealSnapshot=true mWindowingMode=1 mAppearance=0 mIsTranslucent=true mHasImeSurface=false mInternalReferences=2 mUiMode=21, mAppIdMap size= 1
08-06 16:16:09.581  3503  3746 V WindowManager: Sent Transition (#566) createdAt=08-06 16:16:09.448 via request=TransitionRequestInfo { type = CLOSE, triggerTask = TaskInfo{userId=0 taskId=1362 displayId=0 isRunning=false baseIntent=Intent { flg=0x10100000 cmp=com.stark.model_loading/.ZigSDLActivity mCallingUid=2000 } baseActivity=null topActivity=null origActivity=null realActivity=ComponentInfo{com.stark.model_loading/com.stark.model_loading.ZigSDLActivity} numActivities=0 lastActiveTime=40505235 supportsSplitScreenMultiWindow=true supportsMultiWindow=true supportsPocketStudioMultiWindow=true isInFlexibleEmbedded = false uid = -1 pid = -1 resizeMode=1 isResizeable=true minWidth=-1 minHeight=-1 defaultMinSize=220 token=WCT{RemoteToken{21dae34 Task{24db0c5 #1362 type=standard A=10457:com.stark.model_loading}}} topActivityType=1 pictureInPictureParams=null shouldDockBigOverlays=false launchIntoPipHostTaskId=-1 lastParentTaskIdBeforePip=-1 displayCutoutSafeInsets=null topActivityInfo=null launchCookies=[] positionInParent=Point(0, 0) parentTaskId=-1 isFocused=true isVisible=true isVisibleRequested=true isSleeping=false locusId=null displayAreaFeatureId=1 isTopActivityTransparent=false appCompatTaskInfo=AppCompatTaskInfo { topActivityInSizeCompat=false topActivityInOplusCompatMode=false topActivityEligibleForLetterboxEducation= falseisLetterboxEducationEnabled= false isLetterboxDoubleTapEnabled= false topActivityEligibleForUserAspectRatioButton= false topActivityBoundsLetterboxed= false isFromLetterboxDoubleTap= false topActivityLetterboxVerticalPosition= -1 topActivityLetterboxHorizontalPosition= -1 topActivityLetterboxWidth=-1 topActivityLetterboxHeight=-1 isUserFullscreenOverrideEnabled=false isSystemFullscreenOverrideEnabled=false cameraCompatTaskInfo=CameraCompatTaskInfo { cameraCompatControlState=hidden freeformCameraCompatMode=inactive}} topActivityLetterboxInsets=Rect(0, 0 - 0, 0) mOplusExtraBundle = Bundle[{androidx.flexible.taskFrame=Rect(0, 0 - 0, 0), topOpaqueSystemBarsAppearance=0, androidx.flexible.Alpha=1.0, androidx.activity.task.attach.blur=0, androidx.activity.LaunchInsensible=0, androidx.activity.LaunchCornerRadius=0, key_flexible_task_state=0, topActivitySupportAppInnerSplit=false, key_flexible_task_animating_type=-1, androidx.activity.LaunchScenario=0, flexible_super_mini_state=false, androidx.activity.LaunchScale=1.0, androidx.activity.LaunchShadowRadius=0}]}, pipTask = null, remoteTransition = null, displayChange = null, flags = 0, debugId = 566 }
08-06 16:16:09.583  3503  3746 V WindowManager:         {WCT{RemoteToken{21dae34 Task{24db0c5 #1362 type=standard A=10457:com.stark.model_loading}}} m=CLOSE f=NONE leash=Surface(name=Task=1362)/@0xf7b0669 sb=Rect(0, 0 - 2412, 1080) eb=Rect(0, 0 - 2412, 1080) d=0 taskParent=-1},
08-06 16:16:09.600  3503 12705 D ActivityTaskManager: pre-Filtered:com.stark.model_loading # 
08-06 16:16:09.614  3503  3750 W WindowManager: Failed to deliver inset control state change to w=Window{732674b u0 com.stark.model_loading/com.stark.model_loading.ZigSDLActivity EXITING}
08-06 16:16:09.740  3503  7712 D OplusVrrScenePolicy: VRR WMS setGameRefreshRate [com.stark.model_loading, 60.0]
08-06 16:16:09.740  3503  7712 D VRR [OPlusRefreshRateService]: updateAccelerationPkgName com.stark.model_loading targetFps: 60 currentFps: 0
08-06 16:16:09.740  3503  7712 D VRR [OPlusRefreshRateService]: gamespace info: com.stark.model_loading rate: 60 currentFps: 0
08-06 16:16:09.742  3503  3943 D VRR [OPlusGameStatusManager]: updateGameSpaceFrameRate pkg: com.stark.model_loading target: 60 current: 0
08-06 16:16:09.742  3503  3943 D VRR [OPlusGameStatusManager]: notifyFrameRateChange pkg: com.stark.model_loading fps: 60
08-06 16:16:09.778  3503  4042 D OplusDexoptStatisticHelper: dexopt notify to athena: com.stark.model_loading
08-06 16:16:09.785  3503  4042 W OplusDexoptStatisticHelper: recordDex2oatInfo: time:1754477169785,pid:0,alt:138,cpt:70,rea:install,flt:verify,rlt:20,path:/data/app/~~e4kkykJlKKOS1FZ9sIH_6Q==/com.stark.model_loading-aLGD-B8uHL9SXINS8t2wIA==/base.apk
08-06 16:16:09.794  3503  4042 I AppsFilter: interaction: PackageSetting{ac0d76e com.android.microdroid.empty_payload/10374} -> PackageSetting{ae213bf com.stark.model_loading/10457} BLOCKED
08-06 16:16:09.794  3503  4042 I AppsFilter: interaction: PackageSetting{4740a5 com.oplus.locationproxy/10156} -> PackageSetting{ae213bf com.stark.model_loading/10457} BLOCKED
08-06 16:16:09.795  3503  4042 I AppsFilter: interaction: PackageSetting{8a6fc7a com.android.certinstaller/10192} -> PackageSetting{ae213bf com.stark.model_loading/10457} BLOCKED
08-06 16:16:09.795  3503  4042 I AppsFilter: interaction: PackageSetting{62dc2b com.oplus.location/10199} -> PackageSetting{ae213bf com.stark.model_loading/10457} BLOCKED
08-06 16:16:09.795  3503  4042 I AppsFilter: interaction: PackageSetting{d6f0888 com.oplus.securitykeyboard/10159} -> PackageSetting{ae213bf com.stark.model_loading/10457} BLOCKED
08-06 16:16:09.799  3503  4042 D UserUninstallRecorder: not care com.stark.model_loading installed.
08-06 16:16:09.802  3503  4042 I ActivityManager: Force stopping com.stark.model_loading appid=10457 user=0: pkg removed
08-06 16:16:09.802  3503  4042 I WindowManager:   Force removing ActivityRecord{ee1b697 u0 com.stark.model_loading/.ZigSDLActivity t1362 f} isExiting}
08-06 16:16:09.802  3503  4042 W WindowManager: removeAppToken: Attempted to remove non-existing token: Token{fd4d06d ActivityRecord{ee1b697 u0 com.stark.model_loading/.ZigSDLActivity t1362 f} isExiting}}
08-06 16:16:09.809  3503 14442 D OplusOsPackageManager: uploadInstallAppInfos:{installerPkg=null, code=0, abi1=arm64-v8a, abi2=null, update=1, cert=2BA68EB936;, targetSdkVersion=35, source=com.android.shell, app_pkg=com.stark.model_loading, version=0.0, initiatingPkg=com.android.shell, md5=f3e0b8cb48202dee765f2ea220e6b620}
08-06 16:16:09.842  3503  3503 D DeviceIdleHelper: pacakge removed: name=com.stark.model_loading not in PowerSaveWhitelist
08-06 16:16:09.842  3503  3503 D MultiApp-DataService: handlePackageChange: android.intent.action.PACKAGE_REMOVED for: com.stark.model_loading
08-06 16:16:09.851  3503  4515 W PackageConfigPersister: App-specific configuration not found for packageName: com.stark.model_loading and userId: 0
08-06 16:16:09.872  3503  5445 D ShortcutService: replacing package: com.stark.model_loading userId0
08-06 16:16:09.872  3503  5445 D ShortcutService: handlePackageUpdateFinished: com.stark.model_loading user=0
08-06 16:16:09.872  3503  5445 D ShortcutService: rescanPackageIfNeeded 0@com.stark.model_loading, forceRescan=true , isNewApp=true
08-06 16:16:09.872  3503  5445 D ShortcutService: Package com.stark.model_loading has 0 manifest shortcut(s), and 0 share target(s)
08-06 16:16:09.874  3503  3503 D OplusCustomizeService: pkgName = com.stark.model_loading
08-06 16:16:09.876  3503  3503 D OplusCustomizeService: Add packages name is :com.stark.model_loading;dir:/data/app/~~e4kkykJlKKOS1FZ9sIH_6Q==/com.stark.model_loading-aLGD-B8uHL9SXINS8t2wIA==/base.apk
08-06 16:16:09.881  3503  3503 W AlarmManager: Package com.stark.model_loading, uid 10457 lost permission to set exact alarms!
08-06 16:16:09.888  3503  3503 D MultiApp-DataService: handlePackageChange: android.intent.action.PACKAGE_ADDED for: com.stark.model_loading
08-06 16:16:09.892 12846 12846 D ActivityThread: Package [com.stark.model_loading] reported as REPLACED, but missing application info. Assuming REMOVED.
08-06 16:16:09.891 11198 11198 D ActivityThread: Package [com.stark.model_loading] reported as REPLACED, but missing application info. Assuming REMOVED.
08-06 16:16:09.892 28399 28399 D ActivityThread: Package [com.stark.model_loading] reported as REPLACED, but missing application info. Assuming REMOVED.
08-06 16:16:09.892 11576 11576 D ActivityThread: Package [com.stark.model_loading] reported as REPLACED, but missing application info. Assuming REMOVED.
08-06 16:16:09.892  6672  6672 D ActivityThread: Package [com.stark.model_loading] reported as REPLACED, but missing application info. Assuming REMOVED.
08-06 16:16:09.892 14332 14332 D ActivityThread: Package [com.stark.model_loading] reported as REPLACED, but missing application info. Assuming REMOVED.
08-06 16:16:09.893 15032 15032 D ActivityThread: Package [com.stark.model_loading] reported as REPLACED, but missing application info. Assuming REMOVED.
08-06 16:16:09.893 13460 13460 D ActivityThread: Package [com.stark.model_loading] reported as REPLACED, but missing application info. Assuming REMOVED.
08-06 16:16:09.893 11354 11354 D ActivityThread: Package [com.stark.model_loading] reported as REPLACED, but missing application info. Assuming REMOVED.
08-06 16:16:09.893  6503  6503 D ActivityThread: Package [com.stark.model_loading] reported as REPLACED, but missing application info. Assuming REMOVED.
08-06 16:16:09.894 11924 11924 D ActivityThread: Package [com.stark.model_loading] reported as REPLACED, but missing application info. Assuming REMOVED.
08-06 16:16:09.894  7093  7093 D ActivityThread: Package [com.stark.model_loading] reported as REPLACED, but missing application info. Assuming REMOVED.
08-06 16:16:09.894 12844 12844 D ActivityThread: Package [com.stark.model_loading] reported as REPLACED, but missing application info. Assuming REMOVED.
08-06 16:16:09.895 13990 13990 D ActivityThread: Package [com.stark.model_loading] reported as REPLACED, but missing application info. Assuming REMOVED.
08-06 16:16:09.895 14192 14192 D ActivityThread: Package [com.stark.model_loading] reported as REPLACED, but missing application info. Assuming REMOVED.
08-06 16:16:09.895 12872 12872 D ActivityThread: Package [com.stark.model_loading] reported as REPLACED, but missing application info. Assuming REMOVED.
08-06 16:16:09.895 12585 12585 D ActivityThread: Package [com.stark.model_loading] reported as REPLACED, but missing application info. Assuming REMOVED.
08-06 16:16:09.896  7108  7108 D ActivityThread: Package [com.stark.model_loading] reported as REPLACED, but missing application info. Assuming REMOVED.
08-06 16:16:09.896  6404  6404 D ActivityThread: Package [com.stark.model_loading] reported as REPLACED, but missing application info. Assuming REMOVED.
08-06 16:16:09.896 17267 17267 D ActivityThread: Package [com.stark.model_loading] reported as REPLACED, but missing application info. Assuming REMOVED.
08-06 16:16:09.896 23560 23560 D ActivityThread: Package [com.stark.model_loading] reported as REPLACED, but missing application info. Assuming REMOVED.
08-06 16:16:09.896 30267 30267 D ActivityThread: Package [com.stark.model_loading] reported as REPLACED, but missing application info. Assuming REMOVED.
08-06 16:16:09.897 28402 28402 D ActivityThread: Package [com.stark.model_loading] reported as REPLACED, but missing application info. Assuming REMOVED.
08-06 16:16:09.897  4532  4532 D ActivityThread: Package [com.stark.model_loading] reported as REPLACED, but missing application info. Assuming REMOVED.
08-06 16:16:09.897 12919 12919 D ActivityThread: Package [com.stark.model_loading] reported as REPLACED, but missing application info. Assuming REMOVED.
08-06 16:16:09.897 29761 29761 D ActivityThread: Package [com.stark.model_loading] reported as REPLACED, but missing application info. Assuming REMOVED.
08-06 16:16:09.897  1757  1757 D ActivityThread: Package [com.stark.model_loading] reported as REPLACED, but missing application info. Assuming REMOVED.
08-06 16:16:09.897 13091 13091 D ActivityThread: Package [com.stark.model_loading] reported as REPLACED, but missing application info. Assuming REMOVED.
08-06 16:16:09.898 32439 32439 D ActivityThread: Package [com.stark.model_loading] reported as REPLACED, but missing application info. Assuming REMOVED.
08-06 16:16:09.898 12729 12729 D ActivityThread: Package [com.stark.model_loading] reported as REPLACED, but missing application info. Assuming REMOVED.
08-06 16:16:09.899  9736  9736 D ActivityThread: Package [com.stark.model_loading] reported as REPLACED, but missing application info. Assuming REMOVED.
08-06 16:16:09.900 15210 15210 D ActivityThread: Package [com.stark.model_loading] reported as REPLACED, but missing application info. Assuming REMOVED.
08-06 16:16:09.900 11690 11690 D ActivityThread: Package [com.stark.model_loading] reported as REPLACED, but missing application info. Assuming REMOVED.
08-06 16:16:09.900 30247 30247 D ActivityThread: Package [com.stark.model_loading] reported as REPLACED, but missing application info. Assuming REMOVED.
08-06 16:16:09.900 21708 21708 D ActivityThread: Package [com.stark.model_loading] reported as REPLACED, but missing application info. Assuming REMOVED.
08-06 16:16:09.900 29786 29786 D ActivityThread: Package [com.stark.model_loading] reported as REPLACED, but missing application info. Assuming REMOVED.
08-06 16:16:09.900 14283 14283 D ActivityThread: Package [com.stark.model_loading] reported as REPLACED, but missing application info. Assuming REMOVED.
08-06 16:16:09.900  1745  1745 D ActivityThread: Package [com.stark.model_loading] reported as REPLACED, but missing application info. Assuming REMOVED.
08-06 16:16:09.900 15694 15694 D ActivityThread: Package [com.stark.model_loading] reported as REPLACED, but missing application info. Assuming REMOVED.
08-06 16:16:09.900 14462 14462 D ActivityThread: Package [com.stark.model_loading] reported as REPLACED, but missing application info. Assuming REMOVED.
08-06 16:16:09.901 12904 12904 D ActivityThread: Package [com.stark.model_loading] reported as REPLACED, but missing application info. Assuming REMOVED.
08-06 16:16:09.901 16836 16836 D ActivityThread: Package [com.stark.model_loading] reported as REPLACED, but missing application info. Assuming REMOVED.
08-06 16:16:09.901 11711 11711 D ActivityThread: Package [com.stark.model_loading] reported as REPLACED, but missing application info. Assuming REMOVED.
08-06 16:16:09.901 21695 21695 D ActivityThread: Package [com.stark.model_loading] reported as REPLACED, but missing application info. Assuming REMOVED.
08-06 16:16:09.901 22225 22225 D ActivityThread: Package [com.stark.model_loading] reported as REPLACED, but missing application info. Assuming REMOVED.
08-06 16:16:09.902 12490 12490 D ActivityThread: Package [com.stark.model_loading] reported as REPLACED, but missing application info. Assuming REMOVED.
08-06 16:16:09.902 13216 13216 D ActivityThread: Package [com.stark.model_loading] reported as REPLACED, but missing application info. Assuming REMOVED.
08-06 16:16:09.902 21451 21451 D ActivityThread: Package [com.stark.model_loading] reported as REPLACED, but missing application info. Assuming REMOVED.
08-06 16:16:09.903 14677 14677 D ActivityThread: Package [com.stark.model_loading] reported as REPLACED, but missing application info. Assuming REMOVED.
08-06 16:16:09.903   926   926 D ActivityThread: Package [com.stark.model_loading] reported as REPLACED, but missing application info. Assuming REMOVED.
08-06 16:16:09.904  5860  5860 D ActivityThread: Package [com.stark.model_loading] reported as REPLACED, but missing application info. Assuming REMOVED.
08-06 16:16:09.904 19690 19690 D ActivityThread: Package [com.stark.model_loading] reported as REPLACED, but missing application info. Assuming REMOVED.
08-06 16:16:09.904  7742  7742 D ActivityThread: Package [com.stark.model_loading] reported as REPLACED, but missing application info. Assuming REMOVED.
08-06 16:16:09.905 12779 12779 D ActivityThread: Package [com.stark.model_loading] reported as REPLACED, but missing application info. Assuming REMOVED.
08-06 16:16:09.905 12882 12882 D ActivityThread: Package [com.stark.model_loading] reported as REPLACED, but missing application info. Assuming REMOVED.
08-06 16:16:09.898 18860 18860 D ActivityThread: Package [com.stark.model_loading] reported as REPLACED, but missing application info. Assuming REMOVED.
08-06 16:16:09.905  6611  6611 D ActivityThread: Package [com.stark.model_loading] reported as REPLACED, but missing application info. Assuming REMOVED.
08-06 16:16:09.905 12562 12562 D ActivityThread: Package [com.stark.model_loading] reported as REPLACED, but missing application info. Assuming REMOVED.
08-06 16:16:09.906 18067 18067 D ActivityThread: Package [com.stark.model_loading] reported as REPLACED, but missing application info. Assuming REMOVED.
08-06 16:16:09.906 13607 13607 D ActivityThread: Package [com.stark.model_loading] reported as REPLACED, but missing application info. Assuming REMOVED.
08-06 16:16:09.906 12007 12007 D ActivityThread: Package [com.stark.model_loading] reported as REPLACED, but missing application info. Assuming REMOVED.
08-06 16:16:09.906  5056  5056 D ActivityThread: Package [com.stark.model_loading] reported as REPLACED, but missing application info. Assuming REMOVED.
08-06 16:16:09.906 12739 12739 D ActivityThread: Package [com.stark.model_loading] reported as REPLACED, but missing application info. Assuming REMOVED.
08-06 16:16:09.906 19790 19790 D ActivityThread: Package [com.stark.model_loading] reported as REPLACED, but missing application info. Assuming REMOVED.
08-06 16:16:09.907 16693 16693 D ActivityThread: Package [com.stark.model_loading] reported as REPLACED, but missing application info. Assuming REMOVED.
08-06 16:16:09.907 24010 24010 D ActivityThread: Package [com.stark.model_loading] reported as REPLACED, but missing application info. Assuming REMOVED.
08-06 16:16:09.907 12611 12611 D ActivityThread: Package [com.stark.model_loading] reported as REPLACED, but missing application info. Assuming REMOVED.
08-06 16:16:09.907 12850 12850 D ActivityThread: Package [com.stark.model_loading] reported as REPLACED, but missing application info. Assuming REMOVED.
08-06 16:16:09.907 14555 14555 D ActivityThread: Package [com.stark.model_loading] reported as REPLACED, but missing application info. Assuming REMOVED.
08-06 16:16:09.908 18608 18608 D ActivityThread: Package [com.stark.model_loading] reported as REPLACED, but missing application info. Assuming REMOVED.
08-06 16:16:09.908 11537 11537 D ActivityThread: Package [com.stark.model_loading] reported as REPLACED, but missing application info. Assuming REMOVED.
08-06 16:16:09.908 17812 17812 D ActivityThread: Package [com.stark.model_loading] reported as REPLACED, but missing application info. Assuming REMOVED.
08-06 16:16:09.908 29261 29261 D ActivityThread: Package [com.stark.model_loading] reported as REPLACED, but missing application info. Assuming REMOVED.
08-06 16:16:09.909 16166 16166 D ActivityThread: Package [com.stark.model_loading] reported as REPLACED, but missing application info. Assuming REMOVED.
08-06 16:16:09.909 16123 16123 D ActivityThread: Package [com.stark.model_loading] reported as REPLACED, but missing application info. Assuming REMOVED.
08-06 16:16:09.909 16068 16068 D ActivityThread: Package [com.stark.model_loading] reported as REPLACED, but missing application info. Assuming REMOVED.
08-06 16:16:09.909  6467  6467 D ActivityThread: Package [com.stark.model_loading] reported as REPLACED, but missing application info. Assuming REMOVED.
08-06 16:16:09.909 16045 16045 D ActivityThread: Package [com.stark.model_loading] reported as REPLACED, but missing application info. Assuming REMOVED.
08-06 16:16:09.909 11449 11449 D ActivityThread: Package [com.stark.model_loading] reported as REPLACED, but missing application info. Assuming REMOVED.
08-06 16:16:09.910 16315 16315 D ActivityThread: Package [com.stark.model_loading] reported as REPLACED, but missing application info. Assuming REMOVED.
08-06 16:16:09.910 17866 17866 D ActivityThread: Package [com.stark.model_loading] reported as REPLACED, but missing application info. Assuming REMOVED.
08-06 16:16:09.910 21923 21923 D ActivityThread: Package [com.stark.model_loading] reported as REPLACED, but missing application info. Assuming REMOVED.
08-06 16:16:09.910 14625 14625 D ActivityThread: Package [com.stark.model_loading] reported as REPLACED, but missing application info. Assuming REMOVED.
08-06 16:16:09.910 13315 13315 D ActivityThread: Package [com.stark.model_loading] reported as REPLACED, but missing application info. Assuming REMOVED.
08-06 16:16:09.911  7054  7054 D ActivityThread: Package [com.stark.model_loading] reported as REPLACED, but missing application info. Assuming REMOVED.
08-06 16:16:09.911  6919  6919 D ActivityThread: Package [com.stark.model_loading] reported as REPLACED, but missing application info. Assuming REMOVED.
08-06 16:16:09.912 12691 12691 D ActivityThread: Package [com.stark.model_loading] reported as REPLACED, but missing application info. Assuming REMOVED.
08-06 16:16:09.912  6211  6211 D ActivityThread: Package [com.stark.model_loading] reported as REPLACED, but missing application info. Assuming REMOVED.
08-06 16:16:09.912  6218  6218 D ActivityThread: Package [com.stark.model_loading] reported as REPLACED, but missing application info. Assuming REMOVED.
08-06 16:16:09.912 12659 12659 D ActivityThread: Package [com.stark.model_loading] reported as REPLACED, but missing application info. Assuming REMOVED.
08-06 16:16:09.912  6931  6931 D ActivityThread: Package [com.stark.model_loading] reported as REPLACED, but missing application info. Assuming REMOVED.
08-06 16:16:09.912 24365 24365 D ActivityThread: Package [com.stark.model_loading] reported as REPLACED, but missing application info. Assuming REMOVED.
08-06 16:16:09.912  6777  6777 D ActivityThread: Package [com.stark.model_loading] reported as REPLACED, but missing application info. Assuming REMOVED.
08-06 16:16:09.913  7081  7081 D ActivityThread: Package [com.stark.model_loading] reported as REPLACED, but missing application info. Assuming REMOVED.
08-06 16:16:09.913  6970  6970 D ActivityThread: Package [com.stark.model_loading] reported as REPLACED, but missing application info. Assuming REMOVED.
08-06 16:16:09.913 17962 17962 D ActivityThread: Package [com.stark.model_loading] reported as REPLACED, but missing application info. Assuming REMOVED.
08-06 16:16:09.913 18141 18141 D ActivityThread: Package [com.stark.model_loading] reported as REPLACED, but missing application info. Assuming REMOVED.
08-06 16:16:09.914  7792  7792 D ActivityThread: Package [com.stark.model_loading] reported as REPLACED, but missing application info. Assuming REMOVED.
08-06 16:16:09.914 19017 19017 D ActivityThread: Package [com.stark.model_loading] reported as REPLACED, but missing application info. Assuming REMOVED.
08-06 16:16:09.915 12572 12572 D ActivityThread: Package [com.stark.model_loading] reported as REPLACED, but missing application info. Assuming REMOVED.
08-06 16:16:09.915  6924  6924 D ActivityThread: Package [com.stark.model_loading] reported as REPLACED, but missing application info. Assuming REMOVED.
08-06 16:16:09.915 28135 28135 D ActivityThread: Package [com.stark.model_loading] reported as REPLACED, but missing application info. Assuming REMOVED.
08-06 16:16:09.915  2509  2509 D ActivityThread: Package [com.stark.model_loading] reported as REPLACED, but missing application info. Assuming REMOVED.
08-06 16:16:09.915 22410 22410 D ActivityThread: Package [com.stark.model_loading] reported as REPLACED, but missing application info. Assuming REMOVED.
08-06 16:16:09.915  6910  6910 D ActivityThread: Package [com.stark.model_loading] reported as REPLACED, but missing application info. Assuming REMOVED.
08-06 16:16:09.915  6672  6672 D ActivityThread: Package [com.stark.model_loading] reported as REPLACED, but missing application info. Assuming REMOVED.
08-06 16:16:09.916 12919 12919 D ActivityThread: Package [com.stark.model_loading] reported as REPLACED, but missing application info. Assuming REMOVED.
08-06 16:16:09.916 12729 12729 D ActivityThread: Package [com.stark.model_loading] reported as REPLACED, but missing application info. Assuming REMOVED.
08-06 16:16:09.916 22999 22999 D ActivityThread: Package [com.stark.model_loading] reported as REPLACED, but missing application info. Assuming REMOVED.
08-06 16:16:09.916 29297 29297 D ActivityThread: Package [com.stark.model_loading] reported as REPLACED, but missing application info. Assuming REMOVED.
08-06 16:16:09.916 14874 14874 D ActivityThread: Package [com.stark.model_loading] reported as REPLACED, but missing application info. Assuming REMOVED.
08-06 16:16:09.916  7108  7108 D ActivityThread: Package [com.stark.model_loading] reported as REPLACED, but missing application info. Assuming REMOVED.
