08-06 16:17:23.040  2299  2378 I gameoptHal:  com.stark.model_loading foreground
08-06 16:17:23.043  3503  6784 I WindowManager: Window{e798728 u0 com.stark.model_loading/com.stark.model_loading.ZigSDLActivity} state from DRAW_PENDING to COMMIT_DRAW_PENDING; reason: finishDrawingLocked
08-06 16:17:23.044  3503  6784 D OplusTransitionAnimationManager: skipFinishDrawingIfNeed clientRotation=1, currentRotation=1, hasFixedRotationApp=false, requestedOrientation=6, win=Window{e798728 u0 com.stark.model_loading/com.stark.model_loading.ZigSDLActivity}, activity=ActivityRecord{d3bb7e2 u0 com.stark.model_loading/.ZigSDLActivity t1364}, currentConfig={1.0 ??mcc??mnc [en_GB] ldltr sw360dp w804dp h360dp 480dpi nrml long hdr widecg land night finger -keyb/v/h -nav/h winConfig={ mBounds=Rect(0, 0 - 2412, 1080) mAppBounds=Rect(0, 0 - 2412, 1080) mMaxBounds=Rect(0, 0 - 2412, 1080) mDisplayRotation=ROTATION_90 mWindowingMode=fullscreen mActivityType=standard mAlwaysOnTop=undefined mRotation=ROTATION_90} s.4 fontWeightAdjustment=0mThemeChanged= 0, mThemeChangedFlags= 0, mFlipFont= 0, mScenario= 0, mAccessibleChanged= -1, mUxIconConfig= 3469766090096123985, mMaterialColor= 40000, mUserId= 0, mFontUserId= 0, mFontVariationSettings= 1226, mFoldingAngle = -1.0, mIconPackName= com.oneplus.iconpack.onepluso2, mDarkModeBackgroundMaxL= 0.0, mDarkModeDialogBgMaxL= 27.0, mDarkModeForegroundMinL= 100.0, mOplusConfigType= 1, mOplusChangedConfigs= 0, OpSans= -1, mBurmeseFontFlag= 2, mFlag= 0, mExtraFlag= 0, mFlexibleActivitySuitable= -1, mPuttDisplayFlag= -1}
08-06 16:17:23.048  3503  3750 I WindowManager: Window{e798728 u0 com.stark.model_loading/com.stark.model_loading.ZigSDLActivity} state from COMMIT_DRAW_PENDING to READY_TO_SHOW; reason: commitFinishDrawingLocked
08-06 16:17:23.048  3503  3750 D ActivityTaskManager: Finish StartingWindow: ActivityRecord{d3bb7e2 u0 com.stark.model_loading/.ZigSDLActivity t1364}first real window is shown
08-06 16:17:23.049  3503  3750 D ActivityTaskManager: removeStartingWindowAnimation starting ActivityRecord{d3bb7e2 u0 com.stark.model_loading/.ZigSDLActivity t1364} startingWindow=null ,startingView=com.android.server.wm.StartingSurfaceController$StartingSurface@6793361,Callers=com.android.server.wm.ActivityRecord.removeStartingWindow:3567 com.android.server.wm.ActivityRecord.onFirstWindowDrawn:8607 com.android.server.wm.WindowState.performShowLocked:5099 com.android.server.wm.WindowStateAnimator.commitFinishDrawingLocked:348 com.android.server.wm.DisplayContent.lambda$new$8:1141 
08-06 16:17:23.049  3503  3750 D OplusStartingWindowManager: interceptRemoveStartingWindow: packageName=com.stark.model_loading,  componentName=com.stark.model_loading/.ZigSDLActivity, isSnapshot=false, startingSurfaceRunnable=null, isDrawCompleted=false, hasSurfaceView=true, inTransition=false
08-06 16:17:23.049  3503  3750 D OplusStartingWindowManager: interceptRemoveStartingWindow: hasSplashWindowFlag() return false for activity=ActivityRecord{d3bb7e2 u0 com.stark.model_loading/.ZigSDLActivity t1364}
08-06 16:17:23.050 16674 16674 D ViewRootImplExtImpl: wrapConfigInfoIntoFlags rotation=1, smallestScreenWidthDp=360, residentWS=false, scenario=0, bounds=Rect(0, 0 - 2412, 1080), relayoutAsync=true, flags=0, newFlags=1264594184, title=com.stark.model_loading/com.stark.model_loading.ZigSDLActivity
08-06 16:17:23.051 16674 16674 I SurfaceControl:  setExtendedRangeBrightness sc=Surface(name=com.stark.model_loading/com.stark.model_loading.ZigSDLActivity)/@0xe4f8991,currentBufferRatio=1.0,desiredRatio=1.0
08-06 16:17:23.052  6777  7595 D OplusLinkLatencyManagerService: gameOptimizeSetLoad.id:2, pkgName:com.stark.model_loading
08-06 16:17:23.052  3503  3750 D TaskOrganizerController: TaskOrganizerController.removeStartingWindow: call wmshell to removeStartingWindow Task{2e1702e #1364 type=standard A=10457:com.stark.model_loading}
08-06 16:17:23.053  6777  7595 D OplusLinkLatencyManagerService: pkgName com.stark.model_loading
08-06 16:17:23.053  3503  3750 I Quality : LaunchTime2.0: com.stark.model_loading/.ZigSDLActivity 1 368 com.android.shell 51 103
08-06 16:17:23.053  3503  3750 D QuickBackInputPolicy: setAppLaunchEndTime update timePair=Pair{ActivityRecord{d3bb7e2 u0 com.stark.model_loading/.ZigSDLActivity t1364} 22757182}
08-06 16:17:23.054  3503  3750 I WindowManager: Window{e798728 u0 com.stark.model_loading/com.stark.model_loading.ZigSDLActivity} state from READY_TO_SHOW to HAS_DRAWN; reason: performShowLocked
08-06 16:17:23.057  3503  3746 I ActivityTaskManager: Displayed com.stark.model_loading/.ZigSDLActivity for user 0: +395ms
08-06 16:17:23.058 18305 18321 W us.phonemanager: ApkAssets: Deleting an ApkAssets object '<empty> and /data/app/~~5dJurkzPeZIw3x-B-1Ba2A==/com.stark.model_loading-suodoPc-9HJMErsF35deVA==/base.apk' with 1 weak references
08-06 16:17:23.058 18305 18321 W us.phonemanager: ApkAssets: Deleting an ApkAssets object '<empty> and /data/app/~~vC2bbKdyUOj-dcyt7w_bDg==/com.stark.model_loading-tIRNlOAkwwoewnXInwemzg==/base.apk' with 1 weak references
08-06 16:17:23.058  3503 12705 D WindowManager: BarWindow--setVisible: id=1, oldState=0, state=2, mFocuseWindow= Window{e798728 u0 com.stark.model_loading/com.stark.model_loading.ZigSDLActivity} call: 
08-06 16:17:23.058  3503 12705 D WindowManager: BarWindow--setVisible: id=2, oldState=0, state=2, mFocuseWindow= Window{e798728 u0 com.stark.model_loading/com.stark.model_loading.ZigSDLActivity} call: 
08-06 16:17:23.059  3503 12705 D WindowManagerServiceExtImpl: extractConfigInfoAndRealFlags rotation=1, screenDp=360, residentWS:0, scenario:0, bounds:2412, serverWinBounds:Rect(0, 0 - 2412, 1080), win=Window{e798728 u0 com.stark.model_loading/com.stark.model_loading.ZigSDLActivity}
08-06 16:17:23.059  3503 12705 V WindowManager: Relayout Window{e798728 u0 com.stark.model_loading/com.stark.model_loading.ZigSDLActivity}: viewVisibility=0, oldvis=0, req=2412x1080, vsysui=HIDE_NAVIGATION FULLSCREEN LAYOUT_STABLE LAYOUT_HIDE_NAVIGATION LAYOUT_FULLSCREEN IMMERSIVE_STICKY, x=0, y=0
08-06 16:17:23.060  3503 12705 D OplusAONSmartDim: onWakeLockAcquireLocked: lock=150602154, flags=0x2000000a, packageName=android, tag="WindowManager/displayId:0", ws=WorkSource{10457 com.stark.model_loading}, uid=1000, pid=3503
08-06 16:17:23.061  3503 12705 D OplusTransitionAnimationManager: skipFinishDrawingIfNeed clientRotation=1, currentRotation=1, hasFixedRotationApp=false, requestedOrientation=6, win=Window{e798728 u0 com.stark.model_loading/com.stark.model_loading.ZigSDLActivity}, activity=ActivityRecord{d3bb7e2 u0 com.stark.model_loading/.ZigSDLActivity t1364}, currentConfig={1.0 ??mcc??mnc [en_GB] ldltr sw360dp w804dp h360dp 480dpi nrml long hdr widecg land night finger -keyb/v/h -nav/h winConfig={ mBounds=Rect(0, 0 - 2412, 1080) mAppBounds=Rect(0, 0 - 2412, 1080) mMaxBounds=Rect(0, 0 - 2412, 1080) mDisplayRotation=ROTATION_90 mWindowingMode=fullscreen mActivityType=standard mAlwaysOnTop=undefined mRotation=ROTATION_90} s.4 fontWeightAdjustment=0mThemeChanged= 0, mThemeChangedFlags= 0, mFlipFont= 0, mScenario= 0, mAccessibleChanged= -1, mUxIconConfig= 3469766090096123985, mMaterialColor= 40000, mUserId= 0, mFontUserId= 0, mFontVariationSettings= 1226, mFoldingAngle = -1.0, mIconPackName= com.oneplus.iconpack.onepluso2, mDarkModeBackgroundMaxL= 0.0, mDarkModeDialogBgMaxL= 27.0, mDarkModeForegroundMinL= 100.0, mOplusConfigType= 1, mOplusChangedConfigs= 0, OpSans= -1, mBurmeseFontFlag= 2, mFlag= 0, mExtraFlag= 0, mFlexibleActivitySuitable= -1, mPuttDisplayFlag= -1}
08-06 16:17:23.062  2154 10879 E ANDR-PERF-LM: PrefAppsDB: update_ux_lat_game_details() 806: App = (com.stark.model_loading) not found in LatData DB.
08-06 16:17:23.063 16674 16863 I DynamicFramerate [FRTCConfigManager]: FRTCConfigManager: FRTC_CAPABILITY = 120, package name = com.stark.model_loading, WINDOW_ANIMATION_SPEED_RATE = 10, SCROLL_ANIMATION_SPEED_RATE = 20, PACKAGE_ENABLE = false
08-06 16:17:23.063 16674 16863 I DynamicFramerate [DynamicFrameRateController]: init info: mPackageName = com.stark.model_loading, mIsEnabled = false
08-06 16:17:23.077 16674 16847 I SDL/GPU : Integrated memory detected, allocating TransferBuffers on device-local memory!
08-06 16:17:23.083  3503  9844 I InputDispatcher: updateFocusedWindow, e798728 com.stark.model_loading/com.stark.model_loading.ZigSDLActivity on display 0, reason: Window became focusable. Previous reason: NOT_VISIBLE, result:   FocusedWindows:
08-06 16:17:23.083  3503  9844 I InputDispatcher:     displayId=0, name='e798728 com.stark.model_loading/com.stark.model_loading.ZigSDLActivity'
08-06 16:17:23.085  3503 11258 D OplusWifiService: notifyGameInfoJsonStr: gameInfo = {"PKG_NAME":"com.stark.model_loading","GAME_PLAYING":1}
08-06 16:17:23.090  3503 11258 D OplusSlaGameSwitch: notifyGamePlayingStatusChange:pkgName:com.stark.model_loading,playing:true
08-06 16:17:23.090  3503 11258 D OplusGameFirstManager: notifyGamePlayingState:com.stark.model_loading:true
08-06 16:17:23.091  3503  4503 D InputMethodManagerService: isSecurity: attribute.packageName = com.stark.model_loading mCurMethodId = com.google.android.inputmethod.latin/com.android.inputmethod.latin.LatinIME isSecurity = false ( enable = false needShow = false inBlackList = false isExist = true )
08-06 16:17:23.091  3503  4503 I ImeTracker: com.stark.model_loading:213ede92: onRequestHide at ORIGIN_SERVER reason HIDE_UNSPECIFIED_WINDOW fromUser false
08-06 16:17:23.091  3503  4503 I ImeTracker: com.stark.model_loading:213ede92: onCancelled at PHASE_SERVER_SHOULD_HIDE
08-06 16:17:23.098 12919 12919 I GoogleInputMethodService: GoogleInputMethodService.onStartInput():1311 onStartInput(EditorInfo{EditorInfo{packageName=com.stark.model_loading, inputType=0, inputTypeString=NULL, enableLearning=false, autoCorrection=false, autoComplete=false, imeOptions=0, privateImeOptions=null, actionName=UNSPECIFIED, actionLabel=null, initialSelStart=-1, initialSelEnd=-1, initialCapsMode=0, label=null, fieldId=0, fieldName=null, extras=Bundle[{com.oplus.im.WINDOW_MODE=1, com.oplus.im.SCENES=8}], hintText=null, hintLocales=[]}}, false)
08-06 16:17:23.099  3503  5434 W PackageConfigPersister: App-specific configuration not found for packageName: com.stark.model_loading and userId: 0
08-06 16:17:23.104  6924  7906 D GameSpaceAdapter: notifyGameInfo: key: PKG_NAME value: com.stark.model_loading
08-06 16:17:23.104  6924  7906 D GameSpaceAdapter: updateAppScenepkgname: com.stark.model_loading scene: GAME_PLAYING
08-06 16:17:23.124  2445 27618 D AudioFlingerExtImpl: AudioFlingerExtImpl oplusSetParameters: keyvalue currentGamePackageName=com.stark.model_loading
08-06 16:17:23.124 12872 12872 W FrameInsert: getDisplayFunctionCapability for com.stark.model_loading enter
08-06 16:17:23.125  2445 27618 D AudioFlingerExtImpl: magicVoiceSetParameters, tempCurrentPackageName:com.stark.model_loading
08-06 16:17:23.125  2056 25906 D AHAL: AudioDevice: SetParameters: 1836: enter: currentGamePackageName=com.stark.model_loading
08-06 16:17:23.126 12872  5944 D AppSortManager: updateApp app:com.stark.model_loading
08-06 16:17:23.147 16674 16847 I SDL/APP : num positions: 5217, num tex_coords: 352
08-06 16:17:23.148 16674 16847 I SDL/APP : num vertices expected by position: 1739, by tex_coord: 176
08-06 16:17:23.148 16674 16847 I SDL/APP : num: indices8412
08-06 16:17:23.149  3503 12712 D OplusGameRotationService: updateControlPkg: Game list change to [com.stark.model_loading]
08-06 16:17:23.151 12872 16895 D network : getData for https://games-in.heytapmobile.com/games/tool/recharge/page/jump?pkgName=com.stark.model_loading started !!
08-06 16:17:23.152 12872 16895 I httpdns : HttpDnsInterceptor.preIntercept, input: https://games-in.heytapmobile.com/games/tool/recharge/page/jump?pkgName=com.stark.model_loading
08-06 16:17:23.152 12872 16895 I httpdns : HttpDnsInterceptor.preIntercept, output: https://games-in.heytapmobile.com/games/tool/recharge/page/jump?pkgName=com.stark.model_loading
08-06 16:17:23.160  3503  8107 D OplusWifiService: Get notifyGameModeState: state = true pkgName = com.stark.model_loading
08-06 16:17:23.160 13990 14775 I Quality : 17001301:16674 com.stark.model_loading GAME_START
08-06 16:17:23.162  3503 11258 D OplusWifiService: notifyGameInfoJsonStr: gameInfo = {"PKG_NAME":"com.stark.model_loading","APP_FOREGROUND":true}
08-06 16:17:23.166  6924  7906 D GameSpaceAdapter: notifyGameInfo: key: PKG_NAME value: com.stark.model_loading
08-06 16:17:23.166  6924  7906 D GameSpaceAdapter: updateAppScenepkgname: com.stark.model_loading scene: GAME_PLAYING
08-06 16:17:23.168 16674 16847 D BLASTBufferQueue: [SurfaceView[com.stark.model_loading/com.stark.model_loading.ZigSDLActivity]#1](f:0,a:1) acquireNextBufferLocked size=2412x1080 mFrameNumber=1 applyTransaction=true mTimestamp=22757295599026(auto) mPendingTransactions.size=0 graphicBufferId=71614284693517 transform=0
08-06 16:17:23.168 16674 16847 D BufferQueueProducer: [SurfaceView[com.stark.model_loading/com.stark.model_loading.ZigSDLActivity]#1(BLAST Consumer)1](id:412200000001,api:1,p:16674,c:16674) disconnect: api 1
08-06 16:17:23.168 16674 16847 D BufferQueueProducer: [SurfaceView[com.stark.model_loading/com.stark.model_loading.ZigSDLActivity]#1(BLAST Consumer)1](id:412200000001,api:1,p:16674,c:16674) connect: api=1 producerControlledByApp=true
08-06 16:17:23.168 16674 16847 W SDL/GPU : Opaque presentation unsupported! Expect weird transparency bugs!
08-06 16:17:23.171  3503 11258 D OplusVrrScenePolicy: VRR WMS setGameRefreshRate [com.stark.model_loading, 60.0]
08-06 16:17:23.171  3503 11258 D VRR [OPlusRefreshRateService]: updateAccelerationPkgName com.stark.model_loading targetFps: 60 currentFps: 0
08-06 16:17:23.171  3503 11258 D VRR [OPlusRefreshRateService]: gamespace info: com.stark.model_loading rate: 60 currentFps: 0
08-06 16:17:23.171  3503  3943 D VRR [OPlusGameStatusManager]: updateGameSpaceFrameRate pkg: com.stark.model_loading target: 60 current: 0
08-06 16:17:23.172 16674 16847 D BufferQueueProducer: [SurfaceView[com.stark.model_loading/com.stark.model_loading.ZigSDLActivity]#1(BLAST Consumer)1](id:412200000001,api:1,p:16674,c:16674) disconnect: api 1
08-06 16:17:23.172 16674 16847 D BufferQueueProducer: [SurfaceView[com.stark.model_loading/com.stark.model_loading.ZigSDLActivity]#1(BLAST Consumer)1](id:412200000001,api:1,p:16674,c:16674) connect: api=1 producerControlledByApp=true
08-06 16:17:23.172 16674 16847 W SDL/GPU : Opaque presentation unsupported! Expect weird transparency bugs!
08-06 16:17:23.172  3503  3943 D VRR [OPlusGameStatusManager]: updateGameAccelerationStatus pkgName: com.stark.model_loading mOSyncFeatureSwitch: false mIsGamePolicy: false mHeartStop: false mHasFlickerRisk: false mForceAcceleration: false mToastReady: false enable: false
08-06 16:17:23.172  3503  3943 D VRR [OPlusGameStatusManager]: notifyFrameRateChange pkg: com.stark.model_loading fps: 60
08-06 16:17:23.175  1971  2003 I statsd  : An anomaly (104840000001) (48)0x10000->10457[I] (48)0x20000->com.stark.model_loading[S] (48)0x30000->3[I]  has occurred! Informing subscribers.
08-06 16:17:23.177 16674 16847 D BufferQueueProducer: [SurfaceView[com.stark.model_loading/com.stark.model_loading.ZigSDLActivity]#1(BLAST Consumer)1](id:412200000001,api:1,p:16674,c:16674) disconnect: api 1
08-06 16:17:23.177 16674 16847 D BufferQueueProducer: [SurfaceView[com.stark.model_loading/com.stark.model_loading.ZigSDLActivity]#1(BLAST Consumer)1](id:412200000001,api:1,p:16674,c:16674) connect: api=1 producerControlledByApp=true
08-06 16:17:23.177 16674 16847 W SDL/GPU : Opaque presentation unsupported! Expect weird transparency bugs!
08-06 16:17:23.182 16674 16847 D BufferQueueProducer: [SurfaceView[com.stark.model_loading/com.stark.model_loading.ZigSDLActivity]#1(BLAST Consumer)1](id:412200000001,api:1,p:16674,c:16674) disconnect: api 1
08-06 16:17:23.182 16674 16847 D BufferQueueProducer: [SurfaceView[com.stark.model_loading/com.stark.model_loading.ZigSDLActivity]#1(BLAST Consumer)1](id:412200000001,api:1,p:16674,c:16674) connect: api=1 producerControlledByApp=true
08-06 16:17:23.182 16674 16847 W SDL/GPU : Opaque presentation unsupported! Expect weird transparency bugs!
08-06 16:17:23.186 16674 16847 D BufferQueueProducer: [SurfaceView[com.stark.model_loading/com.stark.model_loading.ZigSDLActivity]#1(BLAST Consumer)1](id:412200000001,api:1,p:16674,c:16674) disconnect: api 1
08-06 16:17:23.187 16674 16847 D BufferQueueProducer: [SurfaceView[com.stark.model_loading/com.stark.model_loading.ZigSDLActivity]#1(BLAST Consumer)1](id:412200000001,api:1,p:16674,c:16674) connect: api=1 producerControlledByApp=true
08-06 16:17:23.187 16674 16847 W SDL/GPU : Opaque presentation unsupported! Expect weird transparency bugs!
08-06 16:17:23.196 16674 16847 D BufferQueueProducer: [SurfaceView[com.stark.model_loading/com.stark.model_loading.ZigSDLActivity]#1(BLAST Consumer)1](id:412200000001,api:1,p:16674,c:16674) disconnect: api 1
08-06 16:17:23.196 16674 16847 D BufferQueueProducer: [SurfaceView[com.stark.model_loading/com.stark.model_loading.ZigSDLActivity]#1(BLAST Consumer)1](id:412200000001,api:1,p:16674,c:16674) connect: api=1 producerControlledByApp=true
08-06 16:17:23.196 16674 16847 W SDL/GPU : Opaque presentation unsupported! Expect weird transparency bugs!
08-06 16:17:23.206  3503 11258 V GameManagerService: Package configuration not found for com.stark.model_loading
08-06 16:17:23.209  3503 12712 D OplusWifiService: notifyGameInfoJsonStr: gameInfo = {"PKG_NAME":"com.stark.model_loading","PERFORMANCE_MODE":0}
08-06 16:17:23.212  6924  7906 D GameSpaceAdapter: notifyGameInfo: key: PKG_NAME value: com.stark.model_loading
08-06 16:17:23.212  6924  7906 D GameSpaceAdapter: updateAppScenepkgname: com.stark.model_loading scene: null
08-06 16:17:23.214 12872 16895 I httpdns : HttpDnsInterceptor.afterIntercept, https://games-in.heytapmobile.com/games/tool/recharge/page/jump?pkgName=com.stark.model_loading#200#null
08-06 16:17:23.215  3503 11258 D OplusVrrScenePolicy: VRR WMS setGameRefreshRate [com.stark.model_loading, 60.0]
08-06 16:17:23.215  3503 11258 D VRR [OPlusRefreshRateService]: updateAccelerationPkgName com.stark.model_loading targetFps: 60 currentFps: 0
08-06 16:17:23.215  3503 11258 D VRR [OPlusRefreshRateService]: gamespace info: com.stark.model_loading rate: 60 currentFps: 0
08-06 16:17:23.217  3503  3943 D VRR [OPlusGameStatusManager]: updateGameSpaceFrameRate pkg: com.stark.model_loading target: 60 current: 0
08-06 16:17:23.217  3503  3943 D VRR [OPlusGameStatusManager]: updateGameAccelerationStatus pkgName: com.stark.model_loading mOSyncFeatureSwitch: false mIsGamePolicy: false mHeartStop: false mHasFlickerRisk: false mForceAcceleration: false mToastReady: false enable: false
08-06 16:17:23.217  3503  3943 D VRR [OPlusGameStatusManager]: notifyFrameRateChange pkg: com.stark.model_loading fps: 60
08-06 16:17:23.218 12872 16895 D network : return  NetworkResponse for https://games-in.heytapmobile.com/games/tool/recharge/page/jump?pkgName=com.stark.model_loading took 67
08-06 16:17:23.218 12872 16895 D network : desiriaize for https://games-in.heytapmobile.com/games/tool/recharge/page/jump?pkgName=com.stark.model_loading return  NetworkResponse took 0
08-06 16:17:23.218 12872 16895 D network : getData for https://games-in.heytapmobile.com/games/tool/recharge/page/jump?pkgName=com.stark.model_loading took : 67
08-06 16:17:23.246  6218  6433 D ViewRootImplExtImpl: wrapConfigInfoIntoFlags rotation=1, smallestScreenWidthDp=360, residentWS=false, scenario=0, bounds=Rect(0, 0 - 2412, 1080), relayoutAsync=false, flags=0, newFlags=1264594184, title=Splash Screen com.stark.model_loading
08-06 16:17:23.246 12850 12891 W gle.android.gms: ApkAssets: Deleting an ApkAssets object '<empty> and /data/app/~~5dJurkzPeZIw3x-B-1Ba2A==/com.stark.model_loading-suodoPc-9HJMErsF35deVA==/base.apk' with 1 weak references
08-06 16:17:23.247  3503  5434 D WindowManagerServiceExtImpl: extractConfigInfoAndRealFlags rotation=1, screenDp=360, residentWS:0, scenario:0, bounds:2412, serverWinBounds:Rect(0, 0 - 2412, 1080), win=Window{22040de u0 Splash Screen com.stark.model_loading}
08-06 16:17:23.248  3503  5434 V WindowManager: Relayout Window{22040de u0 Splash Screen com.stark.model_loading}: viewVisibility=8, oldvis=0, req=2412x1080, vsysui=
08-06 16:17:23.248 12850 12891 W gle.android.gms: ApkAssets: Deleting an ApkAssets object '<empty> and /data/app/~~vC2bbKdyUOj-dcyt7w_bDg==/com.stark.model_loading-tIRNlOAkwwoewnXInwemzg==/base.apk' with 1 weak references
08-06 16:17:23.250  3503  5434 D WindowManager: NFW_findFocusedWindowIfNeeded:Window{e798728 u0 com.stark.model_loading/com.stark.model_loading.ZigSDLActivity} mCurrentFocus:Window{e798728 u0 com.stark.model_loading/com.stark.model_loading.ZigSDLActivity}
08-06 16:17:23.251  3503  7640 D CoreBackPreview: Window{22040de u0 Splash Screen com.stark.model_loading EXITING}: Setting back callback null
08-06 16:17:23.251  3503  5434 I InputDispatcher: channel '22040de Splash Screen com.stark.model_loading (server)'~ abortBrokenDispatchCycleLocked - notify=false
08-06 16:17:23.251  3503  5434 W InputManager-JNI: Input channel object '22040de Splash Screen com.stark.model_loading (client)' was disposed without first being removed with the input manager!
08-06 16:17:23.251  3503  5434 D WindowManager: NFW_findFocusedWindowIfNeeded:Window{e798728 u0 com.stark.model_loading/com.stark.model_loading.ZigSDLActivity} mCurrentFocus:Window{e798728 u0 com.stark.model_loading/com.stark.model_loading.ZigSDLActivity}
08-06 16:17:23.260  3503  3751 D SurfaceAnimationRunner: onAnimationStart:Surface(name=Surface(name=22040de Splash Screen com.stark.model_loading)/@0xc94a70a - animation-leash of window_animation)/@0x1ec5b7b
08-06 16:17:23.343  3503  3751 D SurfaceAnimationRunner: onAnimationEnd:Surface(name=Surface(name=22040de Splash Screen com.stark.model_loading)/@0xc94a70a - animation-leash of window_animation)/@0x1ec5b7b
08-06 16:17:23.343  3503  3750 I WindowStateExtImpl: onSurfaceShowChange show = false mPackageName = com.stark.model_loading parentPkgName = com.stark.model_loading
08-06 16:17:23.343  3503  3750 I WindowManager: Window{22040de u0 Splash Screen com.stark.model_loading EXITING} state from HAS_DRAWN to NO_SURFACE; reason: destroySurface
08-06 16:17:23.379  6924  7906 D OPlusFrontAppManager: decide -->> [com.stark.model_loading; com.stark.model_loading; 1; GAME_PLAYING; 10457]
08-06 16:17:23.714 16674 16847 W LOG_FLOWCTRL: ==LOGS OVER PROC QUOTA(300), rows(549) bytes(36733) com.stark.model_loading DROPPED==
08-06 16:17:23.729 16674 16847 D BufferQueueProducer: [SurfaceView[com.stark.model_loading/com.stark.model_loading.ZigSDLActivity]#1(BLAST Consumer)1](id:412200000001,api:1,p:16674,c:16674) disconnect: api 1
08-06 16:17:23.729 16674 16847 D BufferQueueProducer: [SurfaceView[com.stark.model_loading/com.stark.model_loading.ZigSDLActivity]#1(BLAST Consumer)1](id:412200000001,api:1,p:16674,c:16674) connect: api=1 producerControlledByApp=true
08-06 16:17:23.729 16674 16847 W SDL/GPU : Opaque presentation unsupported! Expect weird transparency bugs!
08-06 16:17:23.745 16674 16847 D BufferQueueProducer: [SurfaceView[com.stark.model_loading/com.stark.model_loading.ZigSDLActivity]#1(BLAST Consumer)1](id:412200000001,api:1,p:16674,c:16674) disconnect: api 1
08-06 16:17:23.745 16674 16847 D BufferQueueProducer: [SurfaceView[com.stark.model_loading/com.stark.model_loading.ZigSDLActivity]#1(BLAST Consumer)1](id:412200000001,api:1,p:16674,c:16674) connect: api=1 producerControlledByApp=true
08-06 16:17:23.745 16674 16847 W SDL/GPU : Opaque presentation unsupported! Expect weird transparency bugs!
08-06 16:17:23.764 16674 16847 D BufferQueueProducer: [SurfaceView[com.stark.model_loading/com.stark.model_loading.ZigSDLActivity]#1(BLAST Consumer)1](id:412200000001,api:1,p:16674,c:16674) disconnect: api 1
08-06 16:17:23.764 16674 16847 D BufferQueueProducer: [SurfaceView[com.stark.model_loading/com.stark.model_loading.ZigSDLActivity]#1(BLAST Consumer)1](id:412200000001,api:1,p:16674,c:16674) connect: api=1 producerControlledByApp=true
08-06 16:17:23.764 16674 16847 W SDL/GPU : Opaque presentation unsupported! Expect weird transparency bugs!
08-06 16:17:23.779 16674 16847 D BufferQueueProducer: [SurfaceView[com.stark.model_loading/com.stark.model_loading.ZigSDLActivity]#1(BLAST Consumer)1](id:412200000001,api:1,p:16674,c:16674) disconnect: api 1
08-06 16:17:23.779 16674 16847 D BufferQueueProducer: [SurfaceView[com.stark.model_loading/com.stark.model_loading.ZigSDLActivity]#1(BLAST Consumer)1](id:412200000001,api:1,p:16674,c:16674) connect: api=1 producerControlledByApp=true
08-06 16:17:23.779 16674 16847 W SDL/GPU : Opaque presentation unsupported! Expect weird transparency bugs!
08-06 16:17:23.796 16674 16847 D BufferQueueProducer: [SurfaceView[com.stark.model_loading/com.stark.model_loading.ZigSDLActivity]#1(BLAST Consumer)1](id:412200000001,api:1,p:16674,c:16674) disconnect: api 1
08-06 16:17:23.796 16674 16847 D BufferQueueProducer: [SurfaceView[com.stark.model_loading/com.stark.model_loading.ZigSDLActivity]#1(BLAST Consumer)1](id:412200000001,api:1,p:16674,c:16674) connect: api=1 producerControlledByApp=true
08-06 16:17:23.796 16674 16847 W SDL/GPU : Opaque presentation unsupported! Expect weird transparency bugs!
08-06 16:17:23.813 16674 16847 D BufferQueueProducer: [SurfaceView[com.stark.model_loading/com.stark.model_loading.ZigSDLActivity]#1(BLAST Consumer)1](id:412200000001,api:1,p:16674,c:16674) disconnect: api 1
08-06 16:17:23.813 16674 16847 D BufferQueueProducer: [SurfaceView[com.stark.model_loading/com.stark.model_loading.ZigSDLActivity]#1(BLAST Consumer)1](id:412200000001,api:1,p:16674,c:16674) connect: api=1 producerControlledByApp=true
08-06 16:17:23.813 16674 16847 W SDL/GPU : Opaque presentation unsupported! Expect weird transparency bugs!
08-06 16:17:23.829 16674 16847 D BufferQueueProducer: [SurfaceView[com.stark.model_loading/com.stark.model_loading.ZigSDLActivity]#1(BLAST Consumer)1](id:412200000001,api:1,p:16674,c:16674) disconnect: api 1
08-06 16:17:23.829 16674 16847 D BufferQueueProducer: [SurfaceView[com.stark.model_loading/com.stark.model_loading.ZigSDLActivity]#1(BLAST Consumer)1](id:412200000001,api:1,p:16674,c:16674) connect: api=1 producerControlledByApp=true
08-06 16:17:23.830 16674 16847 W SDL/GPU : Opaque presentation unsupported! Expect weird transparency bugs!
08-06 16:17:23.847 16674 16847 D BufferQueueProducer: [SurfaceView[com.stark.model_loading/com.stark.model_loading.ZigSDLActivity]#1(BLAST Consumer)1](id:412200000001,api:1,p:16674,c:16674) disconnect: api 1
08-06 16:17:23.847 16674 16847 D BufferQueueProducer: [SurfaceView[com.stark.model_loading/com.stark.model_loading.ZigSDLActivity]#1(BLAST Consumer)1](id:412200000001,api:1,p:16674,c:16674) connect: api=1 producerControlledByApp=true
08-06 16:17:23.847 16674 16847 W SDL/GPU : Opaque presentation unsupported! Expect weird transparency bugs!
08-06 16:17:23.864 16674 16847 D BufferQueueProducer: [SurfaceView[com.stark.model_loading/com.stark.model_loading.ZigSDLActivity]#1(BLAST Consumer)1](id:412200000001,api:1,p:16674,c:16674) disconnect: api 1
08-06 16:17:23.864 16674 16847 D BufferQueueProducer: [SurfaceView[com.stark.model_loading/com.stark.model_loading.ZigSDLActivity]#1(BLAST Consumer)1](id:412200000001,api:1,p:16674,c:16674) connect: api=1 producerControlledByApp=true
08-06 16:17:23.864 16674 16847 W SDL/GPU : Opaque presentation unsupported! Expect weird transparency bugs!
08-06 16:17:23.879 16674 16847 D BufferQueueProducer: [SurfaceView[com.stark.model_loading/com.stark.model_loading.ZigSDLActivity]#1(BLAST Consumer)1](id:412200000001,api:1,p:16674,c:16674) disconnect: api 1
08-06 16:17:23.879 16674 16847 D BufferQueueProducer: [SurfaceView[com.stark.model_loading/com.stark.model_loading.ZigSDLActivity]#1(BLAST Consumer)1](id:412200000001,api:1,p:16674,c:16674) connect: api=1 producerControlledByApp=true
08-06 16:17:23.879 16674 16847 W SDL/GPU : Opaque presentation unsupported! Expect weird transparency bugs!
08-06 16:17:23.896 16674 16847 D BufferQueueProducer: [SurfaceView[com.stark.model_loading/com.stark.model_loading.ZigSDLActivity]#1(BLAST Consumer)1](id:412200000001,api:1,p:16674,c:16674) disconnect: api 1
08-06 16:17:23.896 16674 16847 D BufferQueueProducer: [SurfaceView[com.stark.model_loading/com.stark.model_loading.ZigSDLActivity]#1(BLAST Consumer)1](id:412200000001,api:1,p:16674,c:16674) connect: api=1 producerControlledByApp=true
08-06 16:17:23.896 16674 16847 W SDL/GPU : Opaque presentation unsupported! Expect weird transparency bugs!
08-06 16:17:23.913 16674 16847 D BufferQueueProducer: [SurfaceView[com.stark.model_loading/com.stark.model_loading.ZigSDLActivity]#1(BLAST Consumer)1](id:412200000001,api:1,p:16674,c:16674) disconnect: api 1
08-06 16:17:23.914 16674 16847 D BufferQueueProducer: [SurfaceView[com.stark.model_loading/com.stark.model_loading.ZigSDLActivity]#1(BLAST Consumer)1](id:412200000001,api:1,p:16674,c:16674) connect: api=1 producerControlledByApp=true
08-06 16:17:23.914 16674 16847 W SDL/GPU : Opaque presentation unsupported! Expect weird transparency bugs!
08-06 16:17:23.931 16674 16847 D BufferQueueProducer: [SurfaceView[com.stark.model_loading/com.stark.model_loading.ZigSDLActivity]#1(BLAST Consumer)1](id:412200000001,api:1,p:16674,c:16674) disconnect: api 1
08-06 16:17:23.931 16674 16847 D BufferQueueProducer: [SurfaceView[com.stark.model_loading/com.stark.model_loading.ZigSDLActivity]#1(BLAST Consumer)1](id:412200000001,api:1,p:16674,c:16674) connect: api=1 producerControlledByApp=true
08-06 16:17:23.931 16674 16847 W SDL/GPU : Opaque presentation unsupported! Expect weird transparency bugs!
08-06 16:17:23.949 16674 16847 D BufferQueueProducer: [SurfaceView[com.stark.model_loading/com.stark.model_loading.ZigSDLActivity]#1(BLAST Consumer)1](id:412200000001,api:1,p:16674,c:16674) disconnect: api 1
08-06 16:17:23.949 16674 16847 D BufferQueueProducer: [SurfaceView[com.stark.model_loading/com.stark.model_loading.ZigSDLActivity]#1(BLAST Consumer)1](id:412200000001,api:1,p:16674,c:16674) connect: api=1 producerControlledByApp=true
08-06 16:17:23.949 16674 16847 W SDL/GPU : Opaque presentation unsupported! Expect weird transparency bugs!
08-06 16:17:23.963 16674 16847 D BufferQueueProducer: [SurfaceView[com.stark.model_loading/com.stark.model_loading.ZigSDLActivity]#1(BLAST Consumer)1](id:412200000001,api:1,p:16674,c:16674) disconnect: api 1
08-06 16:17:23.964 16674 16847 D BufferQueueProducer: [SurfaceView[com.stark.model_loading/com.stark.model_loading.ZigSDLActivity]#1(BLAST Consumer)1](id:412200000001,api:1,p:16674,c:16674) connect: api=1 producerControlledByApp=true
08-06 16:17:23.964 16674 16847 W SDL/GPU : Opaque presentation unsupported! Expect weird transparency bugs!
08-06 16:17:23.982 16674 16847 D BufferQueueProducer: [SurfaceView[com.stark.model_loading/com.stark.model_loading.ZigSDLActivity]#1(BLAST Consumer)1](id:412200000001,api:1,p:16674,c:16674) disconnect: api 1
08-06 16:17:23.982 16674 16847 D BufferQueueProducer: [SurfaceView[com.stark.model_loading/com.stark.model_loading.ZigSDLActivity]#1(BLAST Consumer)1](id:412200000001,api:1,p:16674,c:16674) connect: api=1 producerControlledByApp=true
08-06 16:17:23.982 16674 16847 W SDL/GPU : Opaque presentation unsupported! Expect weird transparency bugs!
08-06 16:17:23.999 16674 16847 D BufferQueueProducer: [SurfaceView[com.stark.model_loading/com.stark.model_loading.ZigSDLActivity]#1(BLAST Consumer)1](id:412200000001,api:1,p:16674,c:16674) disconnect: api 1
08-06 16:17:23.999 16674 16847 D BufferQueueProducer: [SurfaceView[com.stark.model_loading/com.stark.model_loading.ZigSDLActivity]#1(BLAST Consumer)1](id:412200000001,api:1,p:16674,c:16674) connect: api=1 producerControlledByApp=true
08-06 16:17:23.999 16674 16847 W SDL/GPU : Opaque presentation unsupported! Expect weird transparency bugs!
08-06 16:17:24.015 16674 16847 D BufferQueueProducer: [SurfaceView[com.stark.model_loading/com.stark.model_loading.ZigSDLActivity]#1(BLAST Consumer)1](id:412200000001,api:1,p:16674,c:16674) disconnect: api 1
08-06 16:17:24.015 16674 16847 D BufferQueueProducer: [SurfaceView[com.stark.model_loading/com.stark.model_loading.ZigSDLActivity]#1(BLAST Consumer)1](id:412200000001,api:1,p:16674,c:16674) connect: api=1 producerControlledByApp=true
08-06 16:17:24.015 16674 16847 W SDL/GPU : Opaque presentation unsupported! Expect weird transparency bugs!
08-06 16:17:24.031 16674 16847 D BufferQueueProducer: [SurfaceView[com.stark.model_loading/com.stark.model_loading.ZigSDLActivity]#1(BLAST Consumer)1](id:412200000001,api:1,p:16674,c:16674) disconnect: api 1
08-06 16:17:24.031 16674 16847 D BufferQueueProducer: [SurfaceView[com.stark.model_loading/com.stark.model_loading.ZigSDLActivity]#1(BLAST Consumer)1](id:412200000001,api:1,p:16674,c:16674) connect: api=1 producerControlledByApp=true
08-06 16:17:24.031 16674 16847 W SDL/GPU : Opaque presentation unsupported! Expect weird transparency bugs!
08-06 16:17:24.639  3503 12705 D WindowManager: NFW_findFocusedWindowIfNeeded:Window{e798728 u0 com.stark.model_loading/com.stark.model_loading.ZigSDLActivity} mCurrentFocus:Window{e798728 u0 com.stark.model_loading/com.stark.model_loading.ZigSDLActivity}
08-06 16:17:24.725 16674 16847 W LOG_FLOWCTRL: ==LOGS OVER PROC QUOTA(300), rows(662) bytes(44328) com.stark.model_loading DROPPED==
08-06 16:17:24.725 16674 16847 D BufferQueueProducer: [SurfaceView[com.stark.model_loading/com.stark.model_loading.ZigSDLActivity]#1(BLAST Consumer)1](id:412200000001,api:1,p:16674,c:16674) disconnect: api 1
08-06 16:17:24.725 16674 16847 D BufferQueueProducer: [SurfaceView[com.stark.model_loading/com.stark.model_loading.ZigSDLActivity]#1(BLAST Consumer)1](id:412200000001,api:1,p:16674,c:16674) connect: api=1 producerControlledByApp=true
08-06 16:17:24.725 16674 16847 W SDL/GPU : Opaque presentation unsupported! Expect weird transparency bugs!
08-06 16:17:24.740 16674 16847 D BufferQueueProducer: [SurfaceView[com.stark.model_loading/com.stark.model_loading.ZigSDLActivity]#1(BLAST Consumer)1](id:412200000001,api:1,p:16674,c:16674) disconnect: api 1
08-06 16:17:24.740 16674 16847 D BufferQueueProducer: [SurfaceView[com.stark.model_loading/com.stark.model_loading.ZigSDLActivity]#1(BLAST Consumer)1](id:412200000001,api:1,p:16674,c:16674) connect: api=1 producerControlledByApp=true
08-06 16:17:24.741 16674 16847 W SDL/GPU : Opaque presentation unsupported! Expect weird transparency bugs!
08-06 16:17:24.759 16674 16847 D BufferQueueProducer: [SurfaceView[com.stark.model_loading/com.stark.model_loading.ZigSDLActivity]#1(BLAST Consumer)1](id:412200000001,api:1,p:16674,c:16674) disconnect: api 1
08-06 16:17:24.759 16674 16847 D BufferQueueProducer: [SurfaceView[com.stark.model_loading/com.stark.model_loading.ZigSDLActivity]#1(BLAST Consumer)1](id:412200000001,api:1,p:16674,c:16674) connect: api=1 producerControlledByApp=true
08-06 16:17:24.759 16674 16847 W SDL/GPU : Opaque presentation unsupported! Expect weird transparency bugs!
08-06 16:17:24.775 16674 16847 D BufferQueueProducer: [SurfaceView[com.stark.model_loading/com.stark.model_loading.ZigSDLActivity]#1(BLAST Consumer)1](id:412200000001,api:1,p:16674,c:16674) disconnect: api 1
08-06 16:17:24.775 16674 16847 D BufferQueueProducer: [SurfaceView[com.stark.model_loading/com.stark.model_loading.ZigSDLActivity]#1(BLAST Consumer)1](id:412200000001,api:1,p:16674,c:16674) connect: api=1 producerControlledByApp=true
08-06 16:17:24.775 16674 16847 W SDL/GPU : Opaque presentation unsupported! Expect weird transparency bugs!
08-06 16:17:24.793 16674 16847 D BufferQueueProducer: [SurfaceView[com.stark.model_loading/com.stark.model_loading.ZigSDLActivity]#1(BLAST Consumer)1](id:412200000001,api:1,p:16674,c:16674) disconnect: api 1
08-06 16:17:24.793 16674 16847 D BufferQueueProducer: [SurfaceView[com.stark.model_loading/com.stark.model_loading.ZigSDLActivity]#1(BLAST Consumer)1](id:412200000001,api:1,p:16674,c:16674) connect: api=1 producerControlledByApp=true
08-06 16:17:24.793 16674 16847 W SDL/GPU : Opaque presentation unsupported! Expect weird transparency bugs!
08-06 16:17:24.808 16674 16847 D BufferQueueProducer: [SurfaceView[com.stark.model_loading/com.stark.model_loading.ZigSDLActivity]#1(BLAST Consumer)1](id:412200000001,api:1,p:16674,c:16674) disconnect: api 1
08-06 16:17:24.808 16674 16847 D BufferQueueProducer: [SurfaceView[com.stark.model_loading/com.stark.model_loading.ZigSDLActivity]#1(BLAST Consumer)1](id:412200000001,api:1,p:16674,c:16674) connect: api=1 producerControlledByApp=true
08-06 16:17:24.808 16674 16847 W SDL/GPU : Opaque presentation unsupported! Expect weird transparency bugs!
08-06 16:17:24.827 16674 16847 D BufferQueueProducer: [SurfaceView[com.stark.model_loading/com.stark.model_loading.ZigSDLActivity]#1(BLAST Consumer)1](id:412200000001,api:1,p:16674,c:16674) disconnect: api 1
08-06 16:17:24.827 16674 16847 D BufferQueueProducer: [SurfaceView[com.stark.model_loading/com.stark.model_loading.ZigSDLActivity]#1(BLAST Consumer)1](id:412200000001,api:1,p:16674,c:16674) connect: api=1 producerControlledByApp=true
08-06 16:17:24.827 16674 16847 W SDL/GPU : Opaque presentation unsupported! Expect weird transparency bugs!
08-06 16:17:24.842 16674 16847 D BufferQueueProducer: [SurfaceView[com.stark.model_loading/com.stark.model_loading.ZigSDLActivity]#1(BLAST Consumer)1](id:412200000001,api:1,p:16674,c:16674) disconnect: api 1
08-06 16:17:24.842 16674 16847 D BufferQueueProducer: [SurfaceView[com.stark.model_loading/com.stark.model_loading.ZigSDLActivity]#1(BLAST Consumer)1](id:412200000001,api:1,p:16674,c:16674) connect: api=1 producerControlledByApp=true
08-06 16:17:24.842 16674 16847 W SDL/GPU : Opaque presentation unsupported! Expect weird transparency bugs!
08-06 16:17:24.857 16674 16847 D BufferQueueProducer: [SurfaceView[com.stark.model_loading/com.stark.model_loading.ZigSDLActivity]#1(BLAST Consumer)1](id:412200000001,api:1,p:16674,c:16674) disconnect: api 1
08-06 16:17:24.858 16674 16847 D BufferQueueProducer: [SurfaceView[com.stark.model_loading/com.stark.model_loading.ZigSDLActivity]#1(BLAST Consumer)1](id:412200000001,api:1,p:16674,c:16674) connect: api=1 producerControlledByApp=true
08-06 16:17:24.858 16674 16847 W SDL/GPU : Opaque presentation unsupported! Expect weird transparency bugs!
08-06 16:17:24.875 16674 16847 D BufferQueueProducer: [SurfaceView[com.stark.model_loading/com.stark.model_loading.ZigSDLActivity]#1(BLAST Consumer)1](id:412200000001,api:1,p:16674,c:16674) disconnect: api 1
08-06 16:17:24.876 16674 16847 D BufferQueueProducer: [SurfaceView[com.stark.model_loading/com.stark.model_loading.ZigSDLActivity]#1(BLAST Consumer)1](id:412200000001,api:1,p:16674,c:16674) connect: api=1 producerControlledByApp=true
08-06 16:17:24.876 16674 16847 W SDL/GPU : Opaque presentation unsupported! Expect weird transparency bugs!
08-06 16:17:24.892 16674 16847 D BufferQueueProducer: [SurfaceView[com.stark.model_loading/com.stark.model_loading.ZigSDLActivity]#1(BLAST Consumer)1](id:412200000001,api:1,p:16674,c:16674) disconnect: api 1
08-06 16:17:24.892 16674 16847 D BufferQueueProducer: [SurfaceView[com.stark.model_loading/com.stark.model_loading.ZigSDLActivity]#1(BLAST Consumer)1](id:412200000001,api:1,p:16674,c:16674) connect: api=1 producerControlledByApp=true
08-06 16:17:24.892 16674 16847 W SDL/GPU : Opaque presentation unsupported! Expect weird transparency bugs!
08-06 16:17:24.910 16674 16847 D BufferQueueProducer: [SurfaceView[com.stark.model_loading/com.stark.model_loading.ZigSDLActivity]#1(BLAST Consumer)1](id:412200000001,api:1,p:16674,c:16674) disconnect: api 1
08-06 16:17:24.911 16674 16847 D BufferQueueProducer: [SurfaceView[com.stark.model_loading/com.stark.model_loading.ZigSDLActivity]#1(BLAST Consumer)1](id:412200000001,api:1,p:16674,c:16674) connect: api=1 producerControlledByApp=true
08-06 16:17:24.911 16674 16847 W SDL/GPU : Opaque presentation unsupported! Expect weird transparency bugs!
08-06 16:17:24.928 16674 16847 D BufferQueueProducer: [SurfaceView[com.stark.model_loading/com.stark.model_loading.ZigSDLActivity]#1(BLAST Consumer)1](id:412200000001,api:1,p:16674,c:16674) disconnect: api 1
08-06 16:17:24.928 16674 16847 D BufferQueueProducer: [SurfaceView[com.stark.model_loading/com.stark.model_loading.ZigSDLActivity]#1(BLAST Consumer)1](id:412200000001,api:1,p:16674,c:16674) connect: api=1 producerControlledByApp=true
08-06 16:17:24.928 16674 16847 W SDL/GPU : Opaque presentation unsupported! Expect weird transparency bugs!
08-06 16:17:24.945 16674 16847 D BufferQueueProducer: [SurfaceView[com.stark.model_loading/com.stark.model_loading.ZigSDLActivity]#1(BLAST Consumer)1](id:412200000001,api:1,p:16674,c:16674) disconnect: api 1
08-06 16:17:24.945 16674 16847 D BufferQueueProducer: [SurfaceView[com.stark.model_loading/com.stark.model_loading.ZigSDLActivity]#1(BLAST Consumer)1](id:412200000001,api:1,p:16674,c:16674) connect: api=1 producerControlledByApp=true
08-06 16:17:24.945 16674 16847 W SDL/GPU : Opaque presentation unsupported! Expect weird transparency bugs!
08-06 16:17:24.958 16674 16847 D BufferQueueProducer: [SurfaceView[com.stark.model_loading/com.stark.model_loading.ZigSDLActivity]#1(BLAST Consumer)1](id:412200000001,api:1,p:16674,c:16674) disconnect: api 1
08-06 16:17:24.958 16674 16847 D BufferQueueProducer: [SurfaceView[com.stark.model_loading/com.stark.model_loading.ZigSDLActivity]#1(BLAST Consumer)1](id:412200000001,api:1,p:16674,c:16674) connect: api=1 producerControlledByApp=true
08-06 16:17:24.958 16674 16847 W SDL/GPU : Opaque presentation unsupported! Expect weird transparency bugs!
08-06 16:17:24.976 16674 16847 D BufferQueueProducer: [SurfaceView[com.stark.model_loading/com.stark.model_loading.ZigSDLActivity]#1(BLAST Consumer)1](id:412200000001,api:1,p:16674,c:16674) disconnect: api 1
08-06 16:17:24.976 16674 16847 D BufferQueueProducer: [SurfaceView[com.stark.model_loading/com.stark.model_loading.ZigSDLActivity]#1(BLAST Consumer)1](id:412200000001,api:1,p:16674,c:16674) connect: api=1 producerControlledByApp=true
08-06 16:17:24.976 16674 16847 W SDL/GPU : Opaque presentation unsupported! Expect weird transparency bugs!
08-06 16:17:24.993 16674 16847 D BufferQueueProducer: [SurfaceView[com.stark.model_loading/com.stark.model_loading.ZigSDLActivity]#1(BLAST Consumer)1](id:412200000001,api:1,p:16674,c:16674) disconnect: api 1
08-06 16:17:24.993 16674 16847 D BufferQueueProducer: [SurfaceView[com.stark.model_loading/com.stark.model_loading.ZigSDLActivity]#1(BLAST Consumer)1](id:412200000001,api:1,p:16674,c:16674) connect: api=1 producerControlledByApp=true
08-06 16:17:24.993 16674 16847 W SDL/GPU : Opaque presentation unsupported! Expect weird transparency bugs!
08-06 16:17:25.007 16674 16847 D BufferQueueProducer: [SurfaceView[com.stark.model_loading/com.stark.model_loading.ZigSDLActivity]#1(BLAST Consumer)1](id:412200000001,api:1,p:16674,c:16674) disconnect: api 1
08-06 16:17:25.007 16674 16847 D BufferQueueProducer: [SurfaceView[com.stark.model_loading/com.stark.model_loading.ZigSDLActivity]#1(BLAST Consumer)1](id:412200000001,api:1,p:16674,c:16674) connect: api=1 producerControlledByApp=true
08-06 16:17:25.007 16674 16847 W SDL/GPU : Opaque presentation unsupported! Expect weird transparency bugs!
08-06 16:17:25.025 16674 16847 D BufferQueueProducer: [SurfaceView[com.stark.model_loading/com.stark.model_loading.ZigSDLActivity]#1(BLAST Consumer)1](id:412200000001,api:1,p:16674,c:16674) disconnect: api 1
08-06 16:17:25.026 16674 16847 D BufferQueueProducer: [SurfaceView[com.stark.model_loading/com.stark.model_loading.ZigSDLActivity]#1(BLAST Consumer)1](id:412200000001,api:1,p:16674,c:16674) connect: api=1 producerControlledByApp=true
08-06 16:17:25.026 16674 16847 W SDL/GPU : Opaque presentation unsupported! Expect weird transparency bugs!
08-06 16:17:25.729  6503  6582 W [0]DCS-UnInstallRecorder: onAndroidPackageRemoved receive same pkg: com.stark.model_loading in 10 seconds
08-06 16:17:25.737 16674 16847 W LOG_FLOWCTRL: ==LOGS OVER PROC QUOTA(300), rows(675) bytes(45073) com.stark.model_loading DROPPED==
08-06 16:17:25.737 16674 16847 D BufferQueueProducer: [SurfaceView[com.stark.model_loading/com.stark.model_loading.ZigSDLActivity]#1(BLAST Consumer)1](id:412200000001,api:1,p:16674,c:16674) disconnect: api 1
08-06 16:17:25.738 16674 16847 D BufferQueueProducer: [SurfaceView[com.stark.model_loading/com.stark.model_loading.ZigSDLActivity]#1(BLAST Consumer)1](id:412200000001,api:1,p:16674,c:16674) connect: api=1 producerControlledByApp=true
08-06 16:17:25.738 16674 16847 W SDL/GPU : Opaque presentation unsupported! Expect weird transparency bugs!
08-06 16:17:25.754 16674 16847 D BufferQueueProducer: [SurfaceView[com.stark.model_loading/com.stark.model_loading.ZigSDLActivity]#1(BLAST Consumer)1](id:412200000001,api:1,p:16674,c:16674) disconnect: api 1
08-06 16:17:25.754 16674 16847 D BufferQueueProducer: [SurfaceView[com.stark.model_loading/com.stark.model_loading.ZigSDLActivity]#1(BLAST Consumer)1](id:412200000001,api:1,p:16674,c:16674) connect: api=1 producerControlledByApp=true
08-06 16:17:25.754 16674 16847 W SDL/GPU : Opaque presentation unsupported! Expect weird transparency bugs!
08-06 16:17:25.772 16674 16847 D BufferQueueProducer: [SurfaceView[com.stark.model_loading/com.stark.model_loading.ZigSDLActivity]#1(BLAST Consumer)1](id:412200000001,api:1,p:16674,c:16674) disconnect: api 1
08-06 16:17:25.773 16674 16847 D BufferQueueProducer: [SurfaceView[com.stark.model_loading/com.stark.model_loading.ZigSDLActivity]#1(BLAST Consumer)1](id:412200000001,api:1,p:16674,c:16674) connect: api=1 producerControlledByApp=true
08-06 16:17:25.773 16674 16847 W SDL/GPU : Opaque presentation unsupported! Expect weird transparency bugs!
08-06 16:17:25.788 16674 16847 D BufferQueueProducer: [SurfaceView[com.stark.model_loading/com.stark.model_loading.ZigSDLActivity]#1(BLAST Consumer)1](id:412200000001,api:1,p:16674,c:16674) disconnect: api 1
08-06 16:17:25.788 16674 16847 D BufferQueueProducer: [SurfaceView[com.stark.model_loading/com.stark.model_loading.ZigSDLActivity]#1(BLAST Consumer)1](id:412200000001,api:1,p:16674,c:16674) connect: api=1 producerControlledByApp=true
08-06 16:17:25.788 16674 16847 W SDL/GPU : Opaque presentation unsupported! Expect weird transparency bugs!
08-06 16:17:25.804 16674 16847 D BufferQueueProducer: [SurfaceView[com.stark.model_loading/com.stark.model_loading.ZigSDLActivity]#1(BLAST Consumer)1](id:412200000001,api:1,p:16674,c:16674) disconnect: api 1
08-06 16:17:25.805 16674 16847 D BufferQueueProducer: [SurfaceView[com.stark.model_loading/com.stark.model_loading.ZigSDLActivity]#1(BLAST Consumer)1](id:412200000001,api:1,p:16674,c:16674) connect: api=1 producerControlledByApp=true
08-06 16:17:25.805 16674 16847 W SDL/GPU : Opaque presentation unsupported! Expect weird transparency bugs!
08-06 16:17:25.821 16674 16847 D BufferQueueProducer: [SurfaceView[com.stark.model_loading/com.stark.model_loading.ZigSDLActivity]#1(BLAST Consumer)1](id:412200000001,api:1,p:16674,c:16674) disconnect: api 1
08-06 16:17:25.821 16674 16847 D BufferQueueProducer: [SurfaceView[com.stark.model_loading/com.stark.model_loading.ZigSDLActivity]#1(BLAST Consumer)1](id:412200000001,api:1,p:16674,c:16674) connect: api=1 producerControlledByApp=true
08-06 16:17:25.822 16674 16847 W SDL/GPU : Opaque presentation unsupported! Expect weird transparency bugs!
08-06 16:17:25.838 16674 16847 D BufferQueueProducer: [SurfaceView[com.stark.model_loading/com.stark.model_loading.ZigSDLActivity]#1(BLAST Consumer)1](id:412200000001,api:1,p:16674,c:16674) disconnect: api 1
08-06 16:17:25.838 16674 16847 D BufferQueueProducer: [SurfaceView[com.stark.model_loading/com.stark.model_loading.ZigSDLActivity]#1(BLAST Consumer)1](id:412200000001,api:1,p:16674,c:16674) connect: api=1 producerControlledByApp=true
08-06 16:17:25.838 16674 16847 W SDL/GPU : Opaque presentation unsupported! Expect weird transparency bugs!
08-06 16:17:25.865 16674 16847 D BufferQueueProducer: [SurfaceView[com.stark.model_loading/com.stark.model_loading.ZigSDLActivity]#1(BLAST Consumer)1](id:412200000001,api:1,p:16674,c:16674) disconnect: api 1
08-06 16:17:25.865 16674 16847 D BufferQueueProducer: [SurfaceView[com.stark.model_loading/com.stark.model_loading.ZigSDLActivity]#1(BLAST Consumer)1](id:412200000001,api:1,p:16674,c:16674) connect: api=1 producerControlledByApp=true
08-06 16:17:25.865 16674 16847 W SDL/GPU : Opaque presentation unsupported! Expect weird transparency bugs!
08-06 16:17:25.882 16674 16847 D BufferQueueProducer: [SurfaceView[com.stark.model_loading/com.stark.model_loading.ZigSDLActivity]#1(BLAST Consumer)1](id:412200000001,api:1,p:16674,c:16674) disconnect: api 1
08-06 16:17:25.882 16674 16847 D BufferQueueProducer: [SurfaceView[com.stark.model_loading/com.stark.model_loading.ZigSDLActivity]#1(BLAST Consumer)1](id:412200000001,api:1,p:16674,c:16674) connect: api=1 producerControlledByApp=true
08-06 16:17:25.882 16674 16847 W SDL/GPU : Opaque presentation unsupported! Expect weird transparency bugs!
08-06 16:17:25.897 16674 16847 D BufferQueueProducer: [SurfaceView[com.stark.model_loading/com.stark.model_loading.ZigSDLActivity]#1(BLAST Consumer)1](id:412200000001,api:1,p:16674,c:16674) disconnect: api 1
08-06 16:17:25.898 16674 16847 D BufferQueueProducer: [SurfaceView[com.stark.model_loading/com.stark.model_loading.ZigSDLActivity]#1(BLAST Consumer)1](id:412200000001,api:1,p:16674,c:16674) connect: api=1 producerControlledByApp=true
08-06 16:17:25.898 16674 16847 W SDL/GPU : Opaque presentation unsupported! Expect weird transparency bugs!
08-06 16:17:25.915 16674 16847 D BufferQueueProducer: [SurfaceView[com.stark.model_loading/com.stark.model_loading.ZigSDLActivity]#1(BLAST Consumer)1](id:412200000001,api:1,p:16674,c:16674) disconnect: api 1
