08-06 16:17:25.915 16674 16847 D BufferQueueProducer: [SurfaceView[com.stark.model_loading/com.stark.model_loading.ZigSDLActivity]#1(BLAST Consumer)1](id:412200000001,api:1,p:16674,c:16674) connect: api=1 producerControlledByApp=true
08-06 16:17:25.915 16674 16847 W SDL/GPU : Opaque presentation unsupported! Expect weird transparency bugs!
08-06 16:17:25.931 16674 16847 D BufferQueueProducer: [SurfaceView[com.stark.model_loading/com.stark.model_loading.ZigSDLActivity]#1(BLAST Consumer)1](id:412200000001,api:1,p:16674,c:16674) disconnect: api 1
08-06 16:17:25.932 16674 16847 D BufferQueueProducer: [SurfaceView[com.stark.model_loading/com.stark.model_loading.ZigSDLActivity]#1(BLAST Consumer)1](id:412200000001,api:1,p:16674,c:16674) connect: api=1 producerControlledByApp=true
08-06 16:17:25.932 16674 16847 W SDL/GPU : Opaque presentation unsupported! Expect weird transparency bugs!
08-06 16:17:25.948 16674 16847 D BufferQueueProducer: [SurfaceView[com.stark.model_loading/com.stark.model_loading.ZigSDLActivity]#1(BLAST Consumer)1](id:412200000001,api:1,p:16674,c:16674) disconnect: api 1
08-06 16:17:25.948 16674 16847 D BufferQueueProducer: [SurfaceView[com.stark.model_loading/com.stark.model_loading.ZigSDLActivity]#1(BLAST Consumer)1](id:412200000001,api:1,p:16674,c:16674) connect: api=1 producerControlledByApp=true
08-06 16:17:25.948 16674 16847 W SDL/GPU : Opaque presentation unsupported! Expect weird transparency bugs!
08-06 16:17:25.965 16674 16847 D BufferQueueProducer: [SurfaceView[com.stark.model_loading/com.stark.model_loading.ZigSDLActivity]#1(BLAST Consumer)1](id:412200000001,api:1,p:16674,c:16674) disconnect: api 1
08-06 16:17:25.965 16674 16847 D BufferQueueProducer: [SurfaceView[com.stark.model_loading/com.stark.model_loading.ZigSDLActivity]#1(BLAST Consumer)1](id:412200000001,api:1,p:16674,c:16674) connect: api=1 producerControlledByApp=true
08-06 16:17:25.965 16674 16847 W SDL/GPU : Opaque presentation unsupported! Expect weird transparency bugs!
08-06 16:17:25.981 16674 16847 D BufferQueueProducer: [SurfaceView[com.stark.model_loading/com.stark.model_loading.ZigSDLActivity]#1(BLAST Consumer)1](id:412200000001,api:1,p:16674,c:16674) disconnect: api 1
08-06 16:17:25.981 16674 16847 D BufferQueueProducer: [SurfaceView[com.stark.model_loading/com.stark.model_loading.ZigSDLActivity]#1(BLAST Consumer)1](id:412200000001,api:1,p:16674,c:16674) connect: api=1 producerControlledByApp=true
08-06 16:17:25.981 16674 16847 W SDL/GPU : Opaque presentation unsupported! Expect weird transparency bugs!
08-06 16:17:25.997 16674 16847 D BufferQueueProducer: [SurfaceView[com.stark.model_loading/com.stark.model_loading.ZigSDLActivity]#1(BLAST Consumer)1](id:412200000001,api:1,p:16674,c:16674) disconnect: api 1
08-06 16:17:25.998 16674 16847 D BufferQueueProducer: [SurfaceView[com.stark.model_loading/com.stark.model_loading.ZigSDLActivity]#1(BLAST Consumer)1](id:412200000001,api:1,p:16674,c:16674) connect: api=1 producerControlledByApp=true
08-06 16:17:25.998 16674 16847 W SDL/GPU : Opaque presentation unsupported! Expect weird transparency bugs!
08-06 16:17:26.013 16674 16847 D BufferQueueProducer: [SurfaceView[com.stark.model_loading/com.stark.model_loading.ZigSDLActivity]#1(BLAST Consumer)1](id:412200000001,api:1,p:16674,c:16674) disconnect: api 1
08-06 16:17:26.014 16674 16847 D BufferQueueProducer: [SurfaceView[com.stark.model_loading/com.stark.model_loading.ZigSDLActivity]#1(BLAST Consumer)1](id:412200000001,api:1,p:16674,c:16674) connect: api=1 producerControlledByApp=true
08-06 16:17:26.014 16674 16847 W SDL/GPU : Opaque presentation unsupported! Expect weird transparency bugs!
08-06 16:17:26.030 16674 16847 D BufferQueueProducer: [SurfaceView[com.stark.model_loading/com.stark.model_loading.ZigSDLActivity]#1(BLAST Consumer)1](id:412200000001,api:1,p:16674,c:16674) disconnect: api 1
08-06 16:17:26.031 16674 16847 D BufferQueueProducer: [SurfaceView[com.stark.model_loading/com.stark.model_loading.ZigSDLActivity]#1(BLAST Consumer)1](id:412200000001,api:1,p:16674,c:16674) connect: api=1 producerControlledByApp=true
08-06 16:17:26.031 16674 16847 W SDL/GPU : Opaque presentation unsupported! Expect weird transparency bugs!
08-06 16:17:26.047 16674 16847 D BufferQueueProducer: [SurfaceView[com.stark.model_loading/com.stark.model_loading.ZigSDLActivity]#1(BLAST Consumer)1](id:412200000001,api:1,p:16674,c:16674) disconnect: api 1
08-06 16:17:26.047 16674 16847 D BufferQueueProducer: [SurfaceView[com.stark.model_loading/com.stark.model_loading.ZigSDLActivity]#1(BLAST Consumer)1](id:412200000001,api:1,p:16674,c:16674) connect: api=1 producerControlledByApp=true
08-06 16:17:26.047 16674 16847 W SDL/GPU : Opaque presentation unsupported! Expect weird transparency bugs!
08-06 16:17:26.741 16674 16847 W LOG_FLOWCTRL: ==LOGS OVER PROC QUOTA(300), rows(659) bytes(44004) com.stark.model_loading DROPPED==
08-06 16:17:26.741 16674 16847 D BufferQueueProducer: [SurfaceView[com.stark.model_loading/com.stark.model_loading.ZigSDLActivity]#1(BLAST Consumer)1](id:412200000001,api:1,p:16674,c:16674) disconnect: api 1
08-06 16:17:26.742 16674 16847 D BufferQueueProducer: [SurfaceView[com.stark.model_loading/com.stark.model_loading.ZigSDLActivity]#1(BLAST Consumer)1](id:412200000001,api:1,p:16674,c:16674) connect: api=1 producerControlledByApp=true
08-06 16:17:26.742 16674 16847 W SDL/GPU : Opaque presentation unsupported! Expect weird transparency bugs!
08-06 16:17:26.757 16674 16847 D BufferQueueProducer: [SurfaceView[com.stark.model_loading/com.stark.model_loading.ZigSDLActivity]#1(BLAST Consumer)1](id:412200000001,api:1,p:16674,c:16674) disconnect: api 1
08-06 16:17:26.758 16674 16847 D BufferQueueProducer: [SurfaceView[com.stark.model_loading/com.stark.model_loading.ZigSDLActivity]#1(BLAST Consumer)1](id:412200000001,api:1,p:16674,c:16674) connect: api=1 producerControlledByApp=true
08-06 16:17:26.758 16674 16847 W SDL/GPU : Opaque presentation unsupported! Expect weird transparency bugs!
08-06 16:17:26.774 16674 16847 D BufferQueueProducer: [SurfaceView[com.stark.model_loading/com.stark.model_loading.ZigSDLActivity]#1(BLAST Consumer)1](id:412200000001,api:1,p:16674,c:16674) disconnect: api 1
08-06 16:17:26.775 16674 16847 D BufferQueueProducer: [SurfaceView[com.stark.model_loading/com.stark.model_loading.ZigSDLActivity]#1(BLAST Consumer)1](id:412200000001,api:1,p:16674,c:16674) connect: api=1 producerControlledByApp=true
08-06 16:17:26.775 16674 16847 W SDL/GPU : Opaque presentation unsupported! Expect weird transparency bugs!
08-06 16:17:26.791 16674 16847 D BufferQueueProducer: [SurfaceView[com.stark.model_loading/com.stark.model_loading.ZigSDLActivity]#1(BLAST Consumer)1](id:412200000001,api:1,p:16674,c:16674) disconnect: api 1
08-06 16:17:26.791 16674 16847 D BufferQueueProducer: [SurfaceView[com.stark.model_loading/com.stark.model_loading.ZigSDLActivity]#1(BLAST Consumer)1](id:412200000001,api:1,p:16674,c:16674) connect: api=1 producerControlledByApp=true
08-06 16:17:26.791 16674 16847 W SDL/GPU : Opaque presentation unsupported! Expect weird transparency bugs!
08-06 16:17:26.807 16674 16847 D BufferQueueProducer: [SurfaceView[com.stark.model_loading/com.stark.model_loading.ZigSDLActivity]#1(BLAST Consumer)1](id:412200000001,api:1,p:16674,c:16674) disconnect: api 1
08-06 16:17:26.807 16674 16847 D BufferQueueProducer: [SurfaceView[com.stark.model_loading/com.stark.model_loading.ZigSDLActivity]#1(BLAST Consumer)1](id:412200000001,api:1,p:16674,c:16674) connect: api=1 producerControlledByApp=true
08-06 16:17:26.807 16674 16847 W SDL/GPU : Opaque presentation unsupported! Expect weird transparency bugs!
08-06 16:17:26.824 16674 16847 D BufferQueueProducer: [SurfaceView[com.stark.model_loading/com.stark.model_loading.ZigSDLActivity]#1(BLAST Consumer)1](id:412200000001,api:1,p:16674,c:16674) disconnect: api 1
08-06 16:17:26.824 16674 16847 D BufferQueueProducer: [SurfaceView[com.stark.model_loading/com.stark.model_loading.ZigSDLActivity]#1(BLAST Consumer)1](id:412200000001,api:1,p:16674,c:16674) connect: api=1 producerControlledByApp=true
08-06 16:17:26.824 16674 16847 W SDL/GPU : Opaque presentation unsupported! Expect weird transparency bugs!
08-06 16:17:26.841 16674 16847 D BufferQueueProducer: [SurfaceView[com.stark.model_loading/com.stark.model_loading.ZigSDLActivity]#1(BLAST Consumer)1](id:412200000001,api:1,p:16674,c:16674) disconnect: api 1
08-06 16:17:26.841 16674 16847 D BufferQueueProducer: [SurfaceView[com.stark.model_loading/com.stark.model_loading.ZigSDLActivity]#1(BLAST Consumer)1](id:412200000001,api:1,p:16674,c:16674) connect: api=1 producerControlledByApp=true
08-06 16:17:26.841 16674 16847 W SDL/GPU : Opaque presentation unsupported! Expect weird transparency bugs!
08-06 16:17:26.857 16674 16847 D BufferQueueProducer: [SurfaceView[com.stark.model_loading/com.stark.model_loading.ZigSDLActivity]#1(BLAST Consumer)1](id:412200000001,api:1,p:16674,c:16674) disconnect: api 1
08-06 16:17:26.857 16674 16847 D BufferQueueProducer: [SurfaceView[com.stark.model_loading/com.stark.model_loading.ZigSDLActivity]#1(BLAST Consumer)1](id:412200000001,api:1,p:16674,c:16674) connect: api=1 producerControlledByApp=true
08-06 16:17:26.857 16674 16847 W SDL/GPU : Opaque presentation unsupported! Expect weird transparency bugs!
08-06 16:17:26.874 16674 16847 D BufferQueueProducer: [SurfaceView[com.stark.model_loading/com.stark.model_loading.ZigSDLActivity]#1(BLAST Consumer)1](id:412200000001,api:1,p:16674,c:16674) disconnect: api 1
08-06 16:17:26.874 16674 16847 D BufferQueueProducer: [SurfaceView[com.stark.model_loading/com.stark.model_loading.ZigSDLActivity]#1(BLAST Consumer)1](id:412200000001,api:1,p:16674,c:16674) connect: api=1 producerControlledByApp=true
08-06 16:17:26.874 16674 16847 W SDL/GPU : Opaque presentation unsupported! Expect weird transparency bugs!
08-06 16:17:26.890 16674 16847 D BufferQueueProducer: [SurfaceView[com.stark.model_loading/com.stark.model_loading.ZigSDLActivity]#1(BLAST Consumer)1](id:412200000001,api:1,p:16674,c:16674) disconnect: api 1
08-06 16:17:26.891 16674 16847 D BufferQueueProducer: [SurfaceView[com.stark.model_loading/com.stark.model_loading.ZigSDLActivity]#1(BLAST Consumer)1](id:412200000001,api:1,p:16674,c:16674) connect: api=1 producerControlledByApp=true
08-06 16:17:26.891 16674 16847 W SDL/GPU : Opaque presentation unsupported! Expect weird transparency bugs!
08-06 16:17:26.906 16674 16847 D BufferQueueProducer: [SurfaceView[com.stark.model_loading/com.stark.model_loading.ZigSDLActivity]#1(BLAST Consumer)1](id:412200000001,api:1,p:16674,c:16674) disconnect: api 1
08-06 16:17:26.907 16674 16847 D BufferQueueProducer: [SurfaceView[com.stark.model_loading/com.stark.model_loading.ZigSDLActivity]#1(BLAST Consumer)1](id:412200000001,api:1,p:16674,c:16674) connect: api=1 producerControlledByApp=true
08-06 16:17:26.907 16674 16847 W SDL/GPU : Opaque presentation unsupported! Expect weird transparency bugs!
08-06 16:17:26.923 16674 16847 D BufferQueueProducer: [SurfaceView[com.stark.model_loading/com.stark.model_loading.ZigSDLActivity]#1(BLAST Consumer)1](id:412200000001,api:1,p:16674,c:16674) disconnect: api 1
08-06 16:17:26.923 16674 16847 D BufferQueueProducer: [SurfaceView[com.stark.model_loading/com.stark.model_loading.ZigSDLActivity]#1(BLAST Consumer)1](id:412200000001,api:1,p:16674,c:16674) connect: api=1 producerControlledByApp=true
08-06 16:17:26.923 16674 16847 W SDL/GPU : Opaque presentation unsupported! Expect weird transparency bugs!
08-06 16:17:26.939 16674 16847 D BufferQueueProducer: [SurfaceView[com.stark.model_loading/com.stark.model_loading.ZigSDLActivity]#1(BLAST Consumer)1](id:412200000001,api:1,p:16674,c:16674) disconnect: api 1
08-06 16:17:26.940 16674 16847 D BufferQueueProducer: [SurfaceView[com.stark.model_loading/com.stark.model_loading.ZigSDLActivity]#1(BLAST Consumer)1](id:412200000001,api:1,p:16674,c:16674) connect: api=1 producerControlledByApp=true
08-06 16:17:26.940 16674 16847 W SDL/GPU : Opaque presentation unsupported! Expect weird transparency bugs!
08-06 16:17:26.941  3503 12712 D WindowManager: NFW_findFocusedWindowIfNeeded:Window{e798728 u0 com.stark.model_loading/com.stark.model_loading.ZigSDLActivity} mCurrentFocus:Window{e798728 u0 com.stark.model_loading/com.stark.model_loading.ZigSDLActivity}
08-06 16:17:26.956 16674 16847 D BufferQueueProducer: [SurfaceView[com.stark.model_loading/com.stark.model_loading.ZigSDLActivity]#1(BLAST Consumer)1](id:412200000001,api:1,p:16674,c:16674) disconnect: api 1
08-06 16:17:26.956 16674 16847 D BufferQueueProducer: [SurfaceView[com.stark.model_loading/com.stark.model_loading.ZigSDLActivity]#1(BLAST Consumer)1](id:412200000001,api:1,p:16674,c:16674) connect: api=1 producerControlledByApp=true
08-06 16:17:26.956 16674 16847 W SDL/GPU : Opaque presentation unsupported! Expect weird transparency bugs!
08-06 16:17:26.963  3503  3747 D WindowManager: BarWindow--setVisible: id=2, oldState=2, state=0, mFocuseWindow= Window{e798728 u0 com.stark.model_loading/com.stark.model_loading.ZigSDLActivity} call: 
08-06 16:17:26.979  3503  6784 D WindowManager: NFW_findFocusedWindowIfNeeded:Window{e798728 u0 com.stark.model_loading/com.stark.model_loading.ZigSDLActivity} mCurrentFocus:Window{e798728 u0 com.stark.model_loading/com.stark.model_loading.ZigSDLActivity}
08-06 16:17:26.990 16674 16847 D BufferQueueProducer: [SurfaceView[com.stark.model_loading/com.stark.model_loading.ZigSDLActivity]#1(BLAST Consumer)1](id:412200000001,api:1,p:16674,c:16674) disconnect: api 1
08-06 16:17:26.990 16674 16847 D BufferQueueProducer: [SurfaceView[com.stark.model_loading/com.stark.model_loading.ZigSDLActivity]#1(BLAST Consumer)1](id:412200000001,api:1,p:16674,c:16674) connect: api=1 producerControlledByApp=true
08-06 16:17:26.990 16674 16847 W SDL/GPU : Opaque presentation unsupported! Expect weird transparency bugs!
08-06 16:17:27.005 16674 16847 D BufferQueueProducer: [SurfaceView[com.stark.model_loading/com.stark.model_loading.ZigSDLActivity]#1(BLAST Consumer)1](id:412200000001,api:1,p:16674,c:16674) disconnect: api 1
08-06 16:17:27.006 16674 16847 D BufferQueueProducer: [SurfaceView[com.stark.model_loading/com.stark.model_loading.ZigSDLActivity]#1(BLAST Consumer)1](id:412200000001,api:1,p:16674,c:16674) connect: api=1 producerControlledByApp=true
08-06 16:17:27.006 16674 16847 W SDL/GPU : Opaque presentation unsupported! Expect weird transparency bugs!
08-06 16:17:27.022 16674 16847 D BufferQueueProducer: [SurfaceView[com.stark.model_loading/com.stark.model_loading.ZigSDLActivity]#1(BLAST Consumer)1](id:412200000001,api:1,p:16674,c:16674) disconnect: api 1
08-06 16:17:27.023 16674 16847 D BufferQueueProducer: [SurfaceView[com.stark.model_loading/com.stark.model_loading.ZigSDLActivity]#1(BLAST Consumer)1](id:412200000001,api:1,p:16674,c:16674) connect: api=1 producerControlledByApp=true
08-06 16:17:27.023 16674 16847 W SDL/GPU : Opaque presentation unsupported! Expect weird transparency bugs!
08-06 16:17:27.039 16674 16847 D BufferQueueProducer: [SurfaceView[com.stark.model_loading/com.stark.model_loading.ZigSDLActivity]#1(BLAST Consumer)1](id:412200000001,api:1,p:16674,c:16674) disconnect: api 1
08-06 16:17:27.039 16674 16847 D BufferQueueProducer: [SurfaceView[com.stark.model_loading/com.stark.model_loading.ZigSDLActivity]#1(BLAST Consumer)1](id:412200000001,api:1,p:16674,c:16674) connect: api=1 producerControlledByApp=true
08-06 16:17:27.039 16674 16847 W SDL/GPU : Opaque presentation unsupported! Expect weird transparency bugs!
08-06 16:17:27.057 16674 16847 D BufferQueueProducer: [SurfaceView[com.stark.model_loading/com.stark.model_loading.ZigSDLActivity]#1(BLAST Consumer)1](id:412200000001,api:1,p:16674,c:16674) disconnect: api 1
08-06 16:17:27.057 16674 16847 D BufferQueueProducer: [SurfaceView[com.stark.model_loading/com.stark.model_loading.ZigSDLActivity]#1(BLAST Consumer)1](id:412200000001,api:1,p:16674,c:16674) connect: api=1 producerControlledByApp=true
08-06 16:17:27.057 16674 16847 W SDL/GPU : Opaque presentation unsupported! Expect weird transparency bugs!
08-06 16:17:27.595  3503  4491 D ActivityTaskManager: setAppVisibility(Token{bbef7cf ActivityRecord{d3bb7e2 u0 com.stark.model_loading/.ZigSDLActivity t1364}}, visible=false): mNextAppTransitionRequests=[], mNextAppTransitionFlags=,mAppTransitionState=APP_STATE_IDLE visible=true mVisibleRequested=true
08-06 16:17:27.595  3503  4491 D ActivityTaskManager: setVisibility(Token{bbef7cf ActivityRecord{d3bb7e2 u0 com.stark.model_loading/.ZigSDLActivity t1364}}, visible=false) defer commitVisibility for transition collecting
08-06 16:17:27.596  3503  4491 I OplusHansManager : front pkg: com.android.launcher, uid: 10180, prev pkg: com.stark.model_loading, prev uid: 10457
08-06 16:17:27.597  3503  4491 D ActivityTaskManager: NFW_setLastResumedActivityUncheckLocked:true r:ActivityRecord{d983dae u0 com.android.launcher/.Launcher t5} currentFocus:Window{e798728 u0 com.stark.model_loading/com.stark.model_loading.ZigSDLActivity}
08-06 16:17:27.597  3503  4491 D WindowManager: NFW_findFocusedWindowIfNeeded:null mCurrentFocus:Window{e798728 u0 com.stark.model_loading/com.stark.model_loading.ZigSDLActivity}
08-06 16:17:27.597  3503  4491 V WindowManager: Changing focus from Window{e798728 u0 com.stark.model_loading/com.stark.model_loading.ZigSDLActivity} to null,diplayid=0
08-06 16:17:27.598  3503  6911 I OplusHansManager : uid=10457, pkg=com.stark.model_loading enter SM
08-06 16:17:27.598  3503  6911 I OplusHansManager : uid=10457, pkg=com.stark.model_loading R enter(), D stay=4
08-06 16:17:27.598  3503  4491 D FlexibleTaskController: onTaskFocusChanged prevTask:Task{2e1702e #1364 type=standard A=10457:com.stark.model_loading} ,currentTask:Task{b90dce0 #5 type=home I=com.android.launcher/.Launcher}, reason: resumeTopActivity - onActivityStateChanged
08-06 16:17:27.600  3503  6929 I OPM-Process: resume pkg: com.android.launcher, uid:10180, prev pkg: com.stark.model_loading, prev uid: 10457
08-06 16:17:27.601  3503  6318 I Osense-BaseDecisionMaker: notifySceneToAthenaPolicy: SCENE_LAUNCHER, bundle: Bundle[{prevPkgName=com.stark.model_loading, curUid=10180, curPkgName=com.android.launcher, prevUid=10457}]
08-06 16:17:27.610  3503  7036 D OplusEapManager: mTargetExitName :com.stark.model_loading
08-06 16:17:27.610  3503  3943 D VRR [OPlusRefreshRateService]:  updateGamingStatus [ null , com.stark.model_loading , gaming false ]
08-06 16:17:27.611  6924  7906 D ActivityAdapter: onCommonAppExit: OplusAppExitInfo = {  targetName = com.stark.model_loading hasResumingActivity = true resumingPackageName = com.android.launcher resumingActivityName = com.android.launcher.Launcher resumingWindowMode = 1 isResumingMultiApp = false isResumingFirstStart = false extension = Bundle[mParcelledData.dataSize=316]}
08-06 16:17:27.611  6924  7908 D OplusLinkBoostSceneManager: onAppExit:com.stark.model_loading
08-06 16:17:27.613  6088  6108 V DCSEX-AppSwitchManager: OnAppSwitchObserver: onAppExit, resuming = com.android.launcher, target = com.stark.model_loading, is ResumingFirstStart =  false, is ResumingMultiApp =  false, extensionInfo =  Bundle[mParcelledData.dataSize=316]
08-06 16:17:27.613  6088  6360 D DCSEX-AppLaunchEventRecorder: onAppSwitch from = com.stark.model_loading to = com.android.launcher
08-06 16:17:27.613  6088  6360 D DCSEX-AppLaunchEventRecorder: recordExitApp = com.stark.model_loading
08-06 16:17:27.614  3503  3750 D Transition: collectOrderChanges onTopTasksEnd: [Task{6c528fa #1 type=home}, Task{b90dce0 #5 type=home I=com.android.launcher/.Launcher}], reportedOnTop:null, mOnTopTasksStart: [Task{2e1702e #1364 type=standard A=10457:com.stark.model_loading}], TDA child: [Task{a1883fb #2 type=undefined}, Task{2e1702e #1364 type=standard A=10457:com.stark.model_loading}, Task{6c528fa #1 type=home}]
08-06 16:17:27.614  3503  3750 D OplusFlexibleActivityTransitionManager: fixTransitType type result:1, targets: [Task{6c528fa #1 type=home}, Task{2e1702e #1364 type=standard A=10457:com.stark.model_loading}]
08-06 16:17:27.616  3503  3750 D OplusTransitionController:  info: {id=574 t=OPEN f=0x0 trk=0 r=[0@Point(0, 0)] c=[{WCT{RemoteToken{42bdaed Task{6c528fa #1 type=home}}} m=TO_FRONT f=SHOW_WALLPAPER|MOVE_TO_TOP leash=Surface(name=Task=1)/@0x3ae9d22 sb=Rect(0, 0 - 2412, 1080) eb=Rect(0, 0 - 2412, 1080) d=0 endFixedRotation=0 taskParent=-1},{WCT{RemoteToken{90a11cb Task{2e1702e #1364 type=standard A=10457:com.stark.model_loading}}} m=TO_BACK f=NONE leash=Surface(name=Task=1364)/@0x3a5ffa7 sb=Rect(0, 0 - 2412, 1080) eb=Rect(0, 0 - 2412, 1080) d=0 taskParent=-1}] extendInfo=[OplusTransitionExtendedInfo{mTmpFinishT=null, mInOplusCompatMode=false, mIsProcessRunning=false, mHasMismatchBoundsTarget=false, mRecentsController=null, mIsTranslucentActivityToHome=false, mAvoidInterceptKeyEventToHome=false, mIsFromHome=false, mParentLeash=null, mIsOplusAnimRes=false, mIsFromOverlay=false, mIsBalAllow=false, mTaskNotInRecent=false, mIsLaunchFromSpruce=false, mIsLaunchFromDrive=false, mAssistScreenShowing=false, mUserIdTransition=0, mInRemoteScene=false, mInPreReady=false, mPreStart=false, mToken=null, mShellApplyToken=null, mRequestTransitionTaskId=5, mAbortTransitionOnShell=0, mTaskIdStartFromRecents=0, mTransitionId=574, mFoldChangeType=-1, mAnimStartingPosition=[0, 0, 0, 0], mIsOpeningStkDialogActivity=false, mIsNeedApplyStartTForEmbedded=false}]}, 
08-06 16:17:27.616  3503  3750 D OplusTransitionController:  targets : [Task{6c528fa #1 type=home}, Task{2e1702e #1364 type=standard A=10457:com.stark.model_loading}], 
08-06 16:17:27.616  3503  3750 D OplusTransitionController:  participants: {Task{6c528fa #1 type=home}, ActivityRecord{72e6025 u0 com.android.launcher/.Launcher t-1}, Task{b90dce0 #5 type=home I=com.android.launcher/.Launcher}, ActivityRecord{d3bb7e2 u0 com.stark.model_loading/.ZigSDLActivity t1364}, ActivityRecord{d983dae u0 com.android.launcher/.Launcher t5}}, 
08-06 16:17:27.618  3503  3750 W WindowManager: captureTaskSnapshot mSnapshotMode= 0 source=Task{2e1702e #1364 type=standard A=10457:com.stark.model_loading}
08-06 16:17:27.625  3503  3870 D OplusAppSwitchListener: Detect com.stark.model_loading switch to background
08-06 16:17:27.625  3503  3870 D OplusFeatureReduceBrightness: onAppExit , info = com.stark.model_loading
08-06 16:17:27.626  3503  3750 D TaskSnapshotCache: putSnapshot mRunningCache top= ActivityRecord{d3bb7e2 u0 com.stark.model_loading/.ZigSDLActivity t1364}, mTaskId=1364, snapshot=TaskSnapshot{ mId=1754477247619 mCaptureTime=40628852653483 mTopActivityComponent=com.stark.model_loading/.ZigSDLActivity mSnapshot=android.hardware.HardwareBuffer@7ccc9b2 (2412x1080) mColorSpace=sRGB IEC61966-2.1 (id=0, model=RGB) mOrientation=2 mRotation=1 mTaskSize=Point(2412, 1080) mOplusCompatMode=false mTopActivityBounds=[0,0][2412,1080] mHasDimLayer=false mContentInsets=[0,0][0,0] mLetterboxInsets=[0,0][0,0] mIsLowResolution=false mIsRealSnapshot=true mWindowingMode=1 mAppearance=0 mIsTranslucent=true mHasImeSurface=false mInternalReferences=2 mUiMode=21, mAppIdMap size= 1
08-06 16:17:27.626  3503  3746 V WindowManager:         {WCT{RemoteToken{90a11cb Task{2e1702e #1364 type=standard A=10457:com.stark.model_loading}}} m=TO_BACK f=NONE leash=Surface(name=Task=1364)/@0x3a5ffa7 sb=Rect(0, 0 - 2412, 1080) eb=Rect(0, 0 - 2412, 1080) d=0 taskParent=-1}
08-06 16:17:27.628  7061 11127 I Athena  : AthenaDynamicReceiver: pre_app:com.stark.model_loading, next_app:com.android.launcher(10180|6672)
08-06 16:17:27.629  7093 11259 W Battery : AppSwitchDetectorV2: OnAppSwitchObserver: onAppExit , info = OplusAppExitInfo = {  targetName = com.stark.model_loading hasResumingActivity = true resumingPackageName = com.android.launcher resumingActivityName = com.android.launcher.Launcher resumingWindowMode = 1 isResumingMultiApp = false isResumingFirstStart = false extension = Bundle[mParcelledData.dataSize=316]}
08-06 16:17:27.633  3503 12712 D VRR [OPlusRefreshRateService]:  setFrameRateTargetControl [ 0.0 , com.stark.model_loading , false , com.oplus.battery ]
08-06 16:17:27.633  3503 12712 D VRR [OPlusExternalRefreshRateManager]:  [FRTC] FrameRate : 0 com.stark.model_loading false com.oplus.battery 0 1000
08-06 16:17:27.635 13607 29458 D SceneSDK.1.0.4-SNAPSHOT.13607.DeepThinkerAppSwitchAbility: onAppSwitchEvent: AppSwitchEvent(timeStamp=1754477247632, eventType=2, targetName=com.stark.model_loading, firstStart=false, multiApp=false, windowMode=0, resumingPackageName=com.android.launcher, resumingActivityName=com.android.launcher.Launcher, isResumingMultiApp=false, isResumingFirstStart=false)
08-06 16:17:27.635 13607 29458 I metis_v2_AppSwitchDataCollector: AppExitEvent =  com.stark.model_loading, NextAppName = com.android.launcher [Metis|com.oplus.metis|1.4.54-aa2067f]
08-06 16:17:27.650  2481  7282 I VRR [FRTC]: setFrameRateTarget with [0, com.stark.model_loading, 0, com.oplus.battery, 1, 0, 1000, 0]
08-06 16:17:27.683 12490 12502 D NotificationContentProvider: queryBadge:querySignal:pkg=com.stark.model_loading&uid=10457,cost 3,use:selection ,type:0
08-06 16:17:27.712 12872 12872 I GameEventService: exit game: pkg:com.stark.model_loading top pkg com.android.launcher
08-06 16:17:27.740  2299  2378 I gameoptHal: config is ---- packageName=com.stark.model_loading~feature_flag=null~gpa_config=null~fpsStabilizer=null~thermal_frame=null~unityGameBoost=null~cpu_config=null~gameThermalConfig=null~game_config=null
08-06 16:17:27.740  2299  2378 I gameoptHal:  com.stark.model_loading background
08-06 16:17:27.741 12844 16709 W PTC.DATATRANS.d: [com.stark.model_loading] removed. Stop sending intent
08-06 16:17:27.749  6777  8803 D OplusLinkLatencyManagerService: pkgName com.stark.model_loading
08-06 16:17:27.751 16674 16847 W LOG_FLOWCTRL: ==LOGS OVER PROC QUOTA(300), rows(607) bytes(40398) com.stark.model_loading DROPPED==
08-06 16:17:27.751 16674 16847 D BufferQueueProducer: [SurfaceView[com.stark.model_loading/com.stark.model_loading.ZigSDLActivity]#1(BLAST Consumer)1](id:412200000001,api:1,p:16674,c:16674) disconnect: api 1
08-06 16:17:27.751 16674 16847 D BufferQueueProducer: [SurfaceView[com.stark.model_loading/com.stark.model_loading.ZigSDLActivity]#1(BLAST Consumer)1](id:412200000001,api:1,p:16674,c:16674) connect: api=1 producerControlledByApp=true
08-06 16:17:27.751 16674 16847 W SDL/GPU : Opaque presentation unsupported! Expect weird transparency bugs!
08-06 16:17:27.774  3503  5434 D OplusWifiService: Get notifyGameModeState: state = false pkgName = com.stark.model_loading
08-06 16:17:27.774  3503  6784 D OplusWifiService: notifyGameInfoJsonStr: gameInfo = {"PKG_NAME":"com.stark.model_loading","APP_BACKGROUND":true}
08-06 16:17:27.775  6924  7906 D GameSpaceAdapter: notifyGameInfo: key: PKG_NAME value: com.stark.model_loading
08-06 16:17:27.775  6924  7906 D GameSpaceAdapter: updateAppScenepkgname: com.stark.model_loading scene: null
08-06 16:17:27.779  3503  6784 D OplusVrrScenePolicy: VRR WMS setGameRefreshRate [com.stark.model_loading, 60.0]
08-06 16:17:27.779  3503  6784 D VRR [OPlusRefreshRateService]: updateAccelerationPkgName com.stark.model_loading targetFps: 60 currentFps: 0
08-06 16:17:27.779  3503  6784 D VRR [OPlusRefreshRateService]: gamespace info: com.stark.model_loading rate: 60 currentFps: 0
08-06 16:17:27.783  3503  3943 D VRR [OPlusGameStatusManager]: updateGameSpaceFrameRate pkg: com.stark.model_loading target: 60 current: 0
08-06 16:17:27.783  3503  3943 D VRR [OPlusGameStatusManager]: notifyFrameRateChange pkg: com.stark.model_loading fps: 60
08-06 16:17:27.784 16674 16847 D BufferQueueProducer: [SurfaceView[com.stark.model_loading/com.stark.model_loading.ZigSDLActivity]#1(BLAST Consumer)1](id:412200000001,api:1,p:16674,c:16674) disconnect: api 1
08-06 16:17:27.784 16674 16847 D BufferQueueProducer: [SurfaceView[com.stark.model_loading/com.stark.model_loading.ZigSDLActivity]#1(BLAST Consumer)1](id:412200000001,api:1,p:16674,c:16674) connect: api=1 producerControlledByApp=true
08-06 16:17:27.784 16674 16847 W SDL/GPU : Opaque presentation unsupported! Expect weird transparency bugs!
08-06 16:17:27.794 16674 16847 D BufferQueueProducer: [SurfaceView[com.stark.model_loading/com.stark.model_loading.ZigSDLActivity]#1(BLAST Consumer)1](id:412200000001,api:1,p:16674,c:16674) disconnect: api 1
08-06 16:17:27.794 16674 16847 D BufferQueueProducer: [SurfaceView[com.stark.model_loading/com.stark.model_loading.ZigSDLActivity]#1(BLAST Consumer)1](id:412200000001,api:1,p:16674,c:16674) connect: api=1 producerControlledByApp=true
08-06 16:17:27.794 16674 16847 W SDL/GPU : Opaque presentation unsupported! Expect weird transparency bugs!
08-06 16:17:27.807 16674 16847 D BufferQueueProducer: [SurfaceView[com.stark.model_loading/com.stark.model_loading.ZigSDLActivity]#1(BLAST Consumer)1](id:412200000001,api:1,p:16674,c:16674) disconnect: api 1
08-06 16:17:27.807 16674 16847 D BufferQueueProducer: [SurfaceView[com.stark.model_loading/com.stark.model_loading.ZigSDLActivity]#1(BLAST Consumer)1](id:412200000001,api:1,p:16674,c:16674) connect: api=1 producerControlledByApp=true
08-06 16:17:27.807 16674 16847 W SDL/GPU : Opaque presentation unsupported! Expect weird transparency bugs!
08-06 16:17:27.820 16674 16847 D BufferQueueProducer: [SurfaceView[com.stark.model_loading/com.stark.model_loading.ZigSDLActivity]#1(BLAST Consumer)1](id:412200000001,api:1,p:16674,c:16674) disconnect: api 1
08-06 16:17:27.820 16674 16847 D BufferQueueProducer: [SurfaceView[com.stark.model_loading/com.stark.model_loading.ZigSDLActivity]#1(BLAST Consumer)1](id:412200000001,api:1,p:16674,c:16674) connect: api=1 producerControlledByApp=true
08-06 16:17:27.820 16674 16847 W SDL/GPU : Opaque presentation unsupported! Expect weird transparency bugs!
08-06 16:17:27.830 13990 14437 I Quality : 17001301:16674 com.stark.model_loading GAME_PAUSE
08-06 16:17:27.832 16674 16847 D BufferQueueProducer: [SurfaceView[com.stark.model_loading/com.stark.model_loading.ZigSDLActivity]#1(BLAST Consumer)1](id:412200000001,api:1,p:16674,c:16674) disconnect: api 1
08-06 16:17:27.832 16674 16847 D BufferQueueProducer: [SurfaceView[com.stark.model_loading/com.stark.model_loading.ZigSDLActivity]#1(BLAST Consumer)1](id:412200000001,api:1,p:16674,c:16674) connect: api=1 producerControlledByApp=true
08-06 16:17:27.832 16674 16847 W SDL/GPU : Opaque presentation unsupported! Expect weird transparency bugs!
08-06 16:17:27.848 16674 16847 D BufferQueueProducer: [SurfaceView[com.stark.model_loading/com.stark.model_loading.ZigSDLActivity]#1(BLAST Consumer)1](id:412200000001,api:1,p:16674,c:16674) disconnect: api 1
08-06 16:17:27.848 16674 16847 D BufferQueueProducer: [SurfaceView[com.stark.model_loading/com.stark.model_loading.ZigSDLActivity]#1(BLAST Consumer)1](id:412200000001,api:1,p:16674,c:16674) connect: api=1 producerControlledByApp=true
08-06 16:17:27.848 16674 16847 W SDL/GPU : Opaque presentation unsupported! Expect weird transparency bugs!
08-06 16:17:27.865 16674 16847 D BufferQueueProducer: [SurfaceView[com.stark.model_loading/com.stark.model_loading.ZigSDLActivity]#1(BLAST Consumer)1](id:412200000001,api:1,p:16674,c:16674) disconnect: api 1
08-06 16:17:27.865 16674 16847 D BufferQueueProducer: [SurfaceView[com.stark.model_loading/com.stark.model_loading.ZigSDLActivity]#1(BLAST Consumer)1](id:412200000001,api:1,p:16674,c:16674) connect: api=1 producerControlledByApp=true
08-06 16:17:27.865 16674 16847 W SDL/GPU : Opaque presentation unsupported! Expect weird transparency bugs!
08-06 16:17:27.882 16674 16847 D BufferQueueProducer: [SurfaceView[com.stark.model_loading/com.stark.model_loading.ZigSDLActivity]#1(BLAST Consumer)1](id:412200000001,api:1,p:16674,c:16674) disconnect: api 1
08-06 16:17:27.882 16674 16847 D BufferQueueProducer: [SurfaceView[com.stark.model_loading/com.stark.model_loading.ZigSDLActivity]#1(BLAST Consumer)1](id:412200000001,api:1,p:16674,c:16674) connect: api=1 producerControlledByApp=true
08-06 16:17:27.882 16674 16847 W SDL/GPU : Opaque presentation unsupported! Expect weird transparency bugs!
08-06 16:17:27.898 16674 16847 D BufferQueueProducer: [SurfaceView[com.stark.model_loading/com.stark.model_loading.ZigSDLActivity]#1(BLAST Consumer)1](id:412200000001,api:1,p:16674,c:16674) disconnect: api 1
08-06 16:17:27.898 16674 16847 D BufferQueueProducer: [SurfaceView[com.stark.model_loading/com.stark.model_loading.ZigSDLActivity]#1(BLAST Consumer)1](id:412200000001,api:1,p:16674,c:16674) connect: api=1 producerControlledByApp=true
08-06 16:17:27.898 16674 16847 W SDL/GPU : Opaque presentation unsupported! Expect weird transparency bugs!
08-06 16:17:27.915 16674 16847 D BufferQueueProducer: [SurfaceView[com.stark.model_loading/com.stark.model_loading.ZigSDLActivity]#1(BLAST Consumer)1](id:412200000001,api:1,p:16674,c:16674) disconnect: api 1
08-06 16:17:27.915 16674 16847 D BufferQueueProducer: [SurfaceView[com.stark.model_loading/com.stark.model_loading.ZigSDLActivity]#1(BLAST Consumer)1](id:412200000001,api:1,p:16674,c:16674) connect: api=1 producerControlledByApp=true
08-06 16:17:27.915 16674 16847 W SDL/GPU : Opaque presentation unsupported! Expect weird transparency bugs!
08-06 16:17:27.932 16674 16847 D BufferQueueProducer: [SurfaceView[com.stark.model_loading/com.stark.model_loading.ZigSDLActivity]#1(BLAST Consumer)1](id:412200000001,api:1,p:16674,c:16674) disconnect: api 1
08-06 16:17:27.932 16674 16847 D BufferQueueProducer: [SurfaceView[com.stark.model_loading/com.stark.model_loading.ZigSDLActivity]#1(BLAST Consumer)1](id:412200000001,api:1,p:16674,c:16674) connect: api=1 producerControlledByApp=true
08-06 16:17:27.932 16674 16847 W SDL/GPU : Opaque presentation unsupported! Expect weird transparency bugs!
08-06 16:17:27.948 16674 16847 D BufferQueueProducer: [SurfaceView[com.stark.model_loading/com.stark.model_loading.ZigSDLActivity]#1(BLAST Consumer)1](id:412200000001,api:1,p:16674,c:16674) disconnect: api 1
08-06 16:17:27.948 16674 16847 D BufferQueueProducer: [SurfaceView[com.stark.model_loading/com.stark.model_loading.ZigSDLActivity]#1(BLAST Consumer)1](id:412200000001,api:1,p:16674,c:16674) connect: api=1 producerControlledByApp=true
08-06 16:17:27.949 16674 16847 W SDL/GPU : Opaque presentation unsupported! Expect weird transparency bugs!
08-06 16:17:27.964 16674 16847 D BufferQueueProducer: [SurfaceView[com.stark.model_loading/com.stark.model_loading.ZigSDLActivity]#1(BLAST Consumer)1](id:412200000001,api:1,p:16674,c:16674) disconnect: api 1
08-06 16:17:27.965 16674 16847 D BufferQueueProducer: [SurfaceView[com.stark.model_loading/com.stark.model_loading.ZigSDLActivity]#1(BLAST Consumer)1](id:412200000001,api:1,p:16674,c:16674) connect: api=1 producerControlledByApp=true
08-06 16:17:27.965 16674 16847 W SDL/GPU : Opaque presentation unsupported! Expect weird transparency bugs!
08-06 16:17:27.981 16674 16847 D BufferQueueProducer: [SurfaceView[com.stark.model_loading/com.stark.model_loading.ZigSDLActivity]#1(BLAST Consumer)1](id:412200000001,api:1,p:16674,c:16674) disconnect: api 1
08-06 16:17:27.981 16674 16847 D BufferQueueProducer: [SurfaceView[com.stark.model_loading/com.stark.model_loading.ZigSDLActivity]#1(BLAST Consumer)1](id:412200000001,api:1,p:16674,c:16674) connect: api=1 producerControlledByApp=true
08-06 16:17:27.981 16674 16847 W SDL/GPU : Opaque presentation unsupported! Expect weird transparency bugs!
08-06 16:17:27.997 16674 16847 D BufferQueueProducer: [SurfaceView[com.stark.model_loading/com.stark.model_loading.ZigSDLActivity]#1(BLAST Consumer)1](id:412200000001,api:1,p:16674,c:16674) disconnect: api 1
08-06 16:17:27.998 16674 16847 D BufferQueueProducer: [SurfaceView[com.stark.model_loading/com.stark.model_loading.ZigSDLActivity]#1(BLAST Consumer)1](id:412200000001,api:1,p:16674,c:16674) connect: api=1 producerControlledByApp=true
08-06 16:17:27.998 16674 16847 W SDL/GPU : Opaque presentation unsupported! Expect weird transparency bugs!
08-06 16:17:28.014 16674 16847 D BufferQueueProducer: [SurfaceView[com.stark.model_loading/com.stark.model_loading.ZigSDLActivity]#1(BLAST Consumer)1](id:412200000001,api:1,p:16674,c:16674) disconnect: api 1
08-06 16:17:28.014 16674 16847 D BufferQueueProducer: [SurfaceView[com.stark.model_loading/com.stark.model_loading.ZigSDLActivity]#1(BLAST Consumer)1](id:412200000001,api:1,p:16674,c:16674) connect: api=1 producerControlledByApp=true
08-06 16:17:28.015 16674 16847 W SDL/GPU : Opaque presentation unsupported! Expect weird transparency bugs!
08-06 16:17:28.029  3503  5434 D Transition: finishTransition ar ActivityRecord{d3bb7e2 u0 com.stark.model_loading/.ZigSDLActivity t1364}, isVisibleRequested=false, state=PAUSED, visibleAtTransitionEndTokens={ActivityRecord{d983dae u0 com.android.launcher/.Launcher t5}}, this=TransitionRecord{655c126 id=574 track=0 type=OPEN flags=0x0 state=2}
08-06 16:17:28.029  3503  5434 D ActivityTaskManager: commitVisibility: ActivityRecord{d3bb7e2 u0 com.stark.model_loading/.ZigSDLActivity t1364}: visible=false visibleRequested=false, isInTransition=false, runningAnimation=false 
08-06 16:17:28.030  3503  5434 D WindowManager: NFW_setClientVisible:ActivityRecord{d3bb7e2 u0 com.stark.model_loading/.ZigSDLActivity t1364} clientVisible:false
08-06 16:17:28.031 16674 16847 D BufferQueueProducer: [SurfaceView[com.stark.model_loading/com.stark.model_loading.ZigSDLActivity]#1(BLAST Consumer)1](id:412200000001,api:1,p:16674,c:16674) disconnect: api 1
08-06 16:17:28.031 16674 16847 D BufferQueueProducer: [SurfaceView[com.stark.model_loading/com.stark.model_loading.ZigSDLActivity]#1(BLAST Consumer)1](id:412200000001,api:1,p:16674,c:16674) connect: api=1 producerControlledByApp=true
08-06 16:17:28.031 16674 16847 W SDL/GPU : Opaque presentation unsupported! Expect weird transparency bugs!
08-06 16:17:28.045 16674 16674 D BufferQueueProducer: [SurfaceView[com.stark.model_loading/com.stark.model_loading.ZigSDLActivity]#1(BLAST Consumer)1](id:412200000001,api:1,p:16674,c:16674) disconnect: api -1
08-06 16:17:28.045  3503  6782 D ActivityRecordExtImpl: updateRecordSurfaceViewState for ActivityRecord = ActivityRecord{d3bb7e2 u0 com.stark.model_loading/.ZigSDLActivity t1364} surfaceState = false attachedToWindow = true
08-06 16:17:28.045  3503  6782 D OplusStartingWindowManager: updateRecordSurfaceViewState windowToken = android.os.BinderProxy@d63b14b, surfaceState = false, attachedToWindow = true, inList = true, win = Window{e798728 u0 com.stark.model_loading/com.stark.model_loading.ZigSDLActivity}
08-06 16:17:28.045 16674 16835 D BLASTBufferQueue: [SurfaceView[com.stark.model_loading/com.stark.model_loading.ZigSDLActivity]#1](f:0,a:2) destructor()
08-06 16:17:28.045 16674 16835 D BufferQueueConsumer: [SurfaceView[com.stark.model_loading/com.stark.model_loading.ZigSDLActivity]#1(BLAST Consumer)1](id:412200000001,api:0,p:-1,c:16674) disconnect
08-06 16:17:28.065  3503  5434 D FlexibleTaskController: changeConfigForFlexibleTask for this task is not flexible:Task{2e1702e #1364 type=standard A=10457:com.stark.model_loading}
08-06 16:17:28.071  3503 11258 D WindowManagerServiceExtImpl: extractConfigInfoAndRealFlags rotation=1, screenDp=360, residentWS:0, scenario:0, bounds:2412, serverWinBounds:Rect(0, 0 - 1080, 2412), win=Window{e798728 u0 com.stark.model_loading/com.stark.model_loading.ZigSDLActivity}
08-06 16:17:28.071  3503 11258 V WindowManager: Relayout Window{e798728 u0 com.stark.model_loading/com.stark.model_loading.ZigSDLActivity}: viewVisibility=8, oldvis=0, req=2412x1080, vsysui=HIDE_NAVIGATION FULLSCREEN LAYOUT_STABLE LAYOUT_HIDE_NAVIGATION LAYOUT_FULLSCREEN IMMERSIVE_STICKY
08-06 16:17:28.096  3503  3749 D Transition: collectOrderChanges onTopTasksEnd: [Task{6c528fa #1 type=home}, Task{b90dce0 #5 type=home I=com.android.launcher/.Launcher}], reportedOnTop:null, mOnTopTasksStart: [Task{6c528fa #1 type=home}, Task{b90dce0 #5 type=home I=com.android.launcher/.Launcher}], TDA child: [Task{a1883fb #2 type=undefined}, Task{2e1702e #1364 type=standard A=10457:com.stark.model_loading}, Task{6c528fa #1 type=home}]
08-06 16:17:28.128  3503  3762 I UserAwareMgr: handleAppChangedToBg, pkgName: com.stark.model_loading, pid: 16674
08-06 16:17:28.130  3503  6287 D OplusAONSmartDim: onWakeLockReleaseLocked: lock=150602154, flags=0x2000000a, packageName=android, tag="WindowManager/displayId:0", ws=WorkSource{10457 com.stark.model_loading}, uid=1000, pid=3503
08-06 16:17:28.137  3503 11258 I WindowManager: Window{e798728 u0 com.stark.model_loading/com.stark.model_loading.ZigSDLActivity} state from HAS_DRAWN to NO_SURFACE; reason: destroySurface
08-06 16:17:28.138  3503 11258 D ActivityTaskManager: Clearing startingData for activity=ActivityRecord{d3bb7e2 u0 com.stark.model_loading/.ZigSDLActivity t1364} mStartingData=null mStartingSurface=null
08-06 16:17:28.146  2445 27618 D AudioFlingerExtImpl: AudioFlingerExtImpl oplusSetParameters: keyvalue onForegroundActivitiesChanged=com.stark.model_loading:foreground:0|10457:16674
08-06 16:17:28.839  3503  8107 D ActivityTaskManager: pre-Filtered:com.stark.model_loading # 
08-06 16:17:29.311  6672  6672 E Launcher.Utilities: getBoundsForViewInDragLayer: dragLayer has removed target view. view = com.android.quickstep.views.OplusStackTaskView{947838a VFE...C.. ...P.... 189,290-891,2002 alpha=1.0 viewInfo = }+{task:[com.stark.model_loading.ZigSDLActivity id=1364 m=1 u=0 lAT=40628820 dId=0] model_loading, dispatchDrawVisible:true, transX:0.0, alpha: 1.0}
08-06 16:17:29.313  3503  8107 D FlexibleTaskController: onStartActivityFromRecents task:Task{2e1702e #1364 type=standard A=10457:com.stark.model_loading}, options:ActivityOptions(69783786), mPackageName=null, mAnimationType=13, mStartX=0, mStartY=0, mWidth=0, mHeight=0, mLaunchDisplayId=0 ,taskForceMaximized:false ,isFlexibleTask:false ,pendingLaunchZoom:false ,zoomLaunchFlags:3
08-06 16:17:29.313  3503  8107 I TaskFragmentExtImpl: reset pause in recents anim for mTaskFragment: Task{2e1702e #1364 type=standard A=10457:com.stark.model_loading}
08-06 16:17:29.313  3503  8107 E OplusAppQuickStart_AppQuickStartController: notifyStartActivityFromRecents task:Task{2e1702e #1364 type=standard A=10457:com.stark.model_loading} mStartFromRecents:true mStartFromSlide:false callingUid:10180
08-06 16:17:29.316  3503  5574 I [UAH_CLIENT]: UahEventAcquire, cmdid:0, pkg:com.stark.model_loading, identity:com.android.server.wm
08-06 16:17:29.317  3503  8107 D OplusAppQuickStart_OplusAppQuickStart: isSurfaceBitmapExists bitmapFile: /data/system/splash/com.stark.model_loading_90_33.webp
08-06 16:17:29.317  3503  8107 D OplusAppQuickStart_AppQuickStartController: shouldPauseImmediately prev:ActivityRecord{d983dae u0 com.android.launcher/.Launcher t5} resume:ActivityRecord{d3bb7e2 u0 com.stark.model_loading/.ZigSDLActivity t1364}
08-06 16:17:29.322  3503  8107 I OplusHansManager : front pkg: com.stark.model_loading, uid: 10457, prev pkg: com.android.launcher, prev uid: 10180
08-06 16:17:29.323  3503  6911 I OplusHansManager : uid=10457, pkg=com.stark.model_loading R exit SM
08-06 16:17:29.323  3503  6911 I OplusHansManager : uid=10457, pkg=com.stark.model_loading R exit(), R stay=1
08-06 16:17:29.323  3503  8107 D ActivityTaskManager: setAppVisibility(Token{bbef7cf ActivityRecord{d3bb7e2 u0 com.stark.model_loading/.ZigSDLActivity t1364}}, visible=true): mNextAppTransitionRequests=[], mNextAppTransitionFlags=,mAppTransitionState=APP_STATE_IDLE visible=false mVisibleRequested=false
08-06 16:17:29.323  3503  8107 D WindowManager: NFW_setClientVisible:ActivityRecord{d3bb7e2 u0 com.stark.model_loading/.ZigSDLActivity t1364} clientVisible:true
08-06 16:17:29.323  3503  6916 D NativeFreezeManager: freezeForAppSwitchScene mAppLaunchFzDxEnable enter, mFgAppPkgname com.stark.model_loading
08-06 16:17:29.323  3503  8107 D ActivityTaskManager: setVisibility(Token{bbef7cf ActivityRecord{d3bb7e2 u0 com.stark.model_loading/.ZigSDLActivity t1364}}, visible=true) defer commitVisibility for transition collecting
08-06 16:17:29.323  3503  6318 I Osense-BaseDecisionMaker: notifySceneToAthenaPolicy: SCENE_BIG_APP_SWITCH, bundle: Bundle[{prevPkgName=com.android.launcher, curUid=10457, curPkgName=com.stark.model_loading, prevUid=10180}]
08-06 16:17:29.324  3503  3762 I UserAwareMgr: handleTopAppChanged: com.stark.model_loading, pid: 16674, uid: 10457
08-06 16:17:29.324  3503  8107 D ActivityTaskManager: onWindowFocusChanged Task{2e1702e #1364 type=standard A=10457:com.stark.model_loading} would transfer to compact
08-06 16:17:29.324  3503  3762 I UserAwareMgr: filter app: com.stark.model_loading
08-06 16:17:29.324 16674 16865 W LOG_FLOWCTRL: ==LOGS OVER PROC QUOTA(300), rows(14) bytes(1720) com.stark.model_loading DROPPED==
08-06 16:17:29.324  3503  6929 I OPM-Process: resume pkg: com.stark.model_loading, uid:10457, prev pkg: com.android.launcher, prev uid: 10180
08-06 16:17:29.325  3503  8107 I InputDispatcher: setFocusedApplication displayId=0 ActivityRecord{d3bb7e2 u0 com.stark.model_loading/.ZigSDLActivity t1364}
08-06 16:17:29.325  3503  8107 D ActivityTaskManager: NFW_setLastResumedActivityUncheckLocked:true r:ActivityRecord{d3bb7e2 u0 com.stark.model_loading/.ZigSDLActivity t1364} currentFocus:Window{e9f42c6 u0 com.android.launcher/com.android.launcher.Launcher}
08-06 16:17:29.325  3503  8107 D FlexibleTaskController: onTaskFocusChanged prevTask:Task{b90dce0 #5 type=home I=com.android.launcher/.Launcher} ,currentTask:Task{2e1702e #1364 type=standard A=10457:com.stark.model_loading}, reason: resumeTopActivity - onActivityStateChanged
08-06 16:17:29.325  3503  8107 D OplusFlexibleDCSManager: onNextPkgChanged pkg = com.stark.model_loading
08-06 16:17:29.326  3503  5574 I [UAH_CLIENT]: UahEventAcquire, cmdid:0, pkg:com.stark.model_loading, identity:com.android.server.wm
08-06 16:17:29.326  3503  8107 W WindowManager: Apply fixed rotation transform to ActivityRecord{d3bb7e2 u0 com.stark.model_loading/.ZigSDLActivity t1364}. Preferred rotation:1, Current rotation:0, info.rotation:1
08-06 16:17:29.329  3503  8107 D WindowManager: updateOrientation: stop for launching different orientation app. topCandidate = ActivityRecord{d3bb7e2 u0 com.stark.model_loading/.ZigSDLActivity t1364} hasFixedRotationTransform = true rotation = 1 r = ActivityRecord{d3bb7e2 u0 com.stark.model_loading/.ZigSDLActivity t1364} hasFixedRotationTransform = true rotation = 1 mFixedRotationLaunchingApp = ActivityRecord{d3bb7e2 u0 com.stark.model_loading/.ZigSDLActivity t1364} curRotation = 0
08-06 16:17:29.329  3503  8107 D WindowManager: updateOrientation: stop for launching different orientation app. topCandidate = ActivityRecord{d3bb7e2 u0 com.stark.model_loading/.ZigSDLActivity t1364} hasFixedRotationTransform = true rotation = 1 r = ActivityRecord{d3bb7e2 u0 com.stark.model_loading/.ZigSDLActivity t1364} hasFixedRotationTransform = true rotation = 1 mFixedRotationLaunchingApp = ActivityRecord{d3bb7e2 u0 com.stark.model_loading/.ZigSDLActivity t1364} curRotation = 0
08-06 16:17:29.330  3503  8107 D ColorDisplayServiceExtImpl: getWCGVersion1App, packageName=com.stark.model_loading, sSupportWCG1 = true, nRet = 0
08-06 16:17:29.331  3503  8107 D ActivityTaskManager: validateStartingWindowTheme:  Pkg=com.stark.model_loading, Translucent=false, Floating=false, ShowWallpaper=false, Disable=false, LaunchSource=4, Prev=null, LaunchedFromPackage=com.android.shell
08-06 16:17:29.331  3503  8107 D ActivityTaskManager: addStartingWindow for ActivityRecord{d3bb7e2 u0 com.stark.model_loading/.ZigSDLActivity t1364}, mainWin=Window{e798728 u0 com.stark.model_loading/com.stark.model_loading.ZigSDLActivity}, mVisible=false, mVisibleRequested=true, drawn=false, mDestroying=false, state=RESUMED, isKeyguardLocked=false, isKeyguardGoingAway=false
08-06 16:17:29.332  3503  8107 D OplusAppQuickStart_OplusAppQuickStart: isInRemoteInterrupt isInInterruptScene:false, recents=null, ar=ActivityRecord{d3bb7e2 u0 com.stark.model_loading/.ZigSDLActivity t1364}
08-06 16:17:29.332  3503  8107 D OplusAppQuickStart_OplusAppQuickStart: isSnapshotCompatible, rotationMatch: true, rotation: 1, fixedRotation: 1, sizeMatch: true, ar:ActivityRecord{d3bb7e2 u0 com.stark.model_loading/.ZigSDLActivity t1364}, targetBounds: Rect(0, 0 - 2412, 1080)
08-06 16:17:29.332  3503  8107 D OplusAppQuickStart_AppQuickStartingSurface: init startingSurface from recent ar: ActivityRecord{d3bb7e2 u0 com.stark.model_loading/.ZigSDLActivity t1364}, snapshot: TaskSnapshot{ mId=1754477247619 mCaptureTime=40628852653483 mTopActivityComponent=com.stark.model_loading/.ZigSDLActivity mSnapshot=android.hardware.HardwareBuffer@7ccc9b2 (2412x1080) mColorSpace=sRGB IEC61966-2.1 (id=0, model=RGB) mOrientation=2 mRotation=1 mTaskSize=Point(2412, 1080) mOplusCompatMode=false mTopActivityBounds=[0,0][2412,1080] mHasDimLayer=false mContentInsets=[0,0][0,0] mLetterboxInsets=[0,0][0,0] mIsLowResolution=false mIsRealSnapshot=true mWindowingMode=1 mAppearance=0 mIsTranslucent=true mHasImeSurface=false mInternalReferences=2 mUiMode=21
08-06 16:17:29.332  3503  8107 D OplusAppQuickStart_AppQuickStartingSurface: createSnapShotSurface reuse: Surface(name=OplusStartingSurface)/@0xf3d05cb, @parent:null, @request:Task{2e1702e #1364 type=standard A=10457:com.stark.model_loading}Rect(0, 0 - 1080, 2412), @type:1, shared:false
08-06 16:17:29.333  3503  8107 D OplusAppQuickStart_AppQuickStartingSurface:  STARTING_WINDOW_TYPE_SNAPSHOT  snapshotActivity:ActivityRecord{d3bb7e2 u0 com.stark.model_loading/.ZigSDLActivity t1364} activityRecord:ActivityRecord{d3bb7e2 u0 com.stark.model_loading/.ZigSDLActivity t1364} bounds:Rect(0, 0 - 1080, 2412) taskSnapshot.getTaskSize()=Point(2412, 1080) taskSnapshot.getRotation()=1 mHasImeSurface=false mOriginalRotation=0 checkSnapFixedRotation=4
08-06 16:17:29.333  3503  8107 D OplusAppQuickStart_AppQuickStartingSurface: init startingSurface syncTransition=false, applyImmediately: true, tx: 15045270487027, surface: Surface(name=OplusStartingSurface)/@0xf3d05cb, @parent:Surface(name=Task=1364)/@0x3a5ffa7, @request:Task{2e1702e #1364 type=standard A=10457:com.stark.model_loading}Rect(0, 0 - 1080, 2412), @type:1, shared:false
