08-06 16:17:22.699  3503  7712 D WindowManagerServiceExtImpl: extractConfigInfoAndRealFlags rotation=0, screenDp=0, residentWS:0, scenario:0, bounds:2412, serverWinBounds:Rect(0, 0 - 2412, 1080), win=Window{22040de u0 Splash Screen com.stark.model_loading}
08-06 16:17:22.700  3503  7712 V WindowManager: Relayout Window{22040de u0 Splash Screen com.stark.model_loading}: viewVisibility=0, oldvis=0, req=1080x2412, vsysui=, x=0, y=0
08-06 16:17:22.700  3503  7712 I WindowManager: Window{22040de u0 Splash Screen com.stark.model_loading} state from NO_SURFACE to DRAW_PENDING; reason: resetDrawState
08-06 16:17:22.700  2481  2612 D OplusLayer: setProcInfo (6489,Splash Screen com.stark.model_loading#6489,com.android.systemui,0x4578D52F)
08-06 16:17:22.700  3503  6929 I OPM-Process: resume pkg: com.stark.model_loading, uid:10457, prev pkg: com.android.launcher, prev uid: 10180
08-06 16:17:22.702  3503  7712 D WindowManager: updateOrientation: stop for launching different orientation app. topCandidate = ActivityRecord{d3bb7e2 u0 com.stark.model_loading/.ZigSDLActivity t1364} hasFixedRotationTransform = true rotation = 1 r = ActivityRecord{d3bb7e2 u0 com.stark.model_loading/.ZigSDLActivity t1364} hasFixedRotationTransform = true rotation = 1 mFixedRotationLaunchingApp = ActivityRecord{d3bb7e2 u0 com.stark.model_loading/.ZigSDLActivity t1364} curRotation = 0
08-06 16:17:22.702  3503  3762 I UserAwareMgr: filter app: com.stark.model_loading
08-06 16:17:22.703  3503  7514 I OplusHansManager : onUidActive() update stay time, uid=10457, pkgName=com.stark.model_loading, U stay=5
08-06 16:17:22.704  3503  6619 D CoreBackPreview: Window{22040de u0 Splash Screen com.stark.model_loading}: Setting back callback OnBackInvokedCallbackInfo{mCallback=android.window.IOnBackInvokedCallback$Stub$Proxy@2780c1, mPriority=0, mIsAnimationCallback=false}
08-06 16:17:22.704  3503  3772 I ActivityManager: Start proc 16674:com.stark.model_loading/u0a457 for next-top-activity {com.stark.model_loading/com.stark.model_loading.ZigSDLActivity}
08-06 16:17:22.706  6218  6433 I SurfaceControl:  setExtendedRangeBrightness sc=Surface(name=Splash Screen com.stark.model_loading)/@0x98b3159,currentBufferRatio=1.0,desiredRatio=1.0
08-06 16:17:22.708  3503  7712 D OplusTransitionController: onSyncFinishedDrawing, Window{22040de u0 Splash Screen com.stark.model_loading}
08-06 16:17:22.708  3503  7712 I WindowManager: finishDrawing skipLayout:false,syncSeqId=0,mPrepareSyncSeqId=0 Window{22040de u0 Splash Screen com.stark.model_loading} com.android.server.wm.WindowManagerService.finishDrawingWindow:3142 com.android.server.wm.Session.finishDrawing:385 android.view.IWindowSession$Stub.onTransact:815 
08-06 16:17:22.708  3503  7712 I WindowManager: Window{22040de u0 Splash Screen com.stark.model_loading} state from DRAW_PENDING to COMMIT_DRAW_PENDING; reason: finishDrawingLocked
08-06 16:17:22.709  3503  7712 D OplusTransitionAnimationManager: skipFinishDrawingIfNeed clientRotation=0, currentRotation=1, hasFixedRotationApp=true, requestedOrientation=0, win=Window{22040de u0 Splash Screen com.stark.model_loading}, activity=ActivityRecord{d3bb7e2 u0 com.stark.model_loading/.ZigSDLActivity t1364}, currentConfig={1.0 ??mcc??mnc [en_GB] ldltr sw360dp w804dp h360dp 480dpi nrml long hdr widecg land night finger -keyb/v/h -nav/h winConfig={ mBounds=Rect(0, 0 - 2412, 1080) mAppBounds=Rect(0, 0 - 2412, 1080) mMaxBounds=Rect(0, 0 - 2412, 1080) mDisplayRotation=ROTATION_90 mWindowingMode=fullscreen mActivityType=standard mAlwaysOnTop=undefined mRotation=ROTATION_90} s.3 fontWeightAdjustment=0mThemeChanged= 0, mThemeChangedFlags= 0, mFlipFont= 0, mScenario= 0, mAccessibleChanged= -1, mUxIconConfig= 3469766090096123985, mMaterialColor= 40000, mUserId= 0, mFontUserId= 0, mFontVariationSettings= 1226, mFoldingAngle = -1.0, mIconPackName= com.oneplus.iconpack.onepluso2, mDarkModeBackgroundMaxL= 0.0, mDarkModeDialogBgMaxL= 27.0, mDarkModeForegroundMinL= 100.0, mOplusConfigType= 1, mOplusChangedConfigs= 0, OpSans= -1, mBurmeseFontFlag= 2, mFlag= 0, mExtraFlag= 0, mFlexibleActivitySuitable= -1, mPuttDisplayFlag= -1}
08-06 16:17:22.709  3503  6916 D NativeFreezeManager: freezeForAppSwitchScene mAppLaunchFzDxEnable enter, mFgAppPkgname com.stark.model_loading
08-06 16:17:22.709  3503  3750 I WindowManager: Window{22040de u0 Splash Screen com.stark.model_loading} state from COMMIT_DRAW_PENDING to READY_TO_SHOW; reason: commitFinishDrawingLocked
08-06 16:17:22.710  3503  3750 D ActivityTaskManager: commitVisibility: ActivityRecord{d3bb7e2 u0 com.stark.model_loading/.ZigSDLActivity t1364}: visible=true visibleRequested=true, isInTransition=true, runningAnimation=true 
08-06 16:17:22.710  3503  3750 I WindowManager: Window{22040de u0 Splash Screen com.stark.model_loading} state from READY_TO_SHOW to HAS_DRAWN; reason: performShowLocked
08-06 16:17:22.710  3503  3750 I WindowStateExtImpl: onSurfaceShowChange show = true mPackageName = com.stark.model_loading parentPkgName = com.stark.model_loading
08-06 16:17:22.710  3503  3750 D Transition: collectOrderChanges onTopTasksEnd: [Task{2e1702e #1364 type=standard A=10457:com.stark.model_loading}], reportedOnTop:null, mOnTopTasksStart: [Task{2e1702e #1364 type=standard A=10457:com.stark.model_loading}], TDA child: [Task{a1883fb #2 type=undefined}, Task{6c528fa #1 type=home}, Task{2e1702e #1364 type=standard A=10457:com.stark.model_loading}]
08-06 16:17:22.710  3503  3750 D OplusFlexibleActivityTransitionManager: fixTransitType type result:1, targets: [Task{2e1702e #1364 type=standard A=10457:com.stark.model_loading}, Task{6c528fa #1 type=home}]
08-06 16:17:22.711  3503  3750 D OplusTransitionController:  info: {id=572 t=OPEN f=0x0 trk=0 r=[0@Point(0, 0)] c=[{WCT{RemoteToken{90a11cb Task{2e1702e #1364 type=standard A=10457:com.stark.model_loading}}} m=OPEN f=NONE leash=Surface(name=Task=1364)/@0x3a5ffa7 sb=Rect(0, 0 - 1080, 2412) eb=Rect(0, 0 - 1080, 2412) d=0 endFixedRotation=1 taskParent=-1},{WCT{RemoteToken{42bdaed Task{6c528fa #1 type=home}}} m=TO_BACK f=SHOW_WALLPAPER leash=Surface(name=Task=1)/@0x3ae9d22 sb=Rect(0, 0 - 1080, 2412) eb=Rect(0, 0 - 1080, 2412) d=0 taskParent=-1}] extendInfo=[OplusTransitionExtendedInfo{mTmpFinishT=null, mInOplusCompatMode=false, mIsProcessRunning=false, mHasMismatchBoundsTarget=false, mRecentsController=null, mIsTranslucentActivityToHome=false, mAvoidInterceptKeyEventToHome=false, mIsFromHome=false, mParentLeash=null, mIsOplusAnimRes=false, mIsFromOverlay=false, mIsBalAllow=true, mTaskNotInRecent=false, mIsLaunchFromSpruce=false, mIsLaunchFromDrive=false, mAssistScreenShowing=false, mUserIdTransition=0, mInRemoteScene=false, mInPreReady=false, mPreStart=false, mToken=null, mShellApplyToken=null, mRequestTransitionTaskId=1364, mAbortTransitionOnShell=0, mTaskIdStartFromRecents=0, mTransitionId=572, mFoldChangeType=-1, mAnimStartingPosition=[0, 0, 0, 0], mIsOpeningStkDialogActivity=false, mIsNeedApplyStartTForEmbedded=false}]}, 
08-06 16:17:22.711  3503  3750 D OplusTransitionController:  targets : [Task{2e1702e #1364 type=standard A=10457:com.stark.model_loading}, Task{6c528fa #1 type=home}], 
08-06 16:17:22.711  3503  3750 D OplusTransitionController:  participants: {Task{2e1702e #1364 type=standard A=10457:com.stark.model_loading}, WallpaperWindowToken{97e98a1 token=android.os.Binder@5c47033 showWhenLocked=true}, ActivityRecord{d3bb7e2 u0 com.stark.model_loading/.ZigSDLActivity t1364}, ActivityRecord{d983dae u0 com.android.launcher/.Launcher t5}}, 
08-06 16:17:22.713  3503  3746 V WindowManager: Sent Transition (#572) createdAt=08-06 16:17:22.670 via request=TransitionRequestInfo { type = OPEN, triggerTask = TaskInfo{userId=0 taskId=1364 displayId=0 isRunning=true baseIntent=Intent { flg=0x10000000 cmp=com.stark.model_loading/.ZigSDLActivity mCallingUid=2000 } baseActivity=ComponentInfo{com.stark.model_loading/com.stark.model_loading.ZigSDLActivity} topActivity=ComponentInfo{com.stark.model_loading/com.stark.model_loading.ZigSDLActivity} origActivity=null realActivity=ComponentInfo{com.stark.model_loading/com.stark.model_loading.ZigSDLActivity} numActivities=1 lastActiveTime=40623909 supportsSplitScreenMultiWindow=true supportsMultiWindow=true supportsPocketStudioMultiWindow=true isInFlexibleEmbedded = false uid = 10457 pid = 0 resizeMode=1 isResizeable=true minWidth=-1 minHeight=-1 defaultMinSize=220 token=WCT{RemoteToken{90a11cb Task{2e1702e #1364 type=standard A=10457:com.stark.model_loading}}} topActivityType=1 pictureInPictureParams=null shouldDockBigOverlays=false launchIntoPipHostTaskId=-1 lastParentTaskIdBeforePip=-1 displayCutoutSafeInsets=Rect(0, 120 - 0, 0) topActivityInfo=ActivityInfo{8b79da8 com.stark.model_loading.ZigSDLActivity} launchCookies=[] positionInParent=Point(0, 0) parentTaskId=-1 isFocused=false isVisible=false isVisibleRequested=false isSleeping=false locusId=null displayAreaFeatureId=1 isTopActivityTransparent=false appCompatTaskInfo=AppCompatTaskInfo { topActivityInSizeCompat=false topActivityInOplusCompatMode=false topActivityEligibleForLetterboxEducation= falseisLetterboxEducationEnabled= false isLetterboxDoubleTapEnabled= false topActivityEligibleForUserAspectRatioButton= false topActivityBoundsLetterboxed= false isFromLetterboxDoubleTap= false topActivityLetterboxVerticalPosition= -1 topActivityLetterboxHorizontalPosition= -1 topActivityLetterboxWidth=1080 topActivityLetterboxHeight=2412 isUserFullscreenOverrideEnabled=false isSystemFullscreenOverrideEnabled=false cameraCompatTaskInfo=CameraCompatTaskInfo { cameraCompatControlState=hidden freeformCameraCompatMode=inactive}} topActivityLetterboxInsets=Rect(0, 0 - 0, 0) mOplusExtraBundle = Bundle[{androidx.flexible.taskFrame=Rect(0, 0 - 0, 0), androidx.flexible.Alpha=1.0, androidx.activity.task.attach.blur=0, androidx.activity.LaunchInsensible=0, androidx.activity.LaunchCornerRadius=0, key_flexible_task_state=0, topActivitySupportAppInnerSplit=false, key_flexible_task_animating_type=-1, androidx.activity.LaunchScenario=0, flexible_super_mini_state=false, topRunningActivityHash=222017506, androidx.activity.LaunchScale=1.0, androidx.activity.LaunchShadowRadius=0}]}, pipTask = null, remoteTransition = null, displayChange = null, flags = 0, debugId = 572 }
08-06 16:17:22.713  3503  3746 V WindowManager:         {WCT{RemoteToken{90a11cb Task{2e1702e #1364 type=standard A=10457:com.stark.model_loading}}} m=OPEN f=NONE leash=Surface(name=Task=1364)/@0x3a5ffa7 sb=Rect(0, 0 - 1080, 2412) eb=Rect(0, 0 - 1080, 2412) d=0 endFixedRotation=1 taskParent=-1},
08-06 16:17:22.714  3503  3750 D FlexibleWindowManagerService: should not dispatch appeared task Task{2e1702e #1364 type=standard A=10457:com.stark.model_loading}
08-06 16:17:22.716  3503  7712 D OplusTransitionAnimationManager: skipFinishDrawingIfNeed clientRotation=0, currentRotation=1, hasFixedRotationApp=true, requestedOrientation=0, win=Window{22040de u0 Splash Screen com.stark.model_loading}, activity=ActivityRecord{d3bb7e2 u0 com.stark.model_loading/.ZigSDLActivity t1364}, currentConfig={1.0 ??mcc??mnc [en_GB] ldltr sw360dp w804dp h360dp 480dpi nrml long hdr widecg land night finger -keyb/v/h -nav/h winConfig={ mBounds=Rect(0, 0 - 2412, 1080) mAppBounds=Rect(0, 0 - 2412, 1080) mMaxBounds=Rect(0, 0 - 2412, 1080) mDisplayRotation=ROTATION_90 mWindowingMode=fullscreen mActivityType=standard mAlwaysOnTop=undefined mRotation=ROTATION_90} s.3 fontWeightAdjustment=0mThemeChanged= 0, mThemeChangedFlags= 0, mFlipFont= 0, mScenario= 0, mAccessibleChanged= -1, mUxIconConfig= 3469766090096123985, mMaterialColor= 40000, mUserId= 0, mFontUserId= 0, mFontVariationSettings= 1226, mFoldingAngle = -1.0, mIconPackName= com.oneplus.iconpack.onepluso2, mDarkModeBackgroundMaxL= 0.0, mDarkModeDialogBgMaxL= 27.0, mDarkModeForegroundMinL= 100.0, mOplusConfigType= 1, mOplusChangedConfigs= 0, OpSans= -1, mBurmeseFontFlag= 2, mFlag= 0, mExtraFlag= 0, mFlexibleActivitySuitable= -1, mPuttDisplayFlag= -1}
08-06 16:17:22.723  6218  6218 I SystemUi--QuickSettings: QSTileHostHelper-->PACKAGE changed pkgName=com.stark.model_loading,isMultiAppfalse ,replaceDataBundle[{android.intent.extra.REMOVED_FOR_ALL_USERS=true, android.intent.extra.DONT_KILL_APP=false, android.intent.extra.UID=10457, android.intent.extra.SYSTEM_UPDATE_UNINSTALL=false, android.intent.extra.USER_INITIATED=true, android.intent.extra.DATA_REMOVED=false, android.intent.extra.REPLACING=true, android.intent.extra.user_handle=0}]
08-06 16:17:22.724  6218  6218 I SDP.SysUi.InstallMonitorManager:  Start notify install for package:com.stark.model_loading.[ssdk:v1.2.110-60aac27,sdplugin:v15.0.860-2e374f19]
08-06 16:17:22.724  6218  6496 W PluginActionManager: handleQueryPlugins, not in mPrivilegedPlugins, pkgName=com.stark.model_loading
08-06 16:17:22.724  6218  6496 W PluginActionManager: handleQueryPlugins, not in mPrivilegedPlugins, pkgName=com.stark.model_loading
08-06 16:17:22.724  6218  6496 W PluginActionManager: handleQueryPlugins, not in mPrivilegedPlugins, pkgName=com.stark.model_loading
08-06 16:17:22.724  6218  6496 W PluginActionManager: handleQueryPlugins, not in mPrivilegedPlugins, pkgName=com.stark.model_loading
08-06 16:17:22.724  6218  6496 W PluginActionManager: handleQueryPlugins, not in mPrivilegedPlugins, pkgName=com.stark.model_loading
08-06 16:17:22.724  6218  6496 W PluginActionManager: handleQueryPlugins, not in mPrivilegedPlugins, pkgName=com.stark.model_loading
08-06 16:17:22.724  6218  6496 W PluginActionManager: handleQueryPlugins, not in mPrivilegedPlugins, pkgName=com.stark.model_loading
08-06 16:17:22.724  6218  6496 W PluginActionManager: handleQueryPlugins, not in mPrivilegedPlugins, pkgName=com.stark.model_loading
08-06 16:17:22.724  6218  6496 W PluginActionManager: handleQueryPlugins, not in mPrivilegedPlugins, pkgName=com.stark.model_loading
08-06 16:17:22.724  6218  6496 W PluginActionManager: handleQueryPlugins, not in mPrivilegedPlugins, pkgName=com.stark.model_loading
08-06 16:17:22.724  6218  6496 W PluginActionManager: handleQueryPlugins, not in mPrivilegedPlugins, pkgName=com.stark.model_loading
08-06 16:17:22.724  6218  6496 W PluginActionManager: handleQueryPlugins, not in mPrivilegedPlugins, pkgName=com.stark.model_loading
08-06 16:17:22.724  6218  6496 W PluginActionManager: handleQueryPlugins, not in mPrivilegedPlugins, pkgName=com.stark.model_loading
08-06 16:17:22.724  6218  6496 W PluginActionManager: handleQueryPlugins, not in mPrivilegedPlugins, pkgName=com.stark.model_loading
08-06 16:17:22.724  6218  6496 W PluginActionManager: handleQueryPlugins, not in mPrivilegedPlugins, pkgName=com.stark.model_loading
08-06 16:17:22.724  6218  6496 W PluginActionManager: handleQueryPlugins, not in mPrivilegedPlugins, pkgName=com.stark.model_loading
08-06 16:17:22.724  6218  6496 W PluginActionManager: handleQueryPlugins, not in mPrivilegedPlugins, pkgName=com.stark.model_loading
08-06 16:17:22.724  6464  6464 D OsAgent : Package uninstalled, onReceive: com.stark.model_loading
08-06 16:17:22.725  6218  6218 I SDP.SysUi.InstallMonitorManager:  Start check ums pks for com.stark.model_loading.[ssdk:v1.2.110-60aac27,sdplugin:v15.0.860-2e374f19]
08-06 16:17:22.725  6218  6218 I SDP.SysUi.InstallMonitorManager:  Start notify install for package:com.stark.model_loading.[ssdk:v1.2.110-60aac27,sdplugin:v15.0.860-2e374f19]
08-06 16:17:22.726  6218  6496 W PluginActionManager: handleQueryPlugins, not in mPrivilegedPlugins, pkgName=com.stark.model_loading
08-06 16:17:22.726  6218  6496 W PluginActionManager: handleQueryPlugins, not in mPrivilegedPlugins, pkgName=com.stark.model_loading
08-06 16:17:22.726  6218  6496 W PluginActionManager: handleQueryPlugins, not in mPrivilegedPlugins, pkgName=com.stark.model_loading
08-06 16:17:22.726  6218  6496 W PluginActionManager: handleQueryPlugins, not in mPrivilegedPlugins, pkgName=com.stark.model_loading
08-06 16:17:22.726  6218  6496 W PluginActionManager: handleQueryPlugins, not in mPrivilegedPlugins, pkgName=com.stark.model_loading
08-06 16:17:22.726  6218  6496 W PluginActionManager: handleQueryPlugins, not in mPrivilegedPlugins, pkgName=com.stark.model_loading
08-06 16:17:22.726  6218  6496 W PluginActionManager: handleQueryPlugins, not in mPrivilegedPlugins, pkgName=com.stark.model_loading
08-06 16:17:22.726  6218  6496 W PluginActionManager: handleQueryPlugins, not in mPrivilegedPlugins, pkgName=com.stark.model_loading
08-06 16:17:22.726  6218  6496 W PluginActionManager: handleQueryPlugins, not in mPrivilegedPlugins, pkgName=com.stark.model_loading
08-06 16:17:22.726  6218  6496 W PluginActionManager: handleQueryPlugins, not in mPrivilegedPlugins, pkgName=com.stark.model_loading
08-06 16:17:22.726  6218  6496 W PluginActionManager: handleQueryPlugins, not in mPrivilegedPlugins, pkgName=com.stark.model_loading
08-06 16:17:22.726  6218  6496 W PluginActionManager: handleQueryPlugins, not in mPrivilegedPlugins, pkgName=com.stark.model_loading
08-06 16:17:22.726  6218  6496 W PluginActionManager: handleQueryPlugins, not in mPrivilegedPlugins, pkgName=com.stark.model_loading
08-06 16:17:22.726  6218  6496 W PluginActionManager: handleQueryPlugins, not in mPrivilegedPlugins, pkgName=com.stark.model_loading
08-06 16:17:22.726  6218  6496 W PluginActionManager: handleQueryPlugins, not in mPrivilegedPlugins, pkgName=com.stark.model_loading
08-06 16:17:22.726  6218  6496 W PluginActionManager: handleQueryPlugins, not in mPrivilegedPlugins, pkgName=com.stark.model_loading
08-06 16:17:22.726  6218  6496 W PluginActionManager: handleQueryPlugins, not in mPrivilegedPlugins, pkgName=com.stark.model_loading
08-06 16:17:22.726  6218  6218 I SDP.SysUi.InstallMonitorManager:  Start notify install for package:com.stark.model_loading.[ssdk:v1.2.110-60aac27,sdplugin:v15.0.860-2e374f19]
08-06 16:17:22.733  6672  6672 I SDP.InstallMonitorManager:  Start notify install for package:com.stark.model_loading.[ssdk:v1.3.30-e44b3ae,sdplugin:v15.0.860-2e374f19]
08-06 16:17:22.733  6672  6672 I PluginManagerImpl: actionManager.reloadPackage, pkg: com.stark.model_loading
08-06 16:17:22.733  6672  6672 I PluginManagerImpl: actionManager.reloadPackage, pkg: com.stark.model_loading
08-06 16:17:22.733  6672  6672 I PluginManagerImpl: actionManager.reloadPackage, pkg: com.stark.model_loading
08-06 16:17:22.733  6672  6672 I PluginManagerImpl: actionManager.reloadPackage, pkg: com.stark.model_loading
08-06 16:17:22.733  6672  6672 I SDP.InstallMonitorManager:  Start check ums pks for com.stark.model_loading.[ssdk:v1.3.30-e44b3ae,sdplugin:v15.0.860-2e374f19]
08-06 16:17:22.733  6672  6672 I SDP.InstallMonitorManager:  Start notify install for package:com.stark.model_loading.[ssdk:v1.3.30-e44b3ae,sdplugin:v15.0.860-2e374f19]
08-06 16:17:22.733  6672  6672 I PluginManagerImpl: actionManager.reloadPackage, pkg: com.stark.model_loading
08-06 16:17:22.733  6672  6672 I PluginManagerImpl: actionManager.reloadPackage, pkg: com.stark.model_loading
08-06 16:17:22.733  6672  6672 I PluginManagerImpl: actionManager.reloadPackage, pkg: com.stark.model_loading
08-06 16:17:22.733  6672  6672 I PluginManagerImpl: actionManager.reloadPackage, pkg: com.stark.model_loading
08-06 16:17:22.733  6672  6672 I SDP.InstallMonitorManager:  Start notify install for package:com.stark.model_loading.[ssdk:v1.3.30-e44b3ae,sdplugin:v15.0.860-2e374f19]
08-06 16:17:22.739 12844 16708 W PTC.DATATRANS.d: PACKAGE_REMOVED intent came late : com.stark.model_loading
08-06 16:17:22.739 12844 16709 I PTC.DATATRANS.d: App installed: com.stark.model_loading
08-06 16:17:22.740 12844 16709 W PTC.DATATRANS.g: configFileLocationGroup is empty,config error with com.stark.model_loading
08-06 16:17:22.741 12739 28594 I SG::ExternalProvider: call method scanSingle, arg package:com.stark.model_loading [UMS|com.oplus.pantanal.ums|1.5.5-f48228a]
08-06 16:17:22.741 12739 28594 I SG::UmsScanner: scan pkg: com.stark.model_loading start...
08-06 16:17:22.743  4532  4532 I Finsky  : [2] AIM: AppInfoCacheUpdater -> invalidating apps: [com.stark.model_loading]
08-06 16:17:22.745  4532  4567 I Finsky  : [82] AIM: AppInfoManager-Perf > OnDeviceAppInfo > cacheHitCount=0, cacheMissCount=1. Missed  in cache (limit 10) : [com.stark.model_loading]
08-06 16:17:22.747 14355 14371 I artd    : GetBestInfo: odex next to the dex file (/data/app/~~vC2bbKdyUOj-dcyt7w_bDg==/com.stark.model_loading-tIRNlOAkwwoewnXInwemzg==/oat/arm64/base.odex) is kOatUpToDate with filter 'verify' executable 'false'
08-06 16:17:22.749 12739 12739 I CardService[1005050].CardServiceDisplayDataRepository: onConfigChanged:com.stark.model_loading
08-06 16:17:22.749 12739 12739 I CardService[1005050].CardServiceDisplayDataRepository: onConfigChanged:com.stark.model_loading
08-06 16:17:22.749 12739 12739 I SG::UmsScanner: scan pkg: com.stark.model_loading start...
08-06 16:17:22.751 12739 12739 I CardService[1005050].CardServiceDisplayDataRepository: onConfigChanged:com.stark.model_loading
08-06 16:17:22.752 12739 15990 I SG::OCSCacheHelper: checkFromPackageReceiver, start scan single pkg: com.stark.model_loading
08-06 16:17:22.752 12739 15990 E SG::OCSCacheHelper: checkFromPackageReceiver resolvedInfo is empty,pkg = com.stark.model_loading
08-06 16:17:22.759 12718 16375 W SQLiteLog: (28) double-quoted string literal: "com.stark.model_loading"
08-06 16:17:22.761  3503  6781 D SplitScreenAppReader: SPLIT_TOUCH support check:com.stark.model_loading = false
08-06 16:17:22.761  3503  6781 D ResourcesManagerCache: For package com.stark.model_loading we got cacheList [null] appInfoExt is null ? false hasFeature ? false
08-06 16:17:22.761  3503  6781 D VRR [OPlusExternalRefreshRateManager]: isPkgTfcEnable: pkgName = com.stark.model_loading, enable = false
08-06 16:17:22.761  3503  6781 D VRR [OPlusExternalRefreshRateManager]: getTfcMinFramerate: pkgName = com.stark.model_loading, min framerate = 0
08-06 16:17:22.763  3503  6781 D WindowManager: updateOrientation: stop for launching different orientation app. topCandidate = ActivityRecord{d3bb7e2 u0 com.stark.model_loading/.ZigSDLActivity t1364} hasFixedRotationTransform = true rotation = 1 r = ActivityRecord{d3bb7e2 u0 com.stark.model_loading/.ZigSDLActivity t1364} hasFixedRotationTransform = true rotation = 1 mFixedRotationLaunchingApp = ActivityRecord{d3bb7e2 u0 com.stark.model_loading/.ZigSDLActivity t1364} curRotation = 0
08-06 16:17:22.763  3503  6781 D WindowManager: updateOrientation: stop for launching different orientation app. topCandidate = ActivityRecord{d3bb7e2 u0 com.stark.model_loading/.ZigSDLActivity t1364} hasFixedRotationTransform = true rotation = 1 r = ActivityRecord{d3bb7e2 u0 com.stark.model_loading/.ZigSDLActivity t1364} hasFixedRotationTransform = true rotation = 1 mFixedRotationLaunchingApp = ActivityRecord{d3bb7e2 u0 com.stark.model_loading/.ZigSDLActivity t1364} curRotation = 0
08-06 16:17:22.764  3503  6781 D ColorDisplayServiceExtImpl: getWCGVersion1App, packageName=com.stark.model_loading, sSupportWCG1 = true, nRet = 0
08-06 16:17:22.766  3503  6781 D ActivityTaskManager: onWindowFocusChanged Task{2e1702e #1364 type=standard A=10457:com.stark.model_loading} would transfer to compact
08-06 16:17:22.767  3503  3762 I UserAwareMgr: handleTopAppChanged: com.stark.model_loading, pid: 16674, uid: 10457
08-06 16:17:22.767  3503  3762 I UserAwareMgr: filter app: com.stark.model_loading
08-06 16:17:22.767  3503  6781 I InputDispatcher: setFocusedApplication displayId=0 ActivityRecord{d3bb7e2 u0 com.stark.model_loading/.ZigSDLActivity t1364}
08-06 16:17:22.767  3503  6781 D ActivityTaskManager: NFW_setLastResumedActivityUncheckLocked:true r:ActivityRecord{d3bb7e2 u0 com.stark.model_loading/.ZigSDLActivity t1364} currentFocus:null
08-06 16:17:22.767  3503  6781 D FlexibleTaskController: onTaskFocusChanged prevTask:Task{b90dce0 #5 type=home I=com.android.launcher/.Launcher} ,currentTask:Task{2e1702e #1364 type=standard A=10457:com.stark.model_loading}, reason: realStartActivityLocked - onActivityStateChanged
08-06 16:17:22.767  3503  6781 D OplusFlexibleDCSManager: onNextPkgChanged pkg = com.stark.model_loading
08-06 16:17:22.768  3503  6781 I OplusAppSwitchManagerService: appswitch hasProcess ActivityRecord{d3bb7e2 u0 com.stark.model_loading/.ZigSDLActivity t1364}
08-06 16:17:22.768  3503  5574 I [UAH_CLIENT]: UahEventAcquire, cmdid:0, pkg:com.stark.model_loading, identity:com.android.server.wm
08-06 16:17:22.768  3503  6781 I OplusAppSwitchManagerService: appswitch hasProcess ActivityRecord{d3bb7e2 u0 com.stark.model_loading/.ZigSDLActivity t1364}
08-06 16:17:22.770  3503  3870 D OplusAppSwitchListener: Detect com.stark.model_loading switch to foreground
08-06 16:17:22.772  3503  3789 E OplusThermalStats: Error getting package info: com.stark.model_loading
08-06 16:17:22.773  2445 27618 D AudioFlingerExtImpl: AudioFlingerExtImpl oplusSetParameters: keyvalue onForegroundActivitiesChanged=com.stark.model_loading:foreground:1|10457:16674
08-06 16:17:22.773  2445 27618 D AudioFlingerExtImpl: updateForegroundInfo, mapInf mForegroundMap(1)|[com.stark.model_loading]=1, uidPidMapInf mForegroundUidPidMap(1)|[10457]=16674
08-06 16:17:22.775 12739 12765 I SG::ExternalProvider: call method scanSingle, arg package:com.stark.model_loading
08-06 16:17:22.775 12739 12765 I SG::UmsScanner: scan pkg: com.stark.model_loading start...
08-06 16:17:22.777 15210 15210 I Finsky:background: [2] IQ: onPackageRemoved com.stark.model_loading, replacing=true, uninstallingFromPlay=false
08-06 16:17:22.777 16674 16674 D nativeloader: Configuring clns-7 for other apk /data/app/~~vC2bbKdyUOj-dcyt7w_bDg==/com.stark.model_loading-tIRNlOAkwwoewnXInwemzg==/base.apk. target_sdk_version=35, uses_libraries=, library_path=/data/app/~~vC2bbKdyUOj-dcyt7w_bDg==/com.stark.model_loading-tIRNlOAkwwoewnXInwemzg==/lib/arm64:/data/app/~~vC2bbKdyUOj-dcyt7w_bDg==/com.stark.model_loading-tIRNlOAkwwoewnXInwemzg==/base.apk!/lib/arm64-v8a, permitted_path=/data:/mnt/expand:/data/user/0/com.stark.model_loading
08-06 16:17:22.780  1971  2003 I statsd  : An anomaly (104240000001) (42)0x10000->10457[I] (42)0x20000->com.stark.model_loading[S] (42)0x30000->.ZigSDLActivity[S]  has occurred! Informing subscribers.
08-06 16:17:22.785  8427 18347 I midasd  : app forground called:com.stark.model_loading
08-06 16:17:22.788 12739 12765 I SG::ExternalProvider: call method scanSingle, arg package:com.stark.model_loading
08-06 16:17:22.788 12739 12765 I SG::UmsScanner: scan pkg: com.stark.model_loading start...
08-06 16:17:22.788 16674 16674 V GraphicsEnvironment: com.stark.model_loading is not listed in per-application setting
08-06 16:17:22.789  4532  4532 I Finsky  : [2] AIM: AppInfoCacheUpdater -> invalidating apps: [com.stark.model_loading]
08-06 16:17:22.790 12718 16375 W SQLiteLog: (28) double-quoted string literal: "com.stark.model_loading"
08-06 16:17:22.795 12739 12765 I SG::ExternalProvider: call method scanSingle, arg package:com.stark.model_loading
08-06 16:17:22.795 12739 12765 I SG::UmsScanner: scan pkg: com.stark.model_loading start...
08-06 16:17:22.796  3503  3719 D ActivityTaskManager: pre-Filtered:com.stark.model_loading # 
08-06 16:17:22.797  4532  4580 I Finsky  : [92] AIM: AppInfoManager-Perf > OnDeviceAppInfo > cacheHitCount=0, cacheMissCount=1. Missed  in cache (limit 10) : [com.stark.model_loading]
08-06 16:17:22.799 14355 14371 I artd    : GetBestInfo: odex next to the dex file (/data/app/~~vC2bbKdyUOj-dcyt7w_bDg==/com.stark.model_loading-tIRNlOAkwwoewnXInwemzg==/oat/arm64/base.odex) is kOatUpToDate with filter 'verify' executable 'false'
08-06 16:17:22.800 12739 12765 I SG::ExternalProvider: call method scanSingle, arg package:com.stark.model_loading [UMS|com.oplus.pantanal.ums|1.5.5-f48228a]
08-06 16:17:22.800 12739 12765 I SG::UmsScanner: scan pkg: com.stark.model_loading start...
08-06 16:17:22.806 12739 12765 I SG::ExternalProvider: call method scanSingle, arg package:com.stark.model_loading
08-06 16:17:22.806 12739 12765 I SG::UmsScanner: scan pkg: com.stark.model_loading start...
08-06 16:17:22.809  6088  6108 V DCSEX-AppSwitchManager: OnAppSwitchObserver: onAppExit, resuming = com.stark.model_loading, target = com.android.launcher, is ResumingFirstStart =  true, is ResumingMultiApp =  false, extensionInfo =  Bundle[mParcelledData.dataSize=316]
08-06 16:17:22.809  6218  6218 I PluginSeedling--Base: SeedlingPluginService-->onStateChange: Bundle[{app_switch_resume_pkg=com.stark.model_loading, state=onFrontAppSwitched, isTransientHide=false, app_switch_resume_activity=com.stark.model_loading.ZigSDLActivity}]
08-06 16:17:22.809  7093  7549 W Battery : AppSwitchDetectorV2: OnAppSwitchObserver: onAppExit , info = OplusAppExitInfo = {  targetName = com.android.launcher hasResumingActivity = true resumingPackageName = com.stark.model_loading resumingActivityName = com.stark.model_loading.ZigSDLActivity resumingWindowMode = 1 isResumingMultiApp = false isResumingFirstStart = true extension = Bundle[mParcelledData.dataSize=316]}
08-06 16:17:22.809  6088  6360 D DCSEX-AppLaunchEventRecorder: onAppSwitch from = com.android.launcher to = com.stark.model_loading
08-06 16:17:22.809  3503  7036 D OplusEapManager: mTargetEnterName :com.stark.model_loading
08-06 16:17:22.810 13607 29458 D SceneSDK.1.0.4-SNAPSHOT.13607.DeepThinkerAppSwitchAbility: onAppSwitchEvent: AppSwitchEvent(timeStamp=1754477242810, eventType=2, targetName=com.android.launcher, firstStart=false, multiApp=false, windowMode=0, resumingPackageName=com.stark.model_loading, resumingActivityName=com.stark.model_loading.ZigSDLActivity, isResumingMultiApp=false, isResumingFirstStart=true)
08-06 16:17:22.810 13607 29458 I metis_v2_AppSwitchDataCollector: AppExitEvent =  com.android.launcher, NextAppName = com.stark.model_loading [Metis|com.oplus.metis|1.4.54-aa2067f]
08-06 16:17:22.811  7093  7549 W Battery : ThermalControlUtils: mForegroundPkg=com.stark.model_loading mLastWindowMode=1
08-06 16:17:22.811  7093  7549 W Battery : StateManager: getAppType com.stark.model_loading, last=1754477006678
08-06 16:17:22.811  7093  7549 W Battery : ThermalControllHandler: tempLevel=[6],userMode=3,gameUserMode=7,appType=-1,envTempType=1,appStates=[],appSwitchSafetyMode=false,split=[],float=[],full=[com.stark.model_loading], tempGear=[7],configItemName=common_config
08-06 16:17:22.812  3503  6619 D OplusBatteryServiceFeature: setSmartCoolDown: coolDown = 3, normalCoolDown = 3, pkgName = com.stark.model_loading
08-06 16:17:22.814  6088  6108 V DCSEX-AppSwitchManager: OnAppSwitchObserver: onAppEnter, launchedFrom =  com.android.shell, target =  com.stark.model_loading, is firstStart =  true, is multiApp =  false, extensionInfo =  Bundle[mParcelledData.dataSize=232]
08-06 16:17:22.822 16674 16674 D nativeloader: Load /data/app/~~vC2bbKdyUOj-dcyt7w_bDg==/com.stark.model_loading-tIRNlOAkwwoewnXInwemzg==/lib/arm64/libSDL3.so using class loader ns clns-7 (caller=/data/app/~~vC2bbKdyUOj-dcyt7w_bDg==/com.stark.model_loading-tIRNlOAkwwoewnXInwemzg==/base.apk): ok
08-06 16:17:22.823 16674 16674 D nativeloader: Load /data/app/~~vC2bbKdyUOj-dcyt7w_bDg==/com.stark.model_loading-tIRNlOAkwwoewnXInwemzg==/lib/arm64/libmain.so using class loader ns clns-7 (caller=/data/app/~~vC2bbKdyUOj-dcyt7w_bDg==/com.stark.model_loading-tIRNlOAkwwoewnXInwemzg==/base.apk): ok
08-06 16:17:22.824  3503  7036 D OplusLatencyOptimizerManager: enter pkg: com.stark.model_loading isPrevBlackAppTop: false mIsBlackAppTop: false
08-06 16:17:22.824  3503  7036 D VRR [OPlusFrontAppManager]: OnAppSwitchObserver: onAppEnter , info.targetName = com.stark.model_loading
08-06 16:17:22.825  3503  3943 D VRR [OPlusRefreshRateService]: handleFrontAppChange pkgName: com.stark.model_loading
08-06 16:17:22.825  3503  3943 D VRR [OPlusRefreshRateService]:  updateGamingStatus [ com.stark.model_loading , com.stark.model_loading , gaming true ]
08-06 16:17:22.832  2481  8132 I SurfaceFlinger: [SF client] NEW(0xb4000077582ce160) for (16674:com.stark.model_loading)
08-06 16:17:22.835  3503  6068 I GameManagerServiceExt-GameBackground: Now current pkg is : com.stark.model_loading
08-06 16:17:22.838  8311 13973 D OplusAtlasService: checkIsInDaemonlistByName module:game-route-daemon-list packageName:com.stark.model_loading
08-06 16:17:22.843  3503  9844 D SensorServiceExtImpl: isAllowOplusAMD opPackageName = com.stark.model_loading
08-06 16:17:22.851 11354 16517 I ProximityAuth: [RecentAppsMediator] Package added: (user=UserHandle{0}) com.stark.model_loading
08-06 16:17:22.852 16674 16674 D ActivityThread: ComponentInfo{com.stark.model_loading/com.stark.model_loading.ZigSDLActivity} checkFinished=false 2
08-06 16:17:22.852 19690 19886 I AIUnit-GameModePublisher: onGameChange gameOn = true package = com.stark.model_loading
08-06 16:17:22.855  2481  2715 I SurfaceFlinger: [SF client] NEW(0xb4000077766ae610) for (16674:com.stark.model_loading)
08-06 16:17:22.857 16674 16674 D WindowManager: Add to mViews: com.android.internal.policy.DecorView{7d8e4d2 I.E...... R.....ID 0,0-0,0 alpha=1.0 viewInfo = }[ZigSDLActivity],pkg= com.stark.model_loading
08-06 16:17:22.859 12850 16752 W SQLiteLog: (28) double-quoted string literal: "com.stark.model_loading"
08-06 16:17:22.860 13607 29458 D SceneSDK.1.0.4-SNAPSHOT.13607.DeepThinkerAppSwitchAbility: onAppSwitchEvent: AppSwitchEvent(timeStamp=1754477242857, eventType=1, targetName=com.stark.model_loading, firstStart=true, multiApp=false, windowMode=1, resumingPackageName=, resumingActivityName=, isResumingMultiApp=false, isResumingFirstStart=false)
08-06 16:17:22.860 13607 29458 I metis_v2_AppSwitchDataCollector: AppEnterEvent =  com.stark.model_loading, windowMode = 1,firstStart = true
08-06 16:17:22.860  7061 11127 I Athena  : AthenaDynamicReceiver: pre_app:com.android.launcher, next_app:com.stark.model_loading(10457|16674)
08-06 16:17:22.860  6924  7899 I GamingScene: isGamePkg : false  pkg: com.stark.model_loading
08-06 16:17:22.861  6924  7899 I GamingScene: topPackage is equal to mInScenePackage : false  topPackage : com.stark.model_loading mInScenePackage : 
08-06 16:17:22.864  6924  7908 D OplusLinkBoostSceneManager: onAppEnter:com.stark.model_loading
08-06 16:17:22.864  6924  7908 D OplusLinkBoostSceneManager: sceneStateUpdate: 5002,com.stark.model_loading,switch:[false, true, true, true]
08-06 16:17:22.864  6924  7908 D OplusLinkBoostCommon: onSceneUpdated: 5002,com.stark.model_loading
08-06 16:17:22.869  3503  3762 I UserAwareMgr: filter app: com.stark.model_loading
08-06 16:17:22.876  3503  6619 I WindowManager: addWindow: New client android.os.BinderProxy@d63b14b : window=Window{e798728 u0 com.stark.model_loading/com.stark.model_loading.ZigSDLActivity}
08-06 16:17:22.877  1971  2003 I statsd  : An anomaly (119840000001) (100198)0x10000->com.stark.model_loading[S] (100198)0x20000->10457[I]  has occurred! Informing subscribers.
08-06 16:17:22.878  6924  7906 D ActivityAdapter: onCommonAppEnter: OplusAppEnterInfo = {  windowMode = 1 targetName = com.stark.model_loading multiApp = false firstStart = true launchedFromPackage = com.android.shell intent = Intent { flg=0x10000000 cmp=com.stark.model_loading/.ZigSDLActivity mCallingUid=2000 } extension = Bundle[mParcelledData.dataSize=232]}
08-06 16:17:22.883  3503  7714 D Transition: finishTransition ar ActivityRecord{d3bb7e2 u0 com.stark.model_loading/.ZigSDLActivity t1364}, isVisibleRequested=true, state=RESUMED, visibleAtTransitionEndTokens={WallpaperWindowToken{97e98a1 token=android.os.Binder@5c47033 showWhenLocked=true}, ActivityRecord{d3bb7e2 u0 com.stark.model_loading/.ZigSDLActivity t1364}}, this=TransitionRecord{3bcec54 id=572 track=0 type=OPEN flags=0x0 state=2}
08-06 16:17:22.883  3503  7714 D Transition: finishTransition ar ActivityRecord{d983dae u0 com.android.launcher/.Launcher t5}, isVisibleRequested=false, state=PAUSED, visibleAtTransitionEndTokens={WallpaperWindowToken{97e98a1 token=android.os.Binder@5c47033 showWhenLocked=true}, ActivityRecord{d3bb7e2 u0 com.stark.model_loading/.ZigSDLActivity t1364}}, this=TransitionRecord{3bcec54 id=572 track=0 type=OPEN flags=0x0 state=2}
08-06 16:17:22.885  3503  7714 I OplusAppSwitchManagerService:  handleAppVisible , r = ActivityRecord{d3bb7e2 u0 com.stark.model_loading/.ZigSDLActivity t1364}
08-06 16:17:22.885  3503  7714 D WindowManager: Enter continueUpdateOrientationForDiffOrienLaunchingApp fixed rotation app = ActivityRecord{d3bb7e2 u0 com.stark.model_loading/.ZigSDLActivity t1364}null
08-06 16:17:22.885  3503  7714 D OplusGameRotationService: stopRotationInGame: check windowContainer = ActivityRecord{d3bb7e2 u0 com.stark.model_loading/.ZigSDLActivity t1364}
08-06 16:17:22.886  3503  7714 I WindowManager: Display id 0 rotation changed to ROTATION_90 (1) from ROTATION_0 (0), lastOrientation = SCREEN_ORIENTATION_LANDSCAPE (0) lastOrientationSource = ActivityRecord{d3bb7e2 u0 com.stark.model_loading/.ZigSDLActivity t1364}
08-06 16:17:22.888 16674 16674 D ViewRootImplExtImpl: wrapConfigInfoIntoFlags rotation=1, smallestScreenWidthDp=0, residentWS=false, scenario=0, bounds=Rect(0, 0 - 2412, 1080), relayoutAsync=false, flags=0, newFlags=1264582664, title=com.stark.model_loading/com.stark.model_loading.ZigSDLActivity
08-06 16:17:22.912  3503  7714 W WindowManager: Finish fixed rotation transform of ActivityRecord{d3bb7e2 u0 com.stark.model_loading/.ZigSDLActivity t1364} applyDisplayRotation = com.android.server.wm.DisplayContent$$ExternalSyntheticLambda9@1d487a9; callers:com.android.server.wm.DisplayContent.applyRotationAndFinishFixedRotation:7640 com.android.server.wm.DisplayContent.onRequestedOverrideConfigurationChanged:7602 com.android.server.wm.DisplayContent.performDisplayOverrideConfigUpdate:7575 com.android.server.wm.RootWindowContainer.dispatchConfigurationToChild:700 com.android.server.wm.RootWindowContainer.dispatchConfigurationToChild:213 com.android.server.wm.ConfigurationContainer.onConfigurationChanged:170 
08-06 16:17:22.915  3503  7714 D FlexibleTaskController: changeConfigForFlexibleTask for this task is not flexible:Task{2e1702e #1364 type=standard A=10457:com.stark.model_loading}
08-06 16:17:22.916  3503  7714 I WindowManager: Window{e798728 u0 com.stark.model_loading/com.stark.model_loading.ZigSDLActivity} state from NO_SURFACE to DRAW_PENDING; reason: updateResizingWindowIfNeeded
08-06 16:17:22.934  3503  6781 D WindowManagerServiceExtImpl: extractConfigInfoAndRealFlags rotation=1, screenDp=0, residentWS:0, scenario:0, bounds:2412, serverWinBounds:Rect(0, 0 - 2412, 1080), win=Window{e798728 u0 com.stark.model_loading/com.stark.model_loading.ZigSDLActivity}
08-06 16:17:22.934  3503  6781 V WindowManager: Relayout Window{e798728 u0 com.stark.model_loading/com.stark.model_loading.ZigSDLActivity}: viewVisibility=0, oldvis=4, req=2412x1080, vsysui=LAYOUT_STABLE, x=0, y=0
08-06 16:17:22.935  2481  2612 D OplusLayer: setProcInfo (6495,com.stark.model_loading/com.stark.model_loading.ZigSDLActivity#6495,com.stark.model_loading,0x7EF96A04)
08-06 16:17:22.940  3503  6781 D WindowManager: NFW_findFocusedWindowIfNeeded:Window{e798728 u0 com.stark.model_loading/com.stark.model_loading.ZigSDLActivity} mCurrentFocus:null
08-06 16:17:22.940  3503  6781 V WindowManager: Changing focus from null to Window{e798728 u0 com.stark.model_loading/com.stark.model_loading.ZigSDLActivity},diplayid=0
08-06 16:17:22.941  3503  6781 D WindowManager: BarWindow--setVisible: id=1, oldState=0, state=2, mFocuseWindow= Window{e798728 u0 com.stark.model_loading/com.stark.model_loading.ZigSDLActivity} call: 
08-06 16:17:22.942  3503  6782 D CoreBackPreview: Window{e798728 u0 com.stark.model_loading/com.stark.model_loading.ZigSDLActivity}: Setting back callback OnBackInvokedCallbackInfo{mCallback=android.window.IOnBackInvokedCallback$Stub$Proxy@f8e0eb5, mPriority=0, mIsAnimationCallback=false}
08-06 16:17:22.942  3503  6782 D WindowManager: BarWindow--setVisible: id=1, oldState=2, state=0, mFocuseWindow= Window{e798728 u0 com.stark.model_loading/com.stark.model_loading.ZigSDLActivity} call: 
08-06 16:17:22.946  3503  3750 D SurfaceComposerClient: Transaction::apply InputWindowCommands.focusRequests timestamp=22757070417984, windowName=e798728 com.stark.model_loading/com.stark.model_loading.ZigSDLActivity
08-06 16:17:22.955  3503 11255 D RefreshRate: overrideWindowRefreshRate win Window{e798728 u0 com.stark.model_loading/com.stark.model_loading.ZigSDLActivity}, refreshRateId 2
08-06 16:17:22.956  2481  2612 D OplusLayer: setProcInfo (6500,SurfaceView[com.stark.model_loading/com.stark.model_loading.ZigSDLActivity](BLAST)#6500,com.stark.model_loading,0x7EF96A04)
08-06 16:17:22.956 16674 16674 D SurfaceView: 72420044, SurfaceView[com.stark.model_loading/com.stark.model_loading.ZigSDLActivity], layerid: 6500 createBlastSurfaceControls
08-06 16:17:22.960 16674 16674 V SystemSensorManagerExtImpl: RegisterListener bmi26x Accelerometer Non-wakeup type:1 delay:20000us by org.libsdl.app.SDLSurface{4510acc VFE...... .F....ID 0,0-2412,1080 alpha=1.0 viewInfo = } from com.stark.model_loading
08-06 16:17:22.960  3503 11255 D SensorService: createSensorEventConnection packageName = org.libsdl.app.SDLSurface, opPackageName = com.stark.model_loading, mCurrentOperatingMode = 0, requestedMode = 0
08-06 16:17:22.961  3503  3719 D ActivityRecordExtImpl: updateRecordSurfaceViewState for ActivityRecord = ActivityRecord{d3bb7e2 u0 com.stark.model_loading/.ZigSDLActivity t1364} surfaceState = true attachedToWindow = true
08-06 16:17:22.962  3503  3719 D OplusStartingWindowManager: updateRecordSurfaceViewState windowToken = android.os.BinderProxy@d63b14b, surfaceState = true, attachedToWindow = true, inList = true, win = Window{e798728 u0 com.stark.model_loading/com.stark.model_loading.ZigSDLActivity}
08-06 16:17:22.964  2481  2689 D SurfaceFlinger: updateWinowInfo=1, setFocusedWindow timestamp=22757070417984, windowName=e798728 com.stark.model_loading/com.stark.model_loading.ZigSDLActivity
08-06 16:17:22.964  3503  7714 I InputDispatcher: NFW_setFocusedWindow, e798728 com.stark.model_loading/com.stark.model_loading.ZigSDLActivity on display 0, same as the previous:0
08-06 16:17:22.965 16674 16674 V SystemSensorManagerExtImpl: RegisterListener bmi26x Accelerometer Non-wakeup type:1 delay:20000us by org.libsdl.app.SDLSurface{4510acc VFE...... .F....ID 0,0-2412,1080 alpha=1.0 viewInfo = } from com.stark.model_loading
08-06 16:17:22.965  3503  6781 D WindowManager: NFW_findFocusedWindowIfNeeded:Window{e798728 u0 com.stark.model_loading/com.stark.model_loading.ZigSDLActivity} mCurrentFocus:Window{e798728 u0 com.stark.model_loading/com.stark.model_loading.ZigSDLActivity}
08-06 16:17:22.966 16674 16847 V SDL     : Running main function SDL_main from library /data/app/~~vC2bbKdyUOj-dcyt7w_bDg==/com.stark.model_loading-tIRNlOAkwwoewnXInwemzg==/lib/arm64/libmain.so
08-06 16:17:22.966 16674 16847 I SDL/SYSTEM: App name: SDL Application
08-06 16:17:22.966  3503  7714 D WindowManager: NFW_findFocusedWindowIfNeeded:Window{e798728 u0 com.stark.model_loading/com.stark.model_loading.ZigSDLActivity} mCurrentFocus:Window{e798728 u0 com.stark.model_loading/com.stark.model_loading.ZigSDLActivity}
08-06 16:17:22.966 16674 16847 I SDL/SYSTEM: App version: <unspecified>
08-06 16:17:22.966 16674 16847 I SDL/SYSTEM: App ID: <unspecified>
08-06 16:17:22.966 16674 16847 I SDL/SYSTEM: SDL revision: 
08-06 16:17:22.972  3503 11258 D ActivityTaskManager: Requested Orientation r = ActivityRecord{d3bb7e2 u0 com.stark.model_loading/.ZigSDLActivity t1364}, requestedOrientation = SCREEN_ORIENTATION_SENSOR_LANDSCAPE (6)
08-06 16:17:22.975  3503  6287 D WindowManager: NFW_findFocusedWindowIfNeeded:Window{e798728 u0 com.stark.model_loading/com.stark.model_loading.ZigSDLActivity} mCurrentFocus:Window{e798728 u0 com.stark.model_loading/com.stark.model_loading.ZigSDLActivity}
08-06 16:17:22.988  3503  7714 D WindowManager: NFW_findFocusedWindowIfNeeded:Window{e798728 u0 com.stark.model_loading/com.stark.model_loading.ZigSDLActivity} mCurrentFocus:Window{e798728 u0 com.stark.model_loading/com.stark.model_loading.ZigSDLActivity}
08-06 16:17:22.989 16674 16847 D vulkan  : searching for layers in '/data/app/~~vC2bbKdyUOj-dcyt7w_bDg==/com.stark.model_loading-tIRNlOAkwwoewnXInwemzg==/lib/arm64'
08-06 16:17:22.989 16674 16847 D vulkan  : searching for layers in '/data/app/~~vC2bbKdyUOj-dcyt7w_bDg==/com.stark.model_loading-tIRNlOAkwwoewnXInwemzg==/base.apk!/lib/arm64-v8a'
08-06 16:17:23.002 16674 16674 I SurfaceControl:  setExtendedRangeBrightness sc=Surface(name=com.stark.model_loading/com.stark.model_loading.ZigSDLActivity)/@0xe4f8991,currentBufferRatio=1.0,desiredRatio=1.0
08-06 16:17:23.003  3503  3762 I UserAwareMgr: filter app: com.stark.model_loading
08-06 16:17:23.003  3503  3762 I UserAwareMgr: filter app: com.stark.model_loading
08-06 16:17:23.010 16674 16847 W SDL/GPU : Validation layers not found, continuing without validation
08-06 16:17:23.014  3503  3749 D Transition: collectOrderChanges onTopTasksEnd: [Task{2e1702e #1364 type=standard A=10457:com.stark.model_loading}], reportedOnTop:null, mOnTopTasksStart: [Task{2e1702e #1364 type=standard A=10457:com.stark.model_loading}], TDA child: [Task{a1883fb #2 type=undefined}, Task{6c528fa #1 type=home}, Task{2e1702e #1364 type=standard A=10457:com.stark.model_loading}]
08-06 16:17:23.014  3503  3749 D OplusFlexibleActivityTransitionManager: fixTransitType type result:6, targets: [Task{2e1702e #1364 type=standard A=10457:com.stark.model_loading}, DefaultTaskDisplayArea@106045304, OneHanded:0:14@197691319, Display{#0 state=ON size=2412x1080 ROTATION_90}]
08-06 16:17:23.015  3503  3749 D OplusTransitionController:  info: {id=573 t=CHANGE f=0x0 trk=0 r=[0@Point(0, 0)] c=[{WCT{RemoteToken{90a11cb Task{2e1702e #1364 type=standard A=10457:com.stark.model_loading}}} m=CHANGE f=NONE p=WCT{RemoteToken{3a052b3 DefaultTaskDisplayArea@106045304}} leash=Surface(name=Task=1364)/@0x3a5ffa7 sb=Rect(0, 0 - 1080, 2412) eb=Rect(0, 0 - 2412, 1080) d=0 r=0->1:0 taskParent=-1},{WCT{RemoteToken{3a052b3 DefaultTaskDisplayArea@106045304}} m=CHANGE f=NONE p=WCT{RemoteToken{aaf4b9f OneHanded:0:14@197691319}} leash=Surface(name=DefaultTaskDisplayArea)/@0xda3afe9 sb=Rect(0, 0 - 1080, 2412) eb=Rect(0, 0 - 2412, 1080) d=0 r=0->1:-1},{WCT{RemoteToken{aaf4b9f OneHanded:0:14@197691319}} m=CHANGE f=NONE p=WCT{RemoteToken{ce03df9 Display{#0 state=ON size=2412x1080 ROTATION_90}}} leash=Surface(name=OneHanded:0:14)/@0x1a7d4ec sb=Rect(0, 0 - 1080, 2412) eb=Rect(0, 0 - 2412, 1080) d=0 r=0->1:-1},{WCT{RemoteToken{ce03df9 Display{#0 state=ON size=2412x1080 ROTATION_90}}} m=CHANGE f=IS_DISPLAY leash=Surface(name=WindowedMagnification:0:64)/@0x34d2c7e sb=Rect(0, 0 - 1080, 2412) eb=Rect(0, 0 - 2412, 1080) d=0 r=0->1:3}] extendInfo=[OplusTransitionExtendedInfo{mTmpFinishT=null, mInOplusCompatMode=false, mIsProcessRunning=false, mHasMismatchBoundsTarget=false, mRecentsController=null, mIsTranslucentActivityToHome=false, mAvoidInterceptKeyEventToHome=false, mIsFromHome=false, mParentLeash=null, mIsOplusAnimRes=false, mIsFromOverlay=false, mIsBalAllow=false, mTaskNotInRecent=false, mIsLaunchFromSpruce=false, mIsLaunchFromDrive=false, mAssistScreenShowing=false, mUserIdTransition=0, mInRemoteScene=false, mInPreReady=false, mPreStart=false, mToken=null, mShellApplyToken=null, mRequestTransitionTaskId=-1, mAbortTransitionOnShell=0, mTaskIdStartFromRecents=0, mTransitionId=573, mFoldChangeType=-1, mAnimStartingPosition=[0, 0, 0, 0], mIsOpeningStkDialogActivity=false, mIsNeedApplyStartTForEmbedded=false}]}, 
08-06 16:17:23.015  3503  3749 D OplusTransitionController:  targets : [Task{2e1702e #1364 type=standard A=10457:com.stark.model_loading}, DefaultTaskDisplayArea@106045304, OneHanded:0:14@197691319, Display{#0 state=ON size=2412x1080 ROTATION_90}], 
08-06 16:17:23.015  3503  3749 D OplusTransitionController:  participants: {Task{2e1702e #1364 type=standard A=10457:com.stark.model_loading}, Display{#0 state=ON size=2412x1080 ROTATION_90}}, 
08-06 16:17:23.017  3503  3746 V WindowManager:         {WCT{RemoteToken{90a11cb Task{2e1702e #1364 type=standard A=10457:com.stark.model_loading}}} m=CHANGE f=NONE p=WCT{RemoteToken{3a052b3 DefaultTaskDisplayArea@106045304}} leash=Surface(name=Task=1364)/@0x3a5ffa7 sb=Rect(0, 0 - 1080, 2412) eb=Rect(0, 0 - 2412, 1080) d=0 r=0->1:0 taskParent=-1},
08-06 16:17:23.030  3503  3749 D WindowManager: NFW_findFocusedWindowIfNeeded:Window{e798728 u0 com.stark.model_loading/com.stark.model_loading.ZigSDLActivity} mCurrentFocus:Window{e798728 u0 com.stark.model_loading/com.stark.model_loading.ZigSDLActivity}
08-06 16:17:23.033 16674 16847 I SDL/GPU : SDL_GPU Driver: Vulkan
08-06 16:17:23.033 16674 16847 I SDL/GPU : Vulkan Device: Adreno (TM) 740
08-06 16:17:23.033 16674 16847 I SDL/GPU : Vulkan Driver: Qualcomm Technologies Inc. Adreno Vulkan Driver Driver Build: 1e9d6bfa18, Ia9449ce5a8, 1741259084
08-06 16:17:23.033 16674 16847 I SDL/GPU : Date: 03/06/25
08-06 16:17:23.033 16674 16847 I SDL/GPU : Compiler Version: E031.41.03.60
08-06 16:17:23.033 16674 16847 I SDL/GPU : Driver Branch: 
08-06 16:17:23.033 16674 16847 I SDL/GPU : Vulkan Conformance: 1.3.0
08-06 16:17:23.033 16674 16674 I DynamicFramerate [FRTCConfigManager]: FRTCConfigManager: FRTC_CAPABILITY = 120, package name = com.stark.model_loading, WINDOW_ANIMATION_SPEED_RATE = 10, SCROLL_ANIMATION_SPEED_RATE = 20, PACKAGE_ENABLE = false
08-06 16:17:23.033 16674 16674 I DynamicFramerate [DynamicFrameRateController]: init info: mPackageName = com.stark.model_loading, mIsEnabled = false
08-06 16:17:23.036 16674 16847 D BufferQueueProducer: [SurfaceView[com.stark.model_loading/com.stark.model_loading.ZigSDLActivity]#1(BLAST Consumer)1](id:412200000001,api:1,p:16674,c:16674) connect: api=1 producerControlledByApp=true
08-06 16:17:23.037 16674 16847 W SDL/GPU : Opaque presentation unsupported! Expect weird transparency bugs!
08-06 16:17:23.040  2299  2378 I gameoptHal: config is ---- packageName=com.stark.model_loading~feature_flag=null~gpa_config=null~fpsStabilizer=null~thermal_frame=null~unityGameBoost=null~cpu_config=null~gameThermalConfig=null~game_config=null
